     VMA      LMA     Size Align Out     In      Symbol
       0        0 80200000     1 . = 0x80200000
80200000 80200000      710     4 .text
80200000 80200000        e     2         /tmp/kernel-78c85e.o:(.text.boot)
80200000 80200000        0     1                 
80200000 80200000        0     1                 
80200000 80200000        0     1                 $x.1
80200000 80200000        0     1                 
80200000 80200000        e     1                 boot
8020000e 8020000e        0     1                 
8020000e 8020000e        0     1                 
80200010 80200010      4fa     4         /tmp/kernel-78c85e.o:(.text)
80200010 80200010        0     1                 
80200010 80200010        0     1                 
80200010 80200010        0     1                 $x.0
80200010 80200010        0     1                 
80200010 80200010       4c     1                 alloc_pages
80200016 80200016        0     1                 
8020001e 8020001e        0     1                 
8020001e 8020001e        0     1                 
80200022 80200022        0     1                 
80200026 80200026        0     1                 
80200026 80200026        0     1                 
8020002e 8020002e        0     1                 
80200032 80200032        0     1                 
80200036 80200036        0     1                 
8020004a 8020004a        0     1                 
8020004a 8020004a        0     1                 .LBB0_2
8020004c 8020004c        0     1                 .LBB0_3
8020004c 8020004c        0     1                 
80200052 80200052        0     1                 
80200052 80200052        0     1                 
80200058 80200058        0     1                 
80200058 80200058        0     1                 
8020005c 8020005c        0     1                 
8020005c 8020005c        0     1                 
8020005c 8020005c        0     1                 
8020005c 8020005c        0     1                 
8020005c 8020005c        0     1                 
8020005c 8020005c        6     1                 sbi_call
80200060 80200060        0     1                 
80200060 80200060        0     1                 
80200062 80200062        0     1                 
80200062 80200062        0     1                 
80200062 80200062        0     1                 
80200062 80200062       14     1                 putchar
80200074 80200074        0     1                 
80200074 80200074        0     1                 
80200078 80200078        0     1                 
80200078 80200078        0     1                 
80200078 80200078        0     1                 
80200078 80200078       90     1                 kernel_entry
80200108 80200108        0     1                 
80200108 80200108        0     1                 
80200108 80200108        0     1                 
80200108 80200108        0     1                 
80200108 80200108        0     1                 
80200108 80200108       46     1                 switch_context
8020014e 8020014e        0     1                 
8020014e 8020014e        0     1                 
8020014e 8020014e        0     1                 
8020014e 8020014e       ec     1                 create_process
80200158 80200158        0     1                 
80200158 80200158        0     1                 
8020015a 8020015a        0     1                 
8020015a 8020015a        0     1                 
80200160 80200160        0     1                 
80200162 80200162        0     1                 
80200162 80200162        0     1                 
80200170 80200170        0     1                 
80200172 80200172        0     1                 
80200172 80200172        0     1                 
80200178 80200178        0     1                 
8020017a 8020017a        0     1                 
8020017a 8020017a        0     1                 
80200188 80200188        0     1                 
8020018a 8020018a        0     1                 
8020018a 8020018a        0     1                 
80200190 80200190        0     1                 
80200192 80200192        0     1                 
80200192 80200192        0     1                 
802001a0 802001a0        0     1                 
802001a2 802001a2        0     1                 
802001a2 802001a2        0     1                 
802001a8 802001a8        0     1                 
802001ac 802001ac        0     1                 
802001ae 802001ae        0     1                 
802001ae 802001ae        0     1                 
802001b2 802001b2        0     1                 
802001c4 802001c4        0     1                 
802001c4 802001c4        0     1                 
802001c8 802001c8        0     1                 .LBB5_9
802001c8 802001c8        0     1                 
802001ca 802001ca        0     1                 .LBB5_10
802001ca 802001ca        0     1                 
802001ca 802001ca        0     1                 
802001ce 802001ce        0     1                 .LBB5_11
802001ce 802001ce        0     1                 
802001d2 802001d2        0     1                 .LBB5_12
802001d2 802001d2        0     1                 
802001d6 802001d6        0     1                 .LBB5_13
802001d6 802001d6        0     1                 
802001da 802001da        0     1                 .LBB5_14
802001da 802001da        0     1                 
802001de 802001de        0     1                 .LBB5_15
802001de 802001de        0     1                 
802001e2 802001e2        0     1                 .LBB5_16
802001e2 802001e2        0     1                 
802001e4 802001e4        0     1                 .LBB5_17
802001e4 802001e4        0     1                 
802001e4 802001e4        0     1                 
802001ea 802001ea        0     1                 
802001f0 802001f0        0     1                 
802001f0 802001f0        0     1                 
802001f4 802001f4        0     1                 
802001f8 802001f8        0     1                 
802001fc 802001fc        0     1                 
80200200 80200200        0     1                 
80200204 80200204        0     1                 
80200208 80200208        0     1                 
8020020c 8020020c        0     1                 
80200210 80200210        0     1                 
80200214 80200214        0     1                 
80200218 80200218        0     1                 
8020021c 8020021c        0     1                 
80200220 80200220        0     1                 
80200228 80200228        0     1                 
8020022a 8020022a        0     1                 
8020022a 8020022a        0     1                 
8020022c 8020022c        0     1                 
8020022e 8020022e        0     1                 
80200232 80200232        0     1                 
80200232 80200232        0     1                 
80200234 80200234        0     1                 
80200236 80200236        0     1                 
8020023a 8020023a        0     1                 
8020023a 8020023a        0     1                 
8020023a 8020023a        0     1                 
8020023a 8020023a        0     1                 
8020023a 8020023a        0     1                 
8020023a 8020023a       12     1                 handle_trap
8020023e 8020023e        0     1                 
8020023e 8020023e        0     1                 
80200242 80200242        0     1                 
80200242 80200242        0     1                 
80200246 80200246        0     1                 
80200246 80200246        0     1                 
8020024a 8020024a        0     1                 
8020024c 8020024c        0     1                 
8020024c 8020024c        0     1                 
8020024c 8020024c        0     1                 
8020024c 8020024c        0     1                 
8020024c 8020024c       10     1                 delay
80200254 80200254        0     1                 .LBB7_1
80200254 80200254        0     1                 
80200254 80200254        0     1                 
80200256 80200256        0     1                 
80200256 80200256        0     1                 
80200258 80200258        0     1                 
80200258 80200258        0     1                 
8020025a 8020025a        0     1                 
8020025a 8020025a        0     1                 
8020025c 8020025c        0     1                 
8020025c 8020025c        0     1                 
8020025c 8020025c        0     1                 
8020025c 8020025c        0     1                 
8020025c 8020025c        0     1                 
8020025c 8020025c      1c0     1                 yield
80200268 80200268        0     1                 
8020026c 8020026c        0     1                 
8020026c 8020026c        0     1                 
8020027e 8020027e        0     1                 
8020028e 8020028e        0     1                 
8020028e 8020028e        0     1                 
80200292 80200292        0     1                 
80200292 80200292        0     1                 
80200294 80200294        0     1                 
80200294 80200294        0     1                 
80200298 80200298        0     1                 
80200298 80200298        0     1                 
8020029a 8020029a        0     1                 
8020029e 8020029e        0     1                 .LBB8_2
8020029e 8020029e        0     1                 
8020029e 8020029e        0     1                 
802002a2 802002a2        0     1                 
802002b0 802002b0        0     1                 
802002b8 802002b8        0     1                 
802002bc 802002bc        0     1                 
802002c0 802002c0        0     1                 
802002ce 802002ce        0     1                 
802002ce 802002ce        0     1                 
802002d0 802002d0        0     1                 
802002d4 802002d4        0     1                 .LBB8_4
802002d4 802002d4        0     1                 
802002d4 802002d4        0     1                 
802002d8 802002d8        0     1                 
802002e8 802002e8        0     1                 
802002fa 802002fa        0     1                 
802002fe 802002fe        0     1                 
802002fe 802002fe        0     1                 
80200300 80200300        0     1                 
80200304 80200304        0     1                 .LBB8_6
80200304 80200304        0     1                 
80200304 80200304        0     1                 
80200308 80200308        0     1                 
80200316 80200316        0     1                 
8020031e 8020031e        0     1                 
80200322 80200322        0     1                 
80200326 80200326        0     1                 
80200334 80200334        0     1                 
80200334 80200334        0     1                 
80200336 80200336        0     1                 
8020033a 8020033a        0     1                 .LBB8_8
8020033a 8020033a        0     1                 
8020033a 8020033a        0     1                 
8020033e 8020033e        0     1                 
8020034e 8020034e        0     1                 
80200360 80200360        0     1                 
80200364 80200364        0     1                 
80200364 80200364        0     1                 
80200366 80200366        0     1                 
8020036a 8020036a        0     1                 .LBB8_10
8020036a 8020036a        0     1                 
8020036a 8020036a        0     1                 
8020036e 8020036e        0     1                 
8020037c 8020037c        0     1                 
80200384 80200384        0     1                 
80200388 80200388        0     1                 
8020038c 8020038c        0     1                 
8020039a 8020039a        0     1                 
8020039a 8020039a        0     1                 
8020039c 8020039c        0     1                 
802003a0 802003a0        0     1                 .LBB8_12
802003a0 802003a0        0     1                 
802003a0 802003a0        0     1                 
802003a4 802003a4        0     1                 
802003b4 802003b4        0     1                 
802003c6 802003c6        0     1                 
802003ca 802003ca        0     1                 
802003ca 802003ca        0     1                 
802003cc 802003cc        0     1                 
802003d0 802003d0        0     1                 .LBB8_14
802003d0 802003d0        0     1                 
802003d0 802003d0        0     1                 
802003d2 802003d2        0     1                 
802003de 802003de        0     1                 
802003e6 802003e6        0     1                 
802003ea 802003ea        0     1                 
802003ee 802003ee        0     1                 
802003fc 802003fc        0     1                 
802003fc 802003fc        0     1                 
802003fe 802003fe        0     1                 
80200402 80200402        0     1                 .LBB8_16
80200402 80200402        0     1                 
80200402 80200402        0     1                 
80200404 80200404        0     1                 .LBB8_17
80200404 80200404        0     1                 
80200404 80200404        0     1                 
80200408 80200408        0     1                 
80200408 80200408        0     1                 
8020040c 8020040c        0     1                 
80200410 80200410        0     1                 
80200414 80200414        0     1                 
80200418 80200418        0     1                 
8020041a 8020041a        0     1                 .LBB8_19
8020041a 8020041a        0     1                 
8020041a 8020041a        0     1                 
8020041c 8020041c        0     1                 
8020041c 8020041c        0     1                 
8020041c 8020041c        0     1                 
8020041c 8020041c        0     1                 
8020041c 8020041c        0     1                 
8020041c 8020041c       3a     1                 proc_a_entry
80200422 80200422        0     1                 
8020042c 8020042c        0     1                 
8020042c 8020042c        0     1                 
80200434 80200434        0     1                 .LBB9_1
80200434 80200434        0     1                 
80200434 80200434        0     1                 
8020044a 8020044a        0     1                 
8020044a 8020044a        0     1                 
8020044c 8020044c        0     1                 
8020044c 8020044c        0     1                 
8020044e 8020044e        0     1                 
8020044e 8020044e        0     1                 .LBB9_2
8020044e 8020044e        0     1                 
80200450 80200450        0     1                 
80200450 80200450        0     1                 
80200452 80200452        0     1                 
80200452 80200452        0     1                 
80200456 80200456        0     1                 
80200456 80200456        0     1                 
80200456 80200456        0     1                 
80200456 80200456        0     1                 
80200456 80200456        0     1                 
80200456 80200456        0     1                 
80200456 80200456       3a     1                 proc_b_entry
8020045c 8020045c        0     1                 
80200466 80200466        0     1                 
80200466 80200466        0     1                 
8020046e 8020046e        0     1                 .LBB10_1
8020046e 8020046e        0     1                 
8020046e 8020046e        0     1                 
80200484 80200484        0     1                 
80200484 80200484        0     1                 
80200486 80200486        0     1                 
80200486 80200486        0     1                 
80200488 80200488        0     1                 
80200488 80200488        0     1                 .LBB10_2
80200488 80200488        0     1                 
8020048a 8020048a        0     1                 
8020048a 8020048a        0     1                 
8020048c 8020048c        0     1                 
8020048c 8020048c        0     1                 
80200490 80200490        0     1                 
80200490 80200490        0     1                 
80200490 80200490        0     1                 
80200490 80200490        0     1                 
80200490 80200490        0     1                 
80200490 80200490        0     1                 
80200490 80200490       7a     1                 kernel_main
80200494 80200494        0     1                 
802004aa 802004aa        0     1                 
802004aa 802004aa        0     1                 
802004b2 802004b2        0     1                 
802004b6 802004b6        0     1                 
802004b6 802004b6        0     1                 
802004b8 802004b8        0     1                 
802004b8 802004b8        0     1                 
802004c0 802004c0        0     1                 
802004c4 802004c4        0     1                 
802004cc 802004cc        0     1                 
802004d6 802004d6        0     1                 
802004d6 802004d6        0     1                 
802004de 802004de        0     1                 
802004e8 802004e8        0     1                 
802004e8 802004e8        0     1                 
802004f0 802004f0        0     1                 
802004f2 802004f2        0     1                 
802004f2 802004f2        0     1                 
80200508 80200508        0     1                 
80200508 80200508        0     1                 .LBB11_1
8020050a 8020050a        0     1                 
8020050a 8020050a        0     1                 
8020050a 8020050a      206     2         /tmp/common-8f643e.o:(.text)
8020050a 8020050a        0     1                 
8020050a 8020050a        0     1                 
8020050a 8020050a        0     1                 $x.0
8020050a 8020050a        0     1                 
8020050a 8020050a       1c     1                 memcpy
8020050e 8020050e        0     1                 
8020050e 8020050e        0     1                 
80200510 80200510        0     1                 
80200510 80200510        0     1                 .LBB0_2
80200510 80200510        0     1                 
80200514 80200514        0     1                 
80200516 80200516        0     1                 
8020051a 8020051a        0     1                 
8020051a 8020051a        0     1                 
8020051e 8020051e        0     1                 
80200520 80200520        0     1                 
80200520 80200520        0     1                 
80200524 80200524        0     1                 .LBB0_3
80200524 80200524        0     1                 
80200524 80200524        0     1                 
80200526 80200526        0     1                 
80200526 80200526        0     1                 
80200526 80200526        0     1                 
80200526 80200526        0     1                 
80200526 80200526        0     1                 
80200526 80200526       16     1                 memset
8020052a 8020052a        0     1                 
8020052a 8020052a        0     1                 
8020052c 8020052c        0     1                 
8020052c 8020052c        0     1                 .LBB1_2
8020052c 8020052c        0     1                 
80200530 80200530        0     1                 
80200530 80200530        0     1                 
80200534 80200534        0     1                 
80200536 80200536        0     1                 
80200536 80200536        0     1                 
8020053a 8020053a        0     1                 .LBB1_3
8020053a 8020053a        0     1                 
8020053a 8020053a        0     1                 
8020053c 8020053c        0     1                 
8020053c 8020053c        0     1                 
8020053c 8020053c        0     1                 
8020053c 8020053c        0     1                 
8020053c 8020053c        0     1                 
8020053c 8020053c       2e     1                 strcmp
80200540 80200540        0     1                 
80200542 80200542        0     1                 
80200544 80200544        0     1                 
80200544 80200544        0     1                 .LBB2_2
80200544 80200544        0     1                 
8020054c 8020054c        0     1                 
80200550 80200550        0     1                 
80200550 80200550        0     1                 
80200554 80200554        0     1                 
80200556 80200556        0     1                 
80200558 80200558        0     1                 
8020055a 8020055a        0     1                 .LBB2_4
8020055a 8020055a        0     1                 
80200560 80200560        0     1                 .LBB2_5
80200560 80200560        0     1                 
80200560 80200560        0     1                 
80200562 80200562        0     1                 .LBB2_6
80200562 80200562        0     1                 
80200562 80200562        0     1                 
80200566 80200566        0     1                 
80200566 80200566        0     1                 
80200568 80200568        0     1                 
8020056a 8020056a        0     1                 
8020056a 8020056a        0     1                 
8020056a 8020056a        0     1                 
8020056a 8020056a        0     1                 
8020056a 8020056a        0     1                 
8020056a 8020056a      1a6     1                 printf
80200588 80200588        0     1                 
80200598 80200598        0     1                 
802005c0 802005c0        0     1                 .LBB3_1
802005c0 802005c0        0     1                 
802005c4 802005c4        0     1                 .LBB3_2
802005c4 802005c4        0     1                 
802005c6 802005c6        0     1                 .LBB3_3
802005c6 802005c6        0     1                 
802005ca 802005ca        0     1                 
802005d2 802005d2        0     1                 .LBB3_5
802005d2 802005d2        0     1                 
802005d4 802005d4        0     1                 
802005d4 802005d4        0     1                 
802005d6 802005d6        0     1                 
802005d8 802005d8        0     1                 .LBB3_6
802005d8 802005d8        0     1                 
802005dc 802005dc        0     1                 
802005de 802005de        0     1                 
802005ee 802005ee        0     1                 
802005ee 802005ee        0     1                 
802005fa 802005fa        0     1                 
802005fa 802005fa        0     1                 
802005fe 802005fe        0     1                 
802005fe 802005fe        0     1                 
80200600 80200600        0     1                 
80200606 80200606        0     1                 .LBB3_11
80200606 80200606        0     1                 
80200606 80200606        0     1                 
8020060e 8020060e        0     1                 
8020060e 8020060e        0     1                 
80200618 80200618        0     1                 
80200618 80200618        0     1                 
8020061c 8020061c        0     1                 
8020061c 8020061c        0     1                 
8020061e 8020061e        0     1                 
80200622 80200622        0     1                 
80200624 80200624        0     1                 
80200624 80200624        0     1                 
8020062a 8020062a        0     1                 
8020062a 8020062a        0     1                 
8020062c 8020062c        0     1                 
80200630 80200630        0     1                 
80200632 80200632        0     1                 
80200632 80200632        0     1                 
80200638 80200638        0     1                 
80200638 80200638        0     1                 
8020063a 8020063a        0     1                 
8020063e 8020063e        0     1                 
80200640 80200640        0     1                 
80200640 80200640        0     1                 
80200646 80200646        0     1                 
80200646 80200646        0     1                 
80200648 80200648        0     1                 
8020064c 8020064c        0     1                 
8020064e 8020064e        0     1                 
8020064e 8020064e        0     1                 
80200654 80200654        0     1                 
80200654 80200654        0     1                 
80200656 80200656        0     1                 
8020065a 8020065a        0     1                 
8020065c 8020065c        0     1                 
8020065c 8020065c        0     1                 
80200662 80200662        0     1                 
80200662 80200662        0     1                 
80200664 80200664        0     1                 
80200668 80200668        0     1                 
8020066a 8020066a        0     1                 
8020066a 8020066a        0     1                 
80200670 80200670        0     1                 
80200670 80200670        0     1                 
80200672 80200672        0     1                 
80200676 80200676        0     1                 
80200678 80200678        0     1                 
80200678 80200678        0     1                 
8020067a 8020067a        0     1                 
8020067a 8020067a        0     1                 
8020067c 8020067c        0     1                 
80200680 80200680        0     1                 
80200680 80200680        0     1                 
80200682 80200682        0     1                 
80200682 80200682        0     1                 
80200684 80200684        0     1                 
80200686 80200686        0     1                 .LBB3_14
80200686 80200686        0     1                 
80200686 80200686        0     1                 
80200690 80200690        0     1                 
80200690 80200690        0     1                 
80200694 80200694        0     1                 
8020069a 8020069a        0     1                 
8020069a 8020069a        0     1                 .LBB3_16
8020069a 8020069a        0     1                 
802006a0 802006a0        0     1                 
802006a0 802006a0        0     1                 
802006a4 802006a4        0     1                 
802006a6 802006a6        0     1                 
802006aa 802006aa        0     1                 .LBB3_17
802006aa 802006aa        0     1                 
802006aa 802006aa        0     1                 
802006b0 802006b0        0     1                 
802006b0 802006b0        0     1                 
802006b4 802006b4        0     1                 
802006b4 802006b4        0     1                 
802006b6 802006b6        0     1                 
802006ba 802006ba        0     1                 .LBB3_18
802006ba 802006ba        0     1                 
802006bc 802006bc        0     1                 
802006bc 802006bc        0     1                 .LBB3_19
802006bc 802006bc        0     1                 
802006c0 802006c0        0     1                 
802006c4 802006c4        0     1                 
802006c8 802006c8        0     1                 .LBB3_20
802006c8 802006c8        0     1                 
802006c8 802006c8        0     1                 
802006ca 802006ca        0     1                 
802006ca 802006ca        0     1                 
802006ce 802006ce        0     1                 
802006d2 802006d2        0     1                 
802006d8 802006d8        0     1                 
802006d8 802006d8        0     1                 
802006e0 802006e0        0     1                 
802006e6 802006e6        0     1                 
802006e6 802006e6        0     1                 
802006ec 802006ec        0     1                 .LBB3_21
802006ec 802006ec        0     1                 
802006ec 802006ec        0     1                 
802006f2 802006f2        0     1                 .LBB3_22
802006f2 802006f2        0     1                 
802006f2 802006f2        0     1                 
802006f6 802006f6        0     1                 
8020070c 8020070c        0     1                 
80200710 80200710        0     1                 
80200710 80200710        0     1                 
80200710 80200710       aa     4 .rodata
80200710 80200710       aa     1         <internal>:(.rodata.str1.1)
802007bc 802007bc        4     4 .sdata
802007bc 802007bc        4     4         /tmp/kernel-78c85e.o:(.sdata)
802007bc 802007bc        4     1                 alloc_pages.next_paddr
802007bc 802007bc        0     1                 $d.2
802007c0 802007c0    10070     4 .bss
802007c0 802007c0        0     1         __bss = .
802007c0 802007c0    10060     4         /tmp/kernel-78c85e.o:(.bss)
802007c0 802007c0        0     1                 $d.4
802007c0 802007c0    10060     1                 procs
80210820 80210820       10     4         /tmp/kernel-78c85e.o:(.sbss)
80210820 80210820        0     1                 $d.5
80210820 80210820        4     1                 idle_proc
80210824 80210824        4     1                 current_proc
80210828 80210828        4     1                 proc_a
8021082c 8021082c        4     1                 proc_b
80210830 80210830        0     1         __bss_end = .
80210830 80210830        0     1 . = ALIGN ( 4 )
80210830 80210830    20000     1 . += 128 * 1024
80230830 80230830        0     1 __stack_top = .
80230830 80230830      7d0     1 . = ALIGN ( 4096 )
80231000 80231000        0     1 __free_ram = .
80231000 80231000    10400     1 . += 64 * 1024 + 1024
80241400 80241400        0     1 __free_ram_end = .
       0        0      787     1 .debug_loc
       0        0      4e3     1         /tmp/kernel-78c85e.o:(.debug_loc)
       0        0        0     1                 
       0        0        0     1                 $d.6
      1b       1b        0     1                 
      36       36        0     1                 
      51       51        0     1                 
      6c       6c        0     1                 
      87       87        0     1                 
      a4       a4        0     1                 
      ca       ca        0     1                 
     1aa      1aa        0     1                 
     1d1      1d1        0     1                 
     1fb      1fb        0     1                 
     216      216        0     1                 
     231      231        0     1                 
     24c      24c        0     1                 
     267      267        0     1                 
     2a6      2a6        0     1                 
     30e      30e        0     1                 
     393      393        0     1                 
     3b9      3b9        0     1                 
     3d4      3d4        0     1                 
     3f2      3f2        0     1                 
     40f      40f        0     1                 
     44e      44e        0     1                 
     46c      46c        0     1                 
     489      489        0     1                 
     4c8      4c8        0     1                 
     4e3      4e3      2a4     1         /tmp/common-8f643e.o:(.debug_loc)
     4e3      4e3        0     1                 
     4e3      4e3        0     1                 $d.2
     4f6      4f6        0     1                 
     52a      52a        0     1                 
     53f      53f        0     1                 
     573      573        0     1                 
     588      588        0     1                 
     5be      5be        0     1                 
     5d1      5d1        0     1                 
     5ef      5ef        0     1                 
     60d      60d        0     1                 
     62b      62b        0     1                 
     66c      66c        0     1                 
     6e9      6e9        0     1                 
     6fc      6fc        0     1                 
     75c      75c        0     1                 
       0        0      3b1     1 .debug_abbrev
       0        0      289     1         /tmp/kernel-78c85e.o:(.debug_abbrev)
       0        0        0     1                 $d.7
     289      289      128     1         /tmp/common-8f643e.o:(.debug_abbrev)
     289      289        0     1                 $d.3
       0        0      cab     1 .debug_info
       0        0      9c6     1         /tmp/kernel-78c85e.o:(.debug_info)
       0        0        0     1                 $d.8
     9c6      9c6      2e5     1         /tmp/common-8f643e.o:(.debug_info)
     9c6      9c6        0     1                 $d.4
       0        0       60     1 .debug_ranges
       0        0       48     1         /tmp/kernel-78c85e.o:(.debug_ranges)
       0        0        0     1                 
       0        0        0     1                 $d.9
      18       18        0     1                 
      30       30        0     1                 
      48       48       18     1         /tmp/common-8f643e.o:(.debug_ranges)
      48       48        0     1                 
      48       48        0     1                 $d.5
       0        0      2fd     1 .debug_str
       0        0      2fd     1         <internal>:(.debug_str)
       0        0       42     1 .comment
       0        0       42     1         <internal>:(.comment)
       0        0       2b     1 .riscv.attributes
       0        0       2b     1         <internal>:(.riscv.attributes)
       0        0      180     4 .debug_frame
       0        0      10c     4         /tmp/kernel-78c85e.o:(.debug_frame)
       0        0        0     1                 
       0        0        0     1                 $d.13
     10c      10c       74     4         /tmp/common-8f643e.o:(.debug_frame)
     10c      10c        0     1                 
     10c      10c        0     1                 $d.9
       0        0      92b     1 .debug_line
       0        0      5c2     1         /tmp/kernel-78c85e.o:(.debug_line)
       0        0        0     1                 .Lline_table_start0
       0        0        0     1                 $d.14
     5c2      5c2      369     1         /tmp/common-8f643e.o:(.debug_line)
     5c2      5c2        0     1                 .Lline_table_start0
     5c2      5c2        0     1                 $d.10
       0        0     2c60     4 .symtab
       0        0     2c60     4         <internal>:(.symtab)
       0        0       a7     1 .shstrtab
       0        0       a7     1         <internal>:(.shstrtab)
       0        0      1ba     1 .strtab
       0        0      1ba     1         <internal>:(.strtab)
