     VMA      LMA     Size Align Out     In      Symbol
       0        0 80200000     1 . = 0x80200000
80200000 80200000      232     2 .text
80200000 80200000        e     2         /tmp/kernel-3a0acd.o:(.text.boot)
80200000 80200000        0     1                 .L0 
80200000 80200000        0     1                 .L0 
80200000 80200000        0     1                 $x
80200000 80200000        0     1                 .L0 
80200000 80200000        e     1                 boot
8020000e 8020000e        0     1                 .L0 
8020000e 8020000e        0     1                 .L0 
8020000e 8020000e       4a     2         /tmp/kernel-3a0acd.o:(.text)
8020000e 8020000e        0     1                 .L0 
8020000e 8020000e        0     1                 .L0 
8020000e 8020000e        0     1                 $x
8020000e 8020000e        0     1                 .L0 
8020000e 8020000e        6     1                 sbi_call
80200012 80200012        0     1                 .L0 
80200014 80200014        0     1                 .L0 
80200014 80200014        0     1                 .L0 
80200014 80200014        0     1                 .L0 
80200014 80200014       14     1                 putchar
80200026 80200026        0     1                 .L0 
80200028 80200028        0     1                 .L0 
80200028 80200028        0     1                 .L0 
80200028 80200028        0     1                 .L0 
80200028 80200028       30     1                 kernel_main
8020002c 8020002c        0     1                 .L0 
8020003e 8020003e        0     1                 .L0 
8020003e 8020003e        0     1                 .L0 
80200052 80200052        0     1                 .L0 
80200052 80200052        0     1                 .L0 
80200056 80200056        0     1                 .L0 
80200058 80200058        0     1                 .L0 
80200058 80200058        0     1                 .L0 
80200058 80200058      1da     2         /tmp/common-bdcfb9.o:(.text)
80200058 80200058        0     1                 .L0 
80200058 80200058        0     1                 .L0 
80200058 80200058        0     1                 $x
80200058 80200058        0     1                 .L0 
80200058 80200058       1c     1                 memcpy
8020005c 8020005c        0     1                 .L0 
8020006e 8020006e        0     1                 .L0 
80200072 80200072        0     1                 .L0 
80200074 80200074        0     1                 .L0 
80200074 80200074        0     1                 .L0 
80200074 80200074        0     1                 .L0 
80200074 80200074       16     1                 memset
80200078 80200078        0     1                 .L0 
80200084 80200084        0     1                 .L0 
80200088 80200088        0     1                 .L0 
8020008a 8020008a        0     1                 .L0 
8020008a 8020008a        0     1                 .L0 
8020008a 8020008a        0     1                 .L0 
8020008a 8020008a      1a8     1                 printf
802000a6 802000a6        0     1                 .L0 
802000d0 802000d0        0     1                 .L0 
802000e0 802000e0        0     1                 .L0 
802000e0 802000e0        0     1                 .L0 
802000e4 802000e4        0     1                 .L0 
802000e4 802000e4        0     1                 .L0 
802000e6 802000e6        0     1                 .L0 
802000ea 802000ea        0     1                 .L0 
802000f2 802000f2        0     1                 .L0 
802000f2 802000f2        0     1                 .L0 
802000f4 802000f4        0     1                 .L0 
802000f4 802000f4        0     1                 .L0 
802000f6 802000f6        0     1                 .L0 
802000f8 802000f8        0     1                 .L0 
802000f8 802000f8        0     1                 .L0 
802000fe 802000fe        0     1                 .L0 
8020010e 8020010e        0     1                 .L0 
8020010e 8020010e        0     1                 .L0 
8020011a 8020011a        0     1                 .L0 
8020011a 8020011a        0     1                 .L0 
8020011e 8020011e        0     1                 .L0 
8020011e 8020011e        0     1                 .L0 
80200120 80200120        0     1                 .L0 
80200126 80200126        0     1                 .L0 
80200126 80200126        0     1                 .L0 
8020012e 8020012e        0     1                 .L0 
8020012e 8020012e        0     1                 .L0 
80200138 80200138        0     1                 .L0 
80200138 80200138        0     1                 .L0 
8020013c 8020013c        0     1                 .L0 
8020013c 8020013c        0     1                 .L0 
8020013e 8020013e        0     1                 .L0 
80200142 80200142        0     1                 .L0 
80200144 80200144        0     1                 .L0 
80200144 80200144        0     1                 .L0 
8020014a 8020014a        0     1                 .L0 
8020014a 8020014a        0     1                 .L0 
8020014c 8020014c        0     1                 .L0 
80200150 80200150        0     1                 .L0 
80200152 80200152        0     1                 .L0 
80200152 80200152        0     1                 .L0 
80200158 80200158        0     1                 .L0 
80200158 80200158        0     1                 .L0 
8020015a 8020015a        0     1                 .L0 
8020015e 8020015e        0     1                 .L0 
80200160 80200160        0     1                 .L0 
80200160 80200160        0     1                 .L0 
80200166 80200166        0     1                 .L0 
80200166 80200166        0     1                 .L0 
80200168 80200168        0     1                 .L0 
8020016c 8020016c        0     1                 .L0 
8020016e 8020016e        0     1                 .L0 
8020016e 8020016e        0     1                 .L0 
80200174 80200174        0     1                 .L0 
80200174 80200174        0     1                 .L0 
80200176 80200176        0     1                 .L0 
8020017a 8020017a        0     1                 .L0 
8020017c 8020017c        0     1                 .L0 
8020017c 8020017c        0     1                 .L0 
80200182 80200182        0     1                 .L0 
80200182 80200182        0     1                 .L0 
80200184 80200184        0     1                 .L0 
80200188 80200188        0     1                 .L0 
8020018a 8020018a        0     1                 .L0 
8020018a 8020018a        0     1                 .L0 
80200190 80200190        0     1                 .L0 
80200190 80200190        0     1                 .L0 
80200192 80200192        0     1                 .L0 
80200196 80200196        0     1                 .L0 
80200198 80200198        0     1                 .L0 
80200198 80200198        0     1                 .L0 
8020019a 8020019a        0     1                 .L0 
8020019a 8020019a        0     1                 .L0 
8020019c 8020019c        0     1                 .L0 
802001a0 802001a0        0     1                 .L0 
802001a0 802001a0        0     1                 .L0 
802001a2 802001a2        0     1                 .L0 
802001a2 802001a2        0     1                 .L0 
802001a4 802001a4        0     1                 .L0 
802001a6 802001a6        0     1                 .L0 
802001a6 802001a6        0     1                 .L0 
802001a6 802001a6        0     1                 .L0 
802001b0 802001b0        0     1                 .L0 
802001b4 802001b4        0     1                 .L0 
802001ba 802001ba        0     1                 .L0 
802001ba 802001ba        0     1                 .L0 
802001ba 802001ba        0     1                 .L0 
802001c0 802001c0        0     1                 .L0 
802001c0 802001c0        0     1                 .L0 
802001c4 802001c4        0     1                 .L0 
802001c6 802001c6        0     1                 .L0 
802001ca 802001ca        0     1                 .L0 
802001ca 802001ca        0     1                 .L0 
802001ca 802001ca        0     1                 .L0 
802001d0 802001d0        0     1                 .L0 
802001d0 802001d0        0     1                 .L0 
802001d4 802001d4        0     1                 .L0 
802001d6 802001d6        0     1                 .L0 
802001da 802001da        0     1                 .L0 
802001da 802001da        0     1                 .L0 
802001da 802001da        0     1                 .L0 
802001e0 802001e0        0     1                 .L0 
802001e2 802001e2        0     1                 .L0 
802001e6 802001e6        0     1                 .L0 
802001ea 802001ea        0     1                 .L0 
802001ea 802001ea        0     1                 .L0 
802001ea 802001ea        0     1                 .L0 
802001ec 802001ec        0     1                 .L0 
802001ec 802001ec        0     1                 .L0 
802001f0 802001f0        0     1                 .L0 
802001f4 802001f4        0     1                 .L0 
802001fa 802001fa        0     1                 .L0 
802001fa 802001fa        0     1                 .L0 
80200208 80200208        0     1                 .L0 
80200208 80200208        0     1                 .L0 
8020020e 8020020e        0     1                 .L0 
8020020e 8020020e        0     1                 .L0 
8020020e 8020020e        0     1                 .L0 
80200214 80200214        0     1                 .L0 
80200214 80200214        0     1                 .L0 
80200214 80200214        0     1                 .L0 
80200218 80200218        0     1                 .L0 
8020022e 8020022e        0     1                 .L0 
80200232 80200232        0     1                 .L0 
80200232 80200232        0     1                 .L0 
80200234 80200234       33     4 .rodata
80200234 80200234       33     1         <internal>:(.rodata.str1.1)
80200268 80200268        0     4 .bss
80200268 80200268        0     1         __bss = .
80200268 80200268        0     1         __bss_end = .
80200268 80200268        0     1 . = ALIGN(4)
80200268 80200268    20000     1 . += 128 * 1024
80220268 80220268        0     1 __stack_top = .
       0        0      1bc     1 .debug_loclists
       0        0       3a     1         /tmp/kernel-3a0acd.o:(.debug_loclists)
       0        0        0     1                 $d
       c        c        0     1                 .L0 
      3a       3a      182     1         /tmp/common-bdcfb9.o:(.debug_loclists)
      3a       3a        0     1                 $d
      46       46        0     1                 .L0 
       0        0      290     1 .debug_abbrev
       0        0      161     1         /tmp/kernel-3a0acd.o:(.debug_abbrev)
       0        0        0     1                 $d
     161      161      12f     1         /tmp/common-bdcfb9.o:(.debug_abbrev)
     161      161        0     1                 $d
       0        0      439     1 .debug_info
       0        0      253     1         /tmp/kernel-3a0acd.o:(.debug_info)
       0        0        0     1                 $d
     253      253      1e6     1         /tmp/common-bdcfb9.o:(.debug_info)
     253      253        0     1                 $d
       0        0       32     1 .debug_rnglists
       0        0       17     1         /tmp/kernel-3a0acd.o:(.debug_rnglists)
       0        0        0     1                 $d
       c        c        0     1                 .L0 
      17       17       1b     1         /tmp/common-bdcfb9.o:(.debug_rnglists)
      17       17        0     1                 $d
      23       23        0     1                 .L0 
       0        0      10c     1 .debug_str_offsets
       0        0       84     1         /tmp/kernel-3a0acd.o:(.debug_str_offsets)
       0        0        0     1                 $d
       8        8        0     1                 .L0 
      84       84       88     1         /tmp/common-bdcfb9.o:(.debug_str_offsets)
      84       84        0     1                 $d
      8c       8c        0     1                 .L0 
       0        0      183     1 .debug_str
       0        0      183     1         <internal>:(.debug_str)
       0        0       84     1 .debug_addr
       0        0       2c     1         /tmp/kernel-3a0acd.o:(.debug_addr)
       0        0        0     1                 $d
       8        8        0     1                 .L0 
      2c       2c       58     1         /tmp/common-bdcfb9.o:(.debug_addr)
      2c       2c        0     1                 $d
      34       34        0     1                 .L0 
       0        0       29     1 .comment
       0        0       29     1         <internal>:(.comment)
       0        0       4e     1 .riscv.attributes
       0        0       4e     1         <internal>:(.riscv.attributes)
       0        0       d4     4 .debug_frame
       0        0       5c     4         /tmp/kernel-3a0acd.o:(.debug_frame)
       0        0        0     1                 .L0 
       0        0        0     1                 $d
      5c       5c       78     4         /tmp/common-bdcfb9.o:(.debug_frame)
      5c       5c        0     1                 .L0 
      5c       5c        0     1                 $d
       0        0      360     1 .debug_line
       0        0       cf     1         /tmp/kernel-3a0acd.o:(.debug_line)
       0        0        0     1                 .Lline_table_start0
       0        0        0     1                 $d
      cf       cf      291     1         /tmp/common-bdcfb9.o:(.debug_line)
      cf       cf        0     1                 .Lline_table_start0
      cf       cf        0     1                 $d
       0        0       51     1 .debug_line_str
       0        0       51     1         <internal>:(.debug_line_str)
       0        0      2a0     4 .symtab
       0        0      2a0     4         <internal>:(.symtab)
       0        0       d6     1 .shstrtab
       0        0       d6     1         <internal>:(.shstrtab)
       0        0       bd     1 .strtab
       0        0       bd     1         <internal>:(.strtab)
