     VMA      LMA     Size Align Out     In      Symbol
       0        0 80200000     1 . = 0x80200000
80200000 80200000      258     2 .text
80200000 80200000        e     2         /tmp/kernel-45e24a.o:(.text.boot)
80200000 80200000        0     1                 .L0 
80200000 80200000        0     1                 .L0 
80200000 80200000        0     1                 $x
80200000 80200000        0     1                 .L0 
80200000 80200000        e     1                 boot
8020000e 8020000e        0     1                 .L0 
8020000e 8020000e        0     1                 .L0 
8020000e 8020000e       4c     2         /tmp/kernel-45e24a.o:(.text)
8020000e 8020000e        0     1                 .L0 
8020000e 8020000e        0     1                 .L0 
8020000e 8020000e        0     1                 $x
8020000e 8020000e        0     1                 .L0 
8020000e 8020000e        6     1                 sbi_call
80200012 80200012        0     1                 .L0 
80200014 80200014        0     1                 .L0 
80200014 80200014        0     1                 .L0 
80200014 80200014        0     1                 .L0 
80200014 80200014       14     1                 putchar
80200026 80200026        0     1                 .L0 
80200028 80200028        0     1                 .L0 
80200028 80200028        0     1                 .L0 
80200028 80200028        0     1                 .L0 
80200028 80200028       32     1                 kernel_main
8020002c 8020002c        0     1                 .L0 
80200042 80200042        0     1                 .L0 
80200042 80200042        0     1                 .L0 
80200058 80200058        0     1                 .L0 
8020005a 8020005a        0     1                 .L0 
8020005a 8020005a        0     1                 .L0 
8020005a 8020005a      1fe     2         /tmp/common-d6f4d0.o:(.text)
8020005a 8020005a        0     1                 .L0 
8020005a 8020005a        0     1                 .L0 
8020005a 8020005a        0     1                 $x
8020005a 8020005a        0     1                 .L0 
8020005a 8020005a       1c     1                 memcpy
8020005e 8020005e        0     1                 .L0 
80200070 80200070        0     1                 .L0 
80200074 80200074        0     1                 .L0 
80200076 80200076        0     1                 .L0 
80200076 80200076        0     1                 .L0 
80200076 80200076        0     1                 .L0 
80200076 80200076       16     1                 memset
8020007a 8020007a        0     1                 .L0 
80200086 80200086        0     1                 .L0 
8020008a 8020008a        0     1                 .L0 
8020008c 8020008c        0     1                 .L0 
8020008c 8020008c        0     1                 .L0 
8020008c 8020008c        0     1                 .L0 
8020008c 8020008c       24     1                 strcmp
80200090 80200090        0     1                 .L0 
80200092 80200092        0     1                 .L0 
80200098 80200098        0     1                 .L0 
8020009c 8020009c        0     1                 .L0 
802000a2 802000a2        0     1                 .L0 
802000a6 802000a6        0     1                 .L0 
802000ae 802000ae        0     1                 .L0 
802000b0 802000b0        0     1                 .L0 
802000b0 802000b0        0     1                 .L0 
802000b0 802000b0        0     1                 .L0 
802000b0 802000b0      1a8     1                 printf
802000cc 802000cc        0     1                 .L0 
802000f6 802000f6        0     1                 .L0 
80200106 80200106        0     1                 .L0 
80200106 80200106        0     1                 .L0 
8020010a 8020010a        0     1                 .L0 
8020010a 8020010a        0     1                 .L0 
8020010c 8020010c        0     1                 .L0 
80200110 80200110        0     1                 .L0 
80200118 80200118        0     1                 .L0 
80200118 80200118        0     1                 .L0 
8020011a 8020011a        0     1                 .L0 
8020011a 8020011a        0     1                 .L0 
8020011c 8020011c        0     1                 .L0 
8020011e 8020011e        0     1                 .L0 
8020011e 8020011e        0     1                 .L0 
80200124 80200124        0     1                 .L0 
80200134 80200134        0     1                 .L0 
80200134 80200134        0     1                 .L0 
80200140 80200140        0     1                 .L0 
80200140 80200140        0     1                 .L0 
80200144 80200144        0     1                 .L0 
80200144 80200144        0     1                 .L0 
80200146 80200146        0     1                 .L0 
8020014c 8020014c        0     1                 .L0 
8020014c 8020014c        0     1                 .L0 
80200154 80200154        0     1                 .L0 
80200154 80200154        0     1                 .L0 
8020015e 8020015e        0     1                 .L0 
8020015e 8020015e        0     1                 .L0 
80200162 80200162        0     1                 .L0 
80200162 80200162        0     1                 .L0 
80200164 80200164        0     1                 .L0 
80200168 80200168        0     1                 .L0 
8020016a 8020016a        0     1                 .L0 
8020016a 8020016a        0     1                 .L0 
80200170 80200170        0     1                 .L0 
80200170 80200170        0     1                 .L0 
80200172 80200172        0     1                 .L0 
80200176 80200176        0     1                 .L0 
80200178 80200178        0     1                 .L0 
80200178 80200178        0     1                 .L0 
8020017e 8020017e        0     1                 .L0 
8020017e 8020017e        0     1                 .L0 
80200180 80200180        0     1                 .L0 
80200184 80200184        0     1                 .L0 
80200186 80200186        0     1                 .L0 
80200186 80200186        0     1                 .L0 
8020018c 8020018c        0     1                 .L0 
8020018c 8020018c        0     1                 .L0 
8020018e 8020018e        0     1                 .L0 
80200192 80200192        0     1                 .L0 
80200194 80200194        0     1                 .L0 
80200194 80200194        0     1                 .L0 
8020019a 8020019a        0     1                 .L0 
8020019a 8020019a        0     1                 .L0 
8020019c 8020019c        0     1                 .L0 
802001a0 802001a0        0     1                 .L0 
802001a2 802001a2        0     1                 .L0 
802001a2 802001a2        0     1                 .L0 
802001a8 802001a8        0     1                 .L0 
802001a8 802001a8        0     1                 .L0 
802001aa 802001aa        0     1                 .L0 
802001ae 802001ae        0     1                 .L0 
802001b0 802001b0        0     1                 .L0 
802001b0 802001b0        0     1                 .L0 
802001b6 802001b6        0     1                 .L0 
802001b6 802001b6        0     1                 .L0 
802001b8 802001b8        0     1                 .L0 
802001bc 802001bc        0     1                 .L0 
802001be 802001be        0     1                 .L0 
802001be 802001be        0     1                 .L0 
802001c0 802001c0        0     1                 .L0 
802001c0 802001c0        0     1                 .L0 
802001c2 802001c2        0     1                 .L0 
802001c6 802001c6        0     1                 .L0 
802001c6 802001c6        0     1                 .L0 
802001c8 802001c8        0     1                 .L0 
802001c8 802001c8        0     1                 .L0 
802001ca 802001ca        0     1                 .L0 
802001cc 802001cc        0     1                 .L0 
802001cc 802001cc        0     1                 .L0 
802001cc 802001cc        0     1                 .L0 
802001d6 802001d6        0     1                 .L0 
802001da 802001da        0     1                 .L0 
802001e0 802001e0        0     1                 .L0 
802001e0 802001e0        0     1                 .L0 
802001e0 802001e0        0     1                 .L0 
802001e6 802001e6        0     1                 .L0 
802001e6 802001e6        0     1                 .L0 
802001ea 802001ea        0     1                 .L0 
802001ec 802001ec        0     1                 .L0 
802001f0 802001f0        0     1                 .L0 
802001f0 802001f0        0     1                 .L0 
802001f0 802001f0        0     1                 .L0 
802001f6 802001f6        0     1                 .L0 
802001f6 802001f6        0     1                 .L0 
802001fa 802001fa        0     1                 .L0 
802001fc 802001fc        0     1                 .L0 
80200200 80200200        0     1                 .L0 
80200200 80200200        0     1                 .L0 
80200200 80200200        0     1                 .L0 
80200206 80200206        0     1                 .L0 
80200208 80200208        0     1                 .L0 
8020020c 8020020c        0     1                 .L0 
80200210 80200210        0     1                 .L0 
80200210 80200210        0     1                 .L0 
80200210 80200210        0     1                 .L0 
80200212 80200212        0     1                 .L0 
80200212 80200212        0     1                 .L0 
80200216 80200216        0     1                 .L0 
8020021a 8020021a        0     1                 .L0 
80200220 80200220        0     1                 .L0 
80200220 80200220        0     1                 .L0 
8020022e 8020022e        0     1                 .L0 
8020022e 8020022e        0     1                 .L0 
80200234 80200234        0     1                 .L0 
80200234 80200234        0     1                 .L0 
80200234 80200234        0     1                 .L0 
8020023a 8020023a        0     1                 .L0 
8020023a 8020023a        0     1                 .L0 
8020023a 8020023a        0     1                 .L0 
8020023e 8020023e        0     1                 .L0 
80200254 80200254        0     1                 .L0 
80200258 80200258        0     1                 .L0 
80200258 80200258        0     1                 .L0 
80200258 80200258       31     4 .rodata
80200258 80200258       31     1         <internal>:(.rodata.str1.1)
8020028c 8020028c        0     4 .bss
8020028c 8020028c        0     1         __bss = .
8020028c 8020028c        0     1         __bss_end = .
8020028c 8020028c        0     1 . = ALIGN(4)
8020028c 8020028c    20000     1 . += 128 * 1024
8022028c 8022028c        0     1 __stack_top = .
       0        0      1d2     1 .debug_loclists
       0        0       3a     1         /tmp/kernel-45e24a.o:(.debug_loclists)
       0        0        0     1                 $d
       c        c        0     1                 .L0 
      3a       3a      198     1         /tmp/common-d6f4d0.o:(.debug_loclists)
      3a       3a        0     1                 $d
      46       46        0     1                 .L0 
       0        0      2c0     1 .debug_abbrev
       0        0      191     1         /tmp/kernel-45e24a.o:(.debug_abbrev)
       0        0        0     1                 $d
     191      191      12f     1         /tmp/common-d6f4d0.o:(.debug_abbrev)
     191      191        0     1                 $d
       0        0      48b     1 .debug_info
       0        0      27d     1         /tmp/kernel-45e24a.o:(.debug_info)
       0        0        0     1                 $d
     27d      27d      20e     1         /tmp/common-d6f4d0.o:(.debug_info)
     27d      27d        0     1                 $d
       0        0       32     1 .debug_rnglists
       0        0       17     1         /tmp/kernel-45e24a.o:(.debug_rnglists)
       0        0        0     1                 $d
       c        c        0     1                 .L0 
      17       17       1b     1         /tmp/common-d6f4d0.o:(.debug_rnglists)
      17       17        0     1                 $d
      23       23        0     1                 .L0 
       0        0      128     1 .debug_str_offsets
       0        0       94     1         /tmp/kernel-45e24a.o:(.debug_str_offsets)
       0        0        0     1                 $d
       8        8        0     1                 .L0 
      94       94       94     1         /tmp/common-d6f4d0.o:(.debug_str_offsets)
      94       94        0     1                 $d
      9c       9c        0     1                 .L0 
       0        0      190     1 .debug_str
       0        0      190     1         <internal>:(.debug_str)
       0        0       84     1 .debug_addr
       0        0       28     1         /tmp/kernel-45e24a.o:(.debug_addr)
       0        0        0     1                 $d
       8        8        0     1                 .L0 
      28       28       5c     1         /tmp/common-d6f4d0.o:(.debug_addr)
      28       28        0     1                 $d
      30       30        0     1                 .L0 
       0        0       29     1 .comment
       0        0       29     1         <internal>:(.comment)
       0        0       4e     1 .riscv.attributes
       0        0       4e     1         <internal>:(.riscv.attributes)
       0        0       e4     4 .debug_frame
       0        0       5c     4         /tmp/kernel-45e24a.o:(.debug_frame)
       0        0        0     1                 .L0 
       0        0        0     1                 $d
      5c       5c       88     4         /tmp/common-d6f4d0.o:(.debug_frame)
      5c       5c        0     1                 .L0 
      5c       5c        0     1                 $d
       0        0      393     1 .debug_line
       0        0       c4     1         /tmp/kernel-45e24a.o:(.debug_line)
       0        0        0     1                 .Lline_table_start0
       0        0        0     1                 $d
      c4       c4      2cf     1         /tmp/common-d6f4d0.o:(.debug_line)
      c4       c4        0     1                 .Lline_table_start0
      c4       c4        0     1                 $d
       0        0       51     1 .debug_line_str
       0        0       51     1         <internal>:(.debug_line_str)
       0        0      2b0     4 .symtab
       0        0      2b0     4         <internal>:(.symtab)
       0        0       d6     1 .shstrtab
       0        0       d6     1         <internal>:(.shstrtab)
       0        0       c4     1 .strtab
       0        0       c4     1         <internal>:(.strtab)
