     VMA      LMA     Size Align Out     In      Symbol
       0        0 80200000     1 . = 0x80200000
80200000 80200000      1fe     2 .text
80200000 80200000        e     2         /tmp/kernel-14148f.o:(.text.boot)
80200000 80200000        0     1                 
80200000 80200000        0     1                 
80200000 80200000        0     1                 $x.1
80200000 80200000        0     1                 
80200000 80200000        e     1                 boot
8020000e 8020000e        0     1                 
8020000e 8020000e        0     1                 
8020000e 8020000e       4a     2         /tmp/kernel-14148f.o:(.text)
8020000e 8020000e        0     1                 
8020000e 8020000e        0     1                 
8020000e 8020000e        0     1                 $x.0
8020000e 8020000e        0     1                 
8020000e 8020000e        6     1                 sbi_call
80200012 80200012        0     1                 
80200014 80200014        0     1                 
80200014 80200014        0     1                 
80200014 80200014        0     1                 
80200014 80200014       14     1                 putchar
80200026 80200026        0     1                 
80200028 80200028        0     1                 
80200028 80200028        0     1                 
80200028 80200028        0     1                 
80200028 80200028       30     1                 kernel_main
8020002c 8020002c        0     1                 
8020003e 8020003e        0     1                 
8020003e 8020003e        0     1                 
80200052 80200052        0     1                 
80200052 80200052        0     1                 .LBB2_1
80200052 80200052        0     1                 
80200056 80200056        0     1                 
80200058 80200058        0     1                 
80200058 80200058        0     1                 
80200058 80200058      1a6     2         /tmp/common-86af66.o:(.text)
80200058 80200058        0     1                 
80200058 80200058        0     1                 
80200058 80200058        0     1                 $x.0
80200058 80200058        0     1                 
80200058 80200058      1a6     1                 printf
80200086 80200086        0     1                 
802000ae 802000ae        0     1                 .LBB0_1
802000ae 802000ae        0     1                 
802000b2 802000b2        0     1                 .LBB0_2
802000b2 802000b2        0     1                 
802000b4 802000b4        0     1                 .LBB0_3
802000b4 802000b4        0     1                 
802000b8 802000b8        0     1                 
802000c0 802000c0        0     1                 .LBB0_5
802000c0 802000c0        0     1                 
802000c2 802000c2        0     1                 
802000c2 802000c2        0     1                 
802000c4 802000c4        0     1                 
802000c6 802000c6        0     1                 .LBB0_6
802000c6 802000c6        0     1                 
802000ca 802000ca        0     1                 
802000cc 802000cc        0     1                 
802000dc 802000dc        0     1                 
802000dc 802000dc        0     1                 
802000e8 802000e8        0     1                 
802000e8 802000e8        0     1                 
802000ec 802000ec        0     1                 
802000ec 802000ec        0     1                 
802000ee 802000ee        0     1                 
802000f4 802000f4        0     1                 .LBB0_11
802000f4 802000f4        0     1                 
802000f4 802000f4        0     1                 
802000fc 802000fc        0     1                 
802000fc 802000fc        0     1                 
80200106 80200106        0     1                 
80200106 80200106        0     1                 
8020010a 8020010a        0     1                 
8020010a 8020010a        0     1                 
8020010c 8020010c        0     1                 
80200110 80200110        0     1                 
80200112 80200112        0     1                 
80200112 80200112        0     1                 
80200118 80200118        0     1                 
80200118 80200118        0     1                 
8020011a 8020011a        0     1                 
8020011e 8020011e        0     1                 
80200120 80200120        0     1                 
80200120 80200120        0     1                 
80200126 80200126        0     1                 
80200126 80200126        0     1                 
80200128 80200128        0     1                 
8020012c 8020012c        0     1                 
8020012e 8020012e        0     1                 
8020012e 8020012e        0     1                 
80200134 80200134        0     1                 
80200134 80200134        0     1                 
80200136 80200136        0     1                 
8020013a 8020013a        0     1                 
8020013c 8020013c        0     1                 
8020013c 8020013c        0     1                 
80200142 80200142        0     1                 
80200142 80200142        0     1                 
80200144 80200144        0     1                 
80200148 80200148        0     1                 
8020014a 8020014a        0     1                 
8020014a 8020014a        0     1                 
80200150 80200150        0     1                 
80200150 80200150        0     1                 
80200152 80200152        0     1                 
80200156 80200156        0     1                 
80200158 80200158        0     1                 
80200158 80200158        0     1                 
8020015e 8020015e        0     1                 
8020015e 8020015e        0     1                 
80200160 80200160        0     1                 
80200164 80200164        0     1                 
80200166 80200166        0     1                 
80200166 80200166        0     1                 
80200168 80200168        0     1                 
80200168 80200168        0     1                 
8020016a 8020016a        0     1                 
8020016e 8020016e        0     1                 
8020016e 8020016e        0     1                 
80200170 80200170        0     1                 
80200170 80200170        0     1                 
80200172 80200172        0     1                 
80200174 80200174        0     1                 .LBB0_14
80200174 80200174        0     1                 
80200174 80200174        0     1                 
8020017e 8020017e        0     1                 
8020017e 8020017e        0     1                 
80200182 80200182        0     1                 
80200188 80200188        0     1                 
80200188 80200188        0     1                 .LBB0_16
80200188 80200188        0     1                 
8020018e 8020018e        0     1                 
8020018e 8020018e        0     1                 
80200192 80200192        0     1                 
80200194 80200194        0     1                 
80200198 80200198        0     1                 .LBB0_17
80200198 80200198        0     1                 
80200198 80200198        0     1                 
8020019e 8020019e        0     1                 
8020019e 8020019e        0     1                 
802001a2 802001a2        0     1                 
802001a2 802001a2        0     1                 
802001a4 802001a4        0     1                 
802001a8 802001a8        0     1                 .LBB0_18
802001a8 802001a8        0     1                 
802001aa 802001aa        0     1                 
802001aa 802001aa        0     1                 .LBB0_19
802001aa 802001aa        0     1                 
802001ae 802001ae        0     1                 
802001b2 802001b2        0     1                 
802001b6 802001b6        0     1                 .LBB0_20
802001b6 802001b6        0     1                 
802001b6 802001b6        0     1                 
802001b8 802001b8        0     1                 
802001b8 802001b8        0     1                 
802001bc 802001bc        0     1                 
802001c0 802001c0        0     1                 
802001c6 802001c6        0     1                 
802001c6 802001c6        0     1                 
802001ce 802001ce        0     1                 
802001d4 802001d4        0     1                 
802001d4 802001d4        0     1                 
802001da 802001da        0     1                 .LBB0_21
802001da 802001da        0     1                 
802001da 802001da        0     1                 
802001e0 802001e0        0     1                 .LBB0_22
802001e0 802001e0        0     1                 
802001e0 802001e0        0     1                 
802001e4 802001e4        0     1                 
802001fa 802001fa        0     1                 
802001fe 802001fe        0     1                 
802001fe 802001fe        0     1                 
80200200 80200200       33     4 .rodata
80200200 80200200       33     1         <internal>:(.rodata.str1.1)
80200234 80200234        0     4 .bss
80200234 80200234        0     1         __bss = .
80200234 80200234        0     1         __bss_end = .
80200234 80200234        0     1 . = ALIGN ( 4 )
80200234 80200234    20000     1 . += 128 * 1024
80220234 80220234        0     1 __stack_top = .
       0        0      224     1 .debug_loc
       0        0       6e     1         /tmp/kernel-14148f.o:(.debug_loc)
       0        0        0     1                 
       0        0        0     1                 $d.3
      1b       1b        0     1                 
      36       36        0     1                 
      51       51        0     1                 
      6e       6e      1b6     1         /tmp/common-86af66.o:(.debug_loc)
      6e       6e        0     1                 
      6e       6e        0     1                 $d.2
      8c       8c        0     1                 
      aa       aa        0     1                 
      c8       c8        0     1                 
     109      109        0     1                 
     186      186        0     1                 
     199      199        0     1                 
     1f9      1f9        0     1                 
       0        0      249     1 .debug_abbrev
       0        0      15c     1         /tmp/kernel-14148f.o:(.debug_abbrev)
       0        0        0     1                 $d.4
     15c      15c       ed     1         /tmp/common-86af66.o:(.debug_abbrev)
     15c      15c        0     1                 $d.3
       0        0      491     1 .debug_info
       0        0      2cd     1         /tmp/kernel-14148f.o:(.debug_info)
       0        0        0     1                 $d.5
     2cd      2cd      1c4     1         /tmp/common-86af66.o:(.debug_info)
     2cd      2cd        0     1                 $d.4
       0        0       30     1 .debug_ranges
       0        0       18     1         /tmp/kernel-14148f.o:(.debug_ranges)
       0        0        0     1                 
       0        0        0     1                 $d.6
      18       18       18     1         /tmp/common-86af66.o:(.debug_ranges)
      18       18        0     1                 
      18       18        0     1                 $d.5
       0        0      136     1 .debug_str
       0        0      136     1         <internal>:(.debug_str)
       0        0       42     1 .comment
       0        0       42     1         <internal>:(.comment)
       0        0       2b     1 .riscv.attributes
       0        0       2b     1         <internal>:(.riscv.attributes)
       0        0       a0     4 .debug_frame
       0        0       5c     4         /tmp/kernel-14148f.o:(.debug_frame)
       0        0        0     1                 
       0        0        0     1                 $d.10
      5c       5c       44     4         /tmp/common-86af66.o:(.debug_frame)
      5c       5c        0     1                 
      5c       5c        0     1                 $d.9
       0        0      30f     1 .debug_line
       0        0       aa     1         /tmp/kernel-14148f.o:(.debug_line)
       0        0        0     1                 .Lline_table_start0
       0        0        0     1                 $d.11
      aa       aa      265     1         /tmp/common-86af66.o:(.debug_line)
      aa       aa        0     1                 .Lline_table_start0
      aa       aa        0     1                 $d.10
       0        0      f40     4 .symtab
       0        0      f40     4         <internal>:(.symtab)
       0        0       a0     1 .shstrtab
       0        0       a0     1         <internal>:(.shstrtab)
       0        0       ce     1 .strtab
       0        0       ce     1         <internal>:(.strtab)
