     VMA      LMA     Size Align Out     In      Symbol
       0        0 80200000     1 . = 0x80200000
80200000 80200000     9cb4     4 .text
80200000 80200000        0     1         __text_start = .
80200000 80200000        e     2         /tmp/boot-501e6c.o:(.text.boot)
80200000 80200000        0     1                 .L0 
80200000 80200000        0     1                 .L0 
80200000 80200000        0     1                 $x
80200000 80200000        0     1                 .L0 
80200000 80200000        e     1                 boot
8020000e 8020000e        0     1                 .L0 
8020000e 8020000e        0     1                 .L0 
8020000e 8020000e        0     2         /tmp/boot-501e6c.o:(.text)
8020000e 8020000e       46     2         /tmp/context-27478f.o:(.text)
8020000e 8020000e        0     1                 .L0 
8020000e 8020000e        0     1                 .L0 
8020000e 8020000e        0     1                 $x
8020000e 8020000e        0     1                 .L0 
8020000e 8020000e       46     1                 switch_context
80200054 80200054       98     4         /tmp/trap_entry-be5274.o:(.text)
80200054 80200054        0     1                 .L0 
80200054 80200054        0     1                 .L0 
80200054 80200054        0     1                 $x
80200054 80200054        0     1                 .L0 
80200054 80200054       98     1                 kernel_entry
802000ec 802000ec        0     1                 .L0 
802000ec 802000ec        0     1                 .L0 
802000ec 802000ec      2e8     2         /tmp/virtio_blk-602866.o:(.text)
802000ec 802000ec        0     1                 .L0 
802000ec 802000ec        0     1                 .L0 
802000ec 802000ec        0     1                 $x
802000ec 802000ec        0     1                 .L0 
802000ec 802000ec      206     1                 blk_init
802000f4 802000f4        0     1                 .L0 
802000f8 802000f8        0     1                 .L0 
802000f8 802000f8        0     1                 .L0 
802000fa 802000fa        0     1                 .L0 
802000fc 802000fc        0     1                 .L0 
802000fe 802000fe        0     1                 .L0 
80200106 80200106        0     1                 .L0 
8020010a 8020010a        0     1                 .L0 
8020010c 8020010c        0     1                 .L0 
8020010e 8020010e        0     1                 .L0 
8020010e 8020010e        0     1                 .L0 
80200112 80200112        0     1                 .L0 
80200114 80200114        0     1                 .L0 
80200118 80200118        0     1                 .L0 
80200118 80200118        0     1                 .L0 
8020011e 8020011e        0     1                 .L0 
80200120 80200120        0     1                 .L0 
80200122 80200122        0     1                 .L0 
80200126 80200126        0     1                 .L0 
80200128 80200128        0     1                 .L0 
8020012a 8020012a        0     1                 .L0 
8020012e 8020012e        0     1                 .L0 
80200130 80200130        0     1                 .L0 
80200134 80200134        0     1                 .L0 
80200134 80200134        0     1                 .L0 
8020013c 8020013c        0     1                 .L0 
80200146 80200146        0     1                 .L0 
8020014a 8020014a        0     1                 .L0 
8020014c 8020014c        0     1                 .L0 
8020014e 8020014e        0     1                 .L0 
8020014e 8020014e        0     1                 .L0 
80200152 80200152        0     1                 .L0 
80200154 80200154        0     1                 .L0 
80200158 80200158        0     1                 .L0 
80200158 80200158        0     1                 .L0 
8020015e 8020015e        0     1                 .L0 
80200160 80200160        0     1                 .L0 
80200162 80200162        0     1                 .L0 
80200166 80200166        0     1                 .L0 
80200168 80200168        0     1                 .L0 
8020016a 8020016a        0     1                 .L0 
8020016e 8020016e        0     1                 .L0 
80200170 80200170        0     1                 .L0 
80200174 80200174        0     1                 .L0 
80200174 80200174        0     1                 .L0 
8020017c 8020017c        0     1                 .L0 
80200186 80200186        0     1                 .L0 
8020018a 8020018a        0     1                 .L0 
8020018c 8020018c        0     1                 .L0 
8020018e 8020018e        0     1                 .L0 
8020018e 8020018e        0     1                 .L0 
80200192 80200192        0     1                 .L0 
80200194 80200194        0     1                 .L0 
80200198 80200198        0     1                 .L0 
80200198 80200198        0     1                 .L0 
8020019e 8020019e        0     1                 .L0 
802001a0 802001a0        0     1                 .L0 
802001a2 802001a2        0     1                 .L0 
802001a6 802001a6        0     1                 .L0 
802001a8 802001a8        0     1                 .L0 
802001aa 802001aa        0     1                 .L0 
802001ae 802001ae        0     1                 .L0 
802001b0 802001b0        0     1                 .L0 
802001b4 802001b4        0     1                 .L0 
802001b4 802001b4        0     1                 .L0 
802001bc 802001bc        0     1                 .L0 
802001be 802001be        0     1                 .L0 
802001c6 802001c6        0     1                 .L0 
802001ca 802001ca        0     1                 .L0 
802001cc 802001cc        0     1                 .L0 
802001ce 802001ce        0     1                 .L0 
802001ce 802001ce        0     1                 .L0 
802001d2 802001d2        0     1                 .L0 
802001d4 802001d4        0     1                 .L0 
802001d8 802001d8        0     1                 .L0 
802001d8 802001d8        0     1                 .L0 
802001de 802001de        0     1                 .L0 
802001e0 802001e0        0     1                 .L0 
802001e2 802001e2        0     1                 .L0 
802001e4 802001e4        0     1                 .L0 
802001e8 802001e8        0     1                 .L0 
802001ea 802001ea        0     1                 .L0 
802001ec 802001ec        0     1                 .L0 
802001f0 802001f0        0     1                 .L0 
802001f2 802001f2        0     1                 .L0 
802001f6 802001f6        0     1                 .L0 
802001f6 802001f6        0     1                 .L0 
802001fe 802001fe        0     1                 .L0 
802001fe 802001fe        0     1                 .L0 
80200202 80200202        0     1                 .L0 
80200202 80200202        0     1                 .L0 
80200208 80200208        0     1                 .L0 
8020020a 8020020a        0     1                 .L0 
8020020a 8020020a        0     1                 .L0 
80200210 80200210        0     1                 .L0 
80200212 80200212        0     1                 .L0 
80200212 80200212        0     1                 .L0 
80200216 80200216        0     1                 .L0 
8020021a 8020021a        0     1                 .L0 
8020021a 8020021a        0     1                 .L0 
8020021e 8020021e        0     1                 .L0 
80200222 80200222        0     1                 .L0 
80200222 80200222        0     1                 .L0 
80200226 80200226        0     1                 .L0 
80200228 80200228        0     1                 .L0 
80200228 80200228        0     1                 .L0 
8020022c 8020022c        0     1                 .L0 
80200230 80200230        0     1                 .L0 
80200230 80200230        0     1                 .L0 
80200236 80200236        0     1                 .L0 
80200238 80200238        0     1                 .L0 
80200238 80200238        0     1                 .L0 
8020023c 8020023c        0     1                 .L0 
8020023e 8020023e        0     1                 .L0 
80200244 80200244        0     1                 .L0 
80200246 80200246        0     1                 .L0 
80200246 80200246        0     1                 .L0 
8020024a 8020024a        0     1                 .L0 
8020024a 8020024a        0     1                 .L0 
8020024e 8020024e        0     1                 .L0 
80200252 80200252        0     1                 .L0 
80200252 80200252        0     1                 .L0 
80200258 80200258        0     1                 .L0 
80200262 80200262        0     1                 .L0 
80200262 80200262        0     1                 .L0 
80200262 80200262        0     1                 .L0 
80200264 80200264        0     1                 .L0 
8020027c 8020027c        0     1                 .L0 
8020027c 8020027c        0     1                 .L0 
8020028a 8020028a        0     1                 .L0 
8020028a 8020028a        0     1                 .L0 
8020029a 8020029a        0     1                 .L0 
8020029a 8020029a        0     1                 .L0 
8020029c 8020029c        0     1                 .L0 
8020029c 8020029c        0     1                 .L0 
802002a0 802002a0        0     1                 .L0 
802002a4 802002a4        0     1                 .L0 
802002a4 802002a4        0     1                 .L0 
802002a8 802002a8        0     1                 .L0 
802002ac 802002ac        0     1                 .L0 
802002ac 802002ac        0     1                 .L0 
802002b0 802002b0        0     1                 .L0 
802002b4 802002b4        0     1                 .L0 
802002b4 802002b4        0     1                 .L0 
802002b8 802002b8        0     1                 .L0 
802002bc 802002bc        0     1                 .L0 
802002bc 802002bc        0     1                 .L0 
802002c0 802002c0        0     1                 .L0 
802002c4 802002c4        0     1                 .L0 
802002c4 802002c4        0     1                 .L0 
802002c8 802002c8        0     1                 .L0 
802002cc 802002cc        0     1                 .L0 
802002cc 802002cc        0     1                 .L0 
802002d2 802002d2        0     1                 .L0 
802002d4 802002d4        0     1                 .L0 
802002d4 802002d4        0     1                 .L0 
802002da 802002da        0     1                 .L0 
802002dc 802002dc        0     1                 .L0 
802002dc 802002dc        0     1                 .L0 
802002e0 802002e0        0     1                 .L0 
802002e8 802002e8        0     1                 .L0 
802002ee 802002ee        0     1                 .L0 
802002f0 802002f0        0     1                 .L0 
802002f0 802002f0        0     1                 .L0 
802002f2 802002f2        0     1                 .L0 
802002f2 802002f2        0     1                 .L0 
802002f2 802002f2        0     1                 .L0 
802002f2 802002f2        0     1                 .L0 
802002f2 802002f2        0     1                 .L0 
802002f2 802002f2       e2     1                 blk_read
802002f4 802002f4        0     1                 .L0 
802002f6 802002f6        0     1                 .L0 
80200300 80200300        0     1                 .L0 
80200302 80200302        0     1                 .L0 
80200320 80200320        0     1                 .L0 
80200328 80200328        0     1                 .L0 
8020032e 8020032e        0     1                 .L0 
80200332 80200332        0     1                 .L0 
80200336 80200336        0     1                 .L0 
80200336 80200336        0     1                 .L0 
8020033e 8020033e        0     1                 .L0 
80200342 80200342        0     1                 .L0 
80200346 80200346        0     1                 .L0 
8020034a 8020034a        0     1                 .L0 
8020034a 8020034a        0     1                 .L0 
80200350 80200350        0     1                 .L0 
80200354 80200354        0     1                 .L0 
8020035a 8020035a        0     1                 .L0 
80200362 80200362        0     1                 .L0 
80200366 80200366        0     1                 .L0 
8020036a 8020036a        0     1                 .L0 
8020036c 8020036c        0     1                 .L0 
8020036e 8020036e        0     1                 .L0 
80200370 80200370        0     1                 .L0 
80200374 80200374        0     1                 .L0 
80200378 80200378        0     1                 .L0 
80200382 80200382        0     1                 .L0 
80200386 80200386        0     1                 .L0 
80200386 80200386        0     1                 .L0 
8020038a 8020038a        0     1                 .L0 
8020038e 8020038e        0     1                 .L0 
8020038e 8020038e        0     1                 .L0 
8020039e 8020039e        0     1                 .L0 
8020039e 8020039e        0     1                 .L0 
8020039e 8020039e        0     1                 .L0 
802003a2 802003a2        0     1                 .L0 
802003a6 802003a6        0     1                 .L0 
802003a6 802003a6        0     1                 .L0 
802003a8 802003a8        0     1                 .L0 
802003aa 802003aa        0     1                 .L0 
802003ac 802003ac        0     1                 .L0 
802003ae 802003ae        0     1                 .L0 
802003ae 802003ae        0     1                 .L0 
802003b6 802003b6        0     1                 .L0 
802003ba 802003ba        0     1                 .L0 
802003ba 802003ba        0     1                 .L0 
802003be 802003be        0     1                 .L0 
802003be 802003be        0     1                 .L0 
802003c2 802003c2        0     1                 .L0 
802003c2 802003c2        0     1                 .L0 
802003c4 802003c4        0     1                 .L0 
802003c4 802003c4        0     1                 .L0 
802003c6 802003c6        0     1                 .L0 
802003ca 802003ca        0     1                 .L0 
802003d0 802003d0        0     1                 .L0 
802003d0 802003d0        0     1                 .L0 
802003d4 802003d4        0     1                 .L0 
802003d4 802003d4        0     1                 .L0 
802003d4 802003d4      904     2         /tmp/virtio_gpu-8a46ff.o:(.text)
802003d4 802003d4        0     1                 .L0 
802003d4 802003d4        0     1                 .L0 
802003d4 802003d4        0     1                 $x
802003d4 802003d4        0     1                 .L0 
802003d4 802003d4      5ec     1                 virtio_gpu_init
802003de 802003de        0     1                 .L0 
802003e0 802003e0        0     1                 .L0 
802003e6 802003e6        0     1                 .L0 
80200416 80200416        0     1                 .L0 
80200416 80200416        0     1                 .L0 
8020041a 8020041a        0     1                 .L0 
8020043a 8020043a        0     1                 .L0 
8020043a 8020043a        0     1                 .L0 
8020043c 8020043c        0     1                 .L0 
8020043e 8020043e        0     1                 .L0 
80200440 80200440        0     1                 .L0 
80200440 80200440        0     1                 .L0 
80200444 80200444        0     1                 .L0 
80200448 80200448        0     1                 .L0 
8020044c 8020044c        0     1                 .L0 
8020044c 8020044c        0     1                 .L0 
80200450 80200450        0     1                 .L0 
80200452 80200452        0     1                 .L0 
8020045a 8020045a        0     1                 .L0 
8020045e 8020045e        0     1                 .L0 
80200462 80200462        0     1                 .L0 
80200466 80200466        0     1                 .L0 
80200466 80200466        0     1                 .L0 
8020046a 8020046a        0     1                 .L0 
8020046a 8020046a        0     1                 .L0 
80200470 80200470        0     1                 .L0 
80200474 80200474        0     1                 .L0 
80200474 80200474        0     1                 .L0 
8020047a 8020047a        0     1                 .L0 
8020047c 8020047c        0     1                 .L0 
8020047c 8020047c        0     1                 .L0 
80200480 80200480        0     1                 .L0 
80200484 80200484        0     1                 .L0 
80200484 80200484        0     1                 .L0 
80200488 80200488        0     1                 .L0 
8020048c 8020048c        0     1                 .L0 
8020048c 8020048c        0     1                 .L0 
80200490 80200490        0     1                 .L0 
80200494 80200494        0     1                 .L0 
80200494 80200494        0     1                 .L0 
8020049a 8020049a        0     1                 .L0 
8020049c 8020049c        0     1                 .L0 
8020049c 8020049c        0     1                 .L0 
802004a0 802004a0        0     1                 .L0 
802004a4 802004a4        0     1                 .L0 
802004a4 802004a4        0     1                 .L0 
802004a8 802004a8        0     1                 .L0 
802004ac 802004ac        0     1                 .L0 
802004ac 802004ac        0     1                 .L0 
802004b0 802004b0        0     1                 .L0 
802004b0 802004b0        0     1                 .L0 
802004b2 802004b2        0     1                 .L0 
802004b8 802004b8        0     1                 .L0 
802004ba 802004ba        0     1                 .L0 
802004ba 802004ba        0     1                 .L0 
802004c6 802004c6        0     1                 .L0 
802004c8 802004c8        0     1                 .L0 
802004c8 802004c8        0     1                 .L0 
802004ca 802004ca        0     1                 .L0 
802004ca 802004ca        0     1                 .L0 
802004cc 802004cc        0     1                 .L0 
802004e0 802004e0        0     1                 .L0 
802004e0 802004e0        0     1                 .L0 
802004ee 802004ee        0     1                 .L0 
802004ee 802004ee        0     1                 .L0 
802004fe 802004fe        0     1                 .L0 
802004fe 802004fe        0     1                 .L0 
80200502 80200502        0     1                 .L0 
80200502 80200502        0     1                 .L0 
80200506 80200506        0     1                 .L0 
80200506 80200506        0     1                 .L0 
8020050a 8020050a        0     1                 .L0 
8020050a 8020050a        0     1                 .L0 
8020050e 8020050e        0     1                 .L0 
80200512 80200512        0     1                 .L0 
80200512 80200512        0     1                 .L0 
80200516 80200516        0     1                 .L0 
8020051a 8020051a        0     1                 .L0 
8020051a 8020051a        0     1                 .L0 
8020051e 8020051e        0     1                 .L0 
80200522 80200522        0     1                 .L0 
80200522 80200522        0     1                 .L0 
80200526 80200526        0     1                 .L0 
8020052a 8020052a        0     1                 .L0 
8020052a 8020052a        0     1                 .L0 
8020052e 8020052e        0     1                 .L0 
80200532 80200532        0     1                 .L0 
80200532 80200532        0     1                 .L0 
80200536 80200536        0     1                 .L0 
8020053a 8020053a        0     1                 .L0 
8020053a 8020053a        0     1                 .L0 
80200540 80200540        0     1                 .L0 
80200542 80200542        0     1                 .L0 
80200542 80200542        0     1                 .L0 
80200548 80200548        0     1                 .L0 
80200558 80200558        0     1                 .L0 
80200558 80200558        0     1                 .L0 
8020055c 8020055c        0     1                 .L0 
8020055c 8020055c        0     1                 .L0 
80200568 80200568        0     1                 .L0 
80200568 80200568        0     1                 .L0 
80200570 80200570        0     1                 .L0 
80200570 80200570        0     1                 .L0 
80200574 80200574        0     1                 .L0 
80200574 80200574        0     1                 .L0 
80200576 80200576        0     1                 .L0 
80200576 80200576        0     1                 .L0 
8020058c 8020058c        0     1                 .L0 
80200590 80200590        0     1                 .L0 
80200598 80200598        0     1                 .L0 
802005a0 802005a0        0     1                 .L0 
802005a4 802005a4        0     1                 .L0 
802005a8 802005a8        0     1                 .L0 
802005aa 802005aa        0     1                 .L0 
802005ac 802005ac        0     1                 .L0 
802005ac 802005ac        0     1                 .L0 
802005ae 802005ae        0     1                 .L0 
802005b2 802005b2        0     1                 .L0 
802005b6 802005b6        0     1                 .L0 
802005c0 802005c0        0     1                 .L0 
802005c4 802005c4        0     1                 .L0 
802005c4 802005c4        0     1                 .L0 
802005c8 802005c8        0     1                 .L0 
802005cc 802005cc        0     1                 .L0 
802005cc 802005cc        0     1                 .L0 
802005e0 802005e0        0     1                 .L0 
802005e0 802005e0        0     1                 .L0 
802005e4 802005e4        0     1                 .L0 
802005e8 802005e8        0     1                 .L0 
802005e8 802005e8        0     1                 .L0 
802005ea 802005ea        0     1                 .L0 
802005ee 802005ee        0     1                 .L0 
802005ee 802005ee        0     1                 .L0 
802005f2 802005f2        0     1                 .L0 
802005f4 802005f4        0     1                 .L0 
802005f8 802005f8        0     1                 .L0 
802005fa 802005fa        0     1                 .L0 
802005fc 802005fc        0     1                 .L0 
802005fc 802005fc        0     1                 .L0 
802005fe 802005fe        0     1                 .L0 
802005fe 802005fe        0     1                 .L0 
8020060c 8020060c        0     1                 .L0 
8020060c 8020060c        0     1                 .L0 
80200610 80200610        0     1                 .L0 
80200610 80200610        0     1                 .L0 
80200612 80200612        0     1                 .L0 
80200612 80200612        0     1                 .L0 
80200616 80200616        0     1                 .L0 
80200616 80200616        0     1                 .L0 
80200618 80200618        0     1                 .L0 
8020061a 8020061a        0     1                 .L0 
8020061c 8020061c        0     1                 .L0 
8020061c 8020061c        0     1                 .L0 
8020061e 8020061e        0     1                 .L0 
80200620 80200620        0     1                 .L0 
80200624 80200624        0     1                 .L0 
80200626 80200626        0     1                 .L0 
8020062a 8020062a        0     1                 .L0 
8020062e 8020062e        0     1                 .L0 
8020062e 8020062e        0     1                 .L0 
8020062e 8020062e        0     1                 .L0 
8020063a 8020063a        0     1                 .L0 
8020063a 8020063a        0     1                 .L0 
80200642 80200642        0     1                 .L0 
80200672 80200672        0     1                 .L0 
80200676 80200676        0     1                 .L0 
80200678 80200678        0     1                 .L0 
8020067c 8020067c        0     1                 .L0 
8020067c 8020067c        0     1                 .L0 
80200688 80200688        0     1                 .L0 
8020068a 8020068a        0     1                 .L0 
8020068e 8020068e        0     1                 .L0 
80200690 80200690        0     1                 .L0 
80200690 80200690        0     1                 .L0 
80200690 80200690        0     1                 .L0 
80200694 80200694        0     1                 .L0 
80200698 80200698        0     1                 .L0 
80200698 80200698        0     1                 .L0 
8020069a 8020069a        0     1                 .L0 
8020069a 8020069a        0     1                 .L0 
8020069e 8020069e        0     1                 .L0 
8020069e 8020069e        0     1                 .L0 
8020069e 8020069e        0     1                 .L0 
802006a2 802006a2        0     1                 .L0 
802006a8 802006a8        0     1                 .L0 
802006b0 802006b0        0     1                 .L0 
802006b4 802006b4        0     1                 .L0 
802006b8 802006b8        0     1                 .L0 
802006bc 802006bc        0     1                 .L0 
802006bc 802006bc        0     1                 .L0 
802006c0 802006c0        0     1                 .L0 
802006c0 802006c0        0     1                 .L0 
802006d0 802006d0        0     1                 .L0 
802006d0 802006d0        0     1                 .L0 
802006d4 802006d4        0     1                 .L0 
802006e0 802006e0        0     1                 .L0 
802006e0 802006e0        0     1                 .L0 
802006e4 802006e4        0     1                 .L0 
802006e4 802006e4        0     1                 .L0 
802006e8 802006e8        0     1                 .L0 
802006e8 802006e8        0     1                 .L0 
802006fc 802006fc        0     1                 .L0 
802006fc 802006fc        0     1                 .L0 
80200700 80200700        0     1                 .L0 
80200704 80200704        0     1                 .L0 
8020070c 8020070c        0     1                 .L0 
80200710 80200710        0     1                 .L0 
8020071a 8020071a        0     1                 .L0 
80200722 80200722        0     1                 .L0 
80200726 80200726        0     1                 .L0 
8020072a 8020072a        0     1                 .L0 
8020072c 8020072c        0     1                 .L0 
8020072e 8020072e        0     1                 .L0 
8020072e 8020072e        0     1                 .L0 
80200730 80200730        0     1                 .L0 
80200734 80200734        0     1                 .L0 
80200738 80200738        0     1                 .L0 
80200742 80200742        0     1                 .L0 
80200746 80200746        0     1                 .L0 
80200746 80200746        0     1                 .L0 
8020074a 8020074a        0     1                 .L0 
8020074e 8020074e        0     1                 .L0 
8020074e 8020074e        0     1                 .L0 
80200756 80200756        0     1                 .L0 
8020075e 8020075e        0     1                 .L0 
8020075e 8020075e        0     1                 .L0 
80200762 80200762        0     1                 .L0 
80200766 80200766        0     1                 .L0 
80200766 80200766        0     1                 .L0 
80200768 80200768        0     1                 .L0 
8020076c 8020076c        0     1                 .L0 
8020076c 8020076c        0     1                 .L0 
8020076c 8020076c        0     1                 .L0 
80200770 80200770        0     1                 .L0 
80200772 80200772        0     1                 .L0 
80200772 80200772        0     1                 .L0 
80200776 80200776        0     1                 .L0 
8020077a 8020077a        0     1                 .L0 
8020077e 8020077e        0     1                 .L0 
8020077e 8020077e        0     1                 .L0 
80200782 80200782        0     1                 .L0 
80200786 80200786        0     1                 .L0 
80200786 80200786        0     1                 .L0 
8020078a 8020078a        0     1                 .L0 
8020078c 8020078c        0     1                 .L0 
80200790 80200790        0     1                 .L0 
80200792 80200792        0     1                 .L0 
80200794 80200794        0     1                 .L0 
80200794 80200794        0     1                 .L0 
80200798 80200798        0     1                 .L0 
80200798 80200798        0     1                 .L0 
8020079c 8020079c        0     1                 .L0 
8020079c 8020079c        0     1                 .L0 
802007a0 802007a0        0     1                 .L0 
802007a4 802007a4        0     1                 .L0 
802007a4 802007a4        0     1                 .L0 
802007a8 802007a8        0     1                 .L0 
802007a8 802007a8        0     1                 .L0 
802007ac 802007ac        0     1                 .L0 
802007ac 802007ac        0     1                 .L0 
802007bc 802007bc        0     1                 .L0 
802007bc 802007bc        0     1                 .L0 
802007c0 802007c0        0     1                 .L0 
802007cc 802007cc        0     1                 .L0 
802007cc 802007cc        0     1                 .L0 
802007d2 802007d2        0     1                 .L0 
802007da 802007da        0     1                 .L0 
802007da 802007da        0     1                 .L0 
802007de 802007de        0     1                 .L0 
802007de 802007de        0     1                 .L0 
802007f6 802007f6        0     1                 .L0 
802007f6 802007f6        0     1                 .L0 
802007fa 802007fa        0     1                 .L0 
80200802 80200802        0     1                 .L0 
80200810 80200810        0     1                 .L0 
80200814 80200814        0     1                 .L0 
8020081c 8020081c        0     1                 .L0 
80200824 80200824        0     1                 .L0 
80200828 80200828        0     1                 .L0 
8020082c 8020082c        0     1                 .L0 
8020082e 8020082e        0     1                 .L0 
80200830 80200830        0     1                 .L0 
80200830 80200830        0     1                 .L0 
80200832 80200832        0     1                 .L0 
80200836 80200836        0     1                 .L0 
8020083a 8020083a        0     1                 .L0 
80200844 80200844        0     1                 .L0 
80200848 80200848        0     1                 .L0 
80200848 80200848        0     1                 .L0 
8020084c 8020084c        0     1                 .L0 
80200850 80200850        0     1                 .L0 
80200850 80200850        0     1                 .L0 
8020085c 8020085c        0     1                 .L0 
8020085c 8020085c        0     1                 .L0 
80200860 80200860        0     1                 .L0 
80200864 80200864        0     1                 .L0 
80200864 80200864        0     1                 .L0 
80200866 80200866        0     1                 .L0 
8020086a 8020086a        0     1                 .L0 
8020086a 8020086a        0     1                 .L0 
8020086a 8020086a        0     1                 .L0 
80200876 80200876        0     1                 .L0 
80200878 80200878        0     1                 .L0 
80200878 80200878        0     1                 .L0 
80200878 80200878        0     1                 .L0 
8020087c 8020087c        0     1                 .L0 
8020087e 8020087e        0     1                 .L0 
80200882 80200882        0     1                 .L0 
80200884 80200884        0     1                 .L0 
80200886 80200886        0     1                 .L0 
80200886 80200886        0     1                 .L0 
8020088a 8020088a        0     1                 .L0 
8020088a 8020088a        0     1                 .L0 
80200896 80200896        0     1                 .L0 
80200896 80200896        0     1                 .L0 
8020089a 8020089a        0     1                 .L0 
8020089a 8020089a        0     1                 .L0 
802008a2 802008a2        0     1                 .L0 
802008a6 802008a6        0     1                 .L0 
802008a6 802008a6        0     1                 .L0 
802008aa 802008aa        0     1                 .L0 
802008aa 802008aa        0     1                 .L0 
802008ba 802008ba        0     1                 .L0 
802008ba 802008ba        0     1                 .L0 
802008be 802008be        0     1                 .L0 
802008ca 802008ca        0     1                 .L0 
802008ca 802008ca        0     1                 .L0 
802008ce 802008ce        0     1                 .L0 
802008ce 802008ce        0     1                 .L0 
802008d2 802008d2        0     1                 .L0 
802008d2 802008d2        0     1                 .L0 
802008f0 802008f0        0     1                 .L0 
802008f0 802008f0        0     1                 .L0 
802008f2 802008f2        0     1                 .L0 
80200908 80200908        0     1                 .L0 
8020090c 8020090c        0     1                 .L0 
80200914 80200914        0     1                 .L0 
8020091c 8020091c        0     1                 .L0 
80200920 80200920        0     1                 .L0 
80200924 80200924        0     1                 .L0 
80200926 80200926        0     1                 .L0 
80200928 80200928        0     1                 .L0 
80200928 80200928        0     1                 .L0 
8020092a 8020092a        0     1                 .L0 
8020092e 8020092e        0     1                 .L0 
80200932 80200932        0     1                 .L0 
8020093c 8020093c        0     1                 .L0 
80200940 80200940        0     1                 .L0 
80200940 80200940        0     1                 .L0 
80200944 80200944        0     1                 .L0 
80200948 80200948        0     1                 .L0 
80200948 80200948        0     1                 .L0 
80200954 80200954        0     1                 .L0 
80200954 80200954        0     1                 .L0 
80200958 80200958        0     1                 .L0 
8020095c 8020095c        0     1                 .L0 
8020095c 8020095c        0     1                 .L0 
8020095e 8020095e        0     1                 .L0 
80200962 80200962        0     1                 .L0 
80200962 80200962        0     1                 .L0 
80200962 80200962        0     1                 .L0 
80200966 80200966        0     1                 .L0 
80200966 80200966        0     1                 .L0 
80200972 80200972        0     1                 .L0 
80200974 80200974        0     1                 .L0 
80200974 80200974        0     1                 .L0 
80200974 80200974        0     1                 .L0 
80200978 80200978        0     1                 .L0 
8020097a 8020097a        0     1                 .L0 
8020097e 8020097e        0     1                 .L0 
80200980 80200980        0     1                 .L0 
80200982 80200982        0     1                 .L0 
80200982 80200982        0     1                 .L0 
80200986 80200986        0     1                 .L0 
80200986 80200986        0     1                 .L0 
80200992 80200992        0     1                 .L0 
80200992 80200992        0     1                 .L0 
80200996 80200996        0     1                 .L0 
80200996 80200996        0     1                 .L0 
802009a6 802009a6        0     1                 .L0 
802009a6 802009a6        0     1                 .L0 
802009a8 802009a8        0     1                 .L0 
802009a8 802009a8        0     1                 .L0 
802009ae 802009ae        0     1                 .L0 
802009ae 802009ae        0     1                 .L0 
802009b2 802009b2        0     1                 .L0 
802009b2 802009b2        0     1                 .L0 
802009be 802009be        0     1                 .L0 
802009c0 802009c0       de     1                 vg_cmd_resource_unref
802009c0 802009c0        0     1                 .L0 
802009c0 802009c0        0     1                 .L0 
802009c0 802009c0        0     1                 .L0 
802009c0 802009c0        0     1                 .L0 
802009c0 802009c0        0     1                 .L0 
802009ce 802009ce        0     1                 .L0 
802009d0 802009d0        0     1                 .L0 
802009d4 802009d4        0     1                 .L0 
802009e4 802009e4        0     1                 .L0 
802009e4 802009e4        0     1                 .L0 
802009e6 802009e6        0     1                 .L0 
802009f2 802009f2        0     1                 .L0 
802009f2 802009f2        0     1                 .L0 
802009fe 802009fe        0     1                 .L0 
802009fe 802009fe        0     1                 .L0 
80200a02 80200a02        0     1                 .L0 
80200a02 80200a02        0     1                 .L0 
80200a04 80200a04        0     1                 .L0 
80200a0e 80200a0e        0     1                 .L0 
80200a16 80200a16        0     1                 .L0 
80200a1a 80200a1a        0     1                 .L0 
80200a22 80200a22        0     1                 .L0 
80200a2a 80200a2a        0     1                 .L0 
80200a2e 80200a2e        0     1                 .L0 
80200a32 80200a32        0     1                 .L0 
80200a34 80200a34        0     1                 .L0 
80200a36 80200a36        0     1                 .L0 
80200a36 80200a36        0     1                 .L0 
80200a38 80200a38        0     1                 .L0 
80200a3c 80200a3c        0     1                 .L0 
80200a40 80200a40        0     1                 .L0 
80200a4a 80200a4a        0     1                 .L0 
80200a4e 80200a4e        0     1                 .L0 
80200a4e 80200a4e        0     1                 .L0 
80200a52 80200a52        0     1                 .L0 
80200a56 80200a56        0     1                 .L0 
80200a56 80200a56        0     1                 .L0 
80200a6a 80200a6a        0     1                 .L0 
80200a6a 80200a6a        0     1                 .L0 
80200a6e 80200a6e        0     1                 .L0 
80200a72 80200a72        0     1                 .L0 
80200a72 80200a72        0     1                 .L0 
80200a74 80200a74        0     1                 .L0 
80200a78 80200a78        0     1                 .L0 
80200a78 80200a78        0     1                 .L0 
80200a7c 80200a7c        0     1                 .L0 
80200a7e 80200a7e        0     1                 .L0 
80200a82 80200a82        0     1                 .L0 
80200a84 80200a84        0     1                 .L0 
80200a8e 80200a8e        0     1                 .L0 
80200a8e 80200a8e        0     1                 .L0 
80200a8e 80200a8e        0     1                 .L0 
80200a92 80200a92        0     1                 .L0 
80200a9a 80200a9a        0     1                 .L0 
80200a9e 80200a9e        0     1                 .L0 
80200a9e 80200a9e        0     1                 .L0 
80200a9e 80200a9e        0     1                 .L0 
80200a9e 80200a9e        0     1                 .L0 
80200a9e 80200a9e        0     1                 .L0 
80200a9e 80200a9e      1f0     1                 virtio_gpu_present
80200ab4 80200ab4        0     1                 .L0 
80200ab4 80200ab4        0     1                 .L0 
80200abc 80200abc        0     1                 .L0 
80200ac0 80200ac0        0     1                 .L0 
80200ac8 80200ac8        0     1                 .L0 
80200aca 80200aca        0     1                 .L0 
80200ace 80200ace        0     1                 .L0 
80200ace 80200ace        0     1                 .L0 
80200ad2 80200ad2        0     1                 .L0 
80200ad2 80200ad2        0     1                 .L0 
80200ae2 80200ae2        0     1                 .L0 
80200ae2 80200ae2        0     1                 .L0 
80200ae6 80200ae6        0     1                 .L0 
80200af2 80200af2        0     1                 .L0 
80200af2 80200af2        0     1                 .L0 
80200af6 80200af6        0     1                 .L0 
80200af6 80200af6        0     1                 .L0 
80200afa 80200afa        0     1                 .L0 
80200afa 80200afa        0     1                 .L0 
80200b0a 80200b0a        0     1                 .L0 
80200b0a 80200b0a        0     1                 .L0 
80200b0e 80200b0e        0     1                 .L0 
80200b24 80200b24        0     1                 .L0 
80200b28 80200b28        0     1                 .L0 
80200b30 80200b30        0     1                 .L0 
80200b38 80200b38        0     1                 .L0 
80200b3c 80200b3c        0     1                 .L0 
80200b40 80200b40        0     1                 .L0 
80200b42 80200b42        0     1                 .L0 
80200b44 80200b44        0     1                 .L0 
80200b44 80200b44        0     1                 .L0 
80200b46 80200b46        0     1                 .L0 
80200b4a 80200b4a        0     1                 .L0 
80200b4e 80200b4e        0     1                 .L0 
80200b58 80200b58        0     1                 .L0 
80200b5c 80200b5c        0     1                 .L0 
80200b5c 80200b5c        0     1                 .L0 
80200b60 80200b60        0     1                 .L0 
80200b64 80200b64        0     1                 .L0 
80200b64 80200b64        0     1                 .L0 
80200b78 80200b78        0     1                 .L0 
80200b78 80200b78        0     1                 .L0 
80200b7c 80200b7c        0     1                 .L0 
80200b80 80200b80        0     1                 .L0 
80200b80 80200b80        0     1                 .L0 
80200b82 80200b82        0     1                 .L0 
80200b86 80200b86        0     1                 .L0 
80200b86 80200b86        0     1                 .L0 
80200b8a 80200b8a        0     1                 .L0 
80200b8c 80200b8c        0     1                 .L0 
80200b90 80200b90        0     1                 .L0 
80200b92 80200b92        0     1                 .L0 
80200b94 80200b94        0     1                 .L0 
80200b94 80200b94        0     1                 .L0 
80200b96 80200b96        0     1                 .L0 
80200b96 80200b96        0     1                 .L0 
80200b9a 80200b9a        0     1                 .L0 
80200b9a 80200b9a        0     1                 .L0 
80200b9e 80200b9e        0     1                 .L0 
80200ba2 80200ba2        0     1                 .L0 
80200ba2 80200ba2        0     1                 .L0 
80200ba6 80200ba6        0     1                 .L0 
80200ba6 80200ba6        0     1                 .L0 
80200bae 80200bae        0     1                 .L0 
80200bb2 80200bb2        0     1                 .L0 
80200bb6 80200bb6        0     1                 .L0 
80200bba 80200bba        0     1                 .L0 
80200bba 80200bba        0     1                 .L0 
80200bca 80200bca        0     1                 .L0 
80200bca 80200bca        0     1                 .L0 
80200bce 80200bce        0     1                 .L0 
80200bda 80200bda        0     1                 .L0 
80200bda 80200bda        0     1                 .L0 
80200bde 80200bde        0     1                 .L0 
80200bde 80200bde        0     1                 .L0 
80200be2 80200be2        0     1                 .L0 
80200be2 80200be2        0     1                 .L0 
80200bee 80200bee        0     1                 .L0 
80200bee 80200bee        0     1                 .L0 
80200bf0 80200bf0        0     1                 .L0 
80200c06 80200c06        0     1                 .L0 
80200c0a 80200c0a        0     1                 .L0 
80200c12 80200c12        0     1                 .L0 
80200c1a 80200c1a        0     1                 .L0 
80200c1e 80200c1e        0     1                 .L0 
80200c22 80200c22        0     1                 .L0 
80200c24 80200c24        0     1                 .L0 
80200c26 80200c26        0     1                 .L0 
80200c26 80200c26        0     1                 .L0 
80200c28 80200c28        0     1                 .L0 
80200c2c 80200c2c        0     1                 .L0 
80200c30 80200c30        0     1                 .L0 
80200c3a 80200c3a        0     1                 .L0 
80200c3e 80200c3e        0     1                 .L0 
80200c3e 80200c3e        0     1                 .L0 
80200c42 80200c42        0     1                 .L0 
80200c46 80200c46        0     1                 .L0 
80200c46 80200c46        0     1                 .L0 
80200c52 80200c52        0     1                 .L0 
80200c52 80200c52        0     1                 .L0 
80200c56 80200c56        0     1                 .L0 
80200c5a 80200c5a        0     1                 .L0 
80200c5a 80200c5a        0     1                 .L0 
80200c5c 80200c5c        0     1                 .L0 
80200c60 80200c60        0     1                 .L0 
80200c60 80200c60        0     1                 .L0 
80200c64 80200c64        0     1                 .L0 
80200c66 80200c66        0     1                 .L0 
80200c6a 80200c6a        0     1                 .L0 
80200c6c 80200c6c        0     1                 .L0 
80200c76 80200c76        0     1                 .L0 
80200c76 80200c76        0     1                 .L0 
80200c76 80200c76        0     1                 .L0 
80200c8a 80200c8a        0     1                 .L0 
80200c8e 80200c8e        0     1                 .L0 
80200c8e 80200c8e        0     1                 .L0 
80200c8e 80200c8e        0     1                 .L0 
80200c8e 80200c8e        0     1                 .L0 
80200c8e 80200c8e        0     1                 .L0 
80200c8e 80200c8e        a     1                 virtio_gpu_is_ready
80200c96 80200c96        0     1                 .L0 
80200c98 80200c98        0     1                 .L0 
80200c98 80200c98        0     1                 .L0 
80200c98 80200c98        0     1                 .L0 
80200c98 80200c98        0     1                 .L0 
80200c98 80200c98        0     1                 .L0 
80200c98 80200c98        a     1                 virtio_gpu_last_error
80200ca0 80200ca0        0     1                 .L0 
80200ca2 80200ca2        0     1                 .L0 
80200ca2 80200ca2        0     1                 .L0 
80200ca2 80200ca2        0     1                 .L0 
80200ca2 80200ca2        0     1                 .L0 
80200ca2 80200ca2        0     1                 .L0 
80200ca2 80200ca2        a     1                 virtio_gpu_width
80200caa 80200caa        0     1                 .L0 
80200cac 80200cac        0     1                 .L0 
80200cac 80200cac        0     1                 .L0 
80200cac 80200cac        0     1                 .L0 
80200cac 80200cac        0     1                 .L0 
80200cac 80200cac        0     1                 .L0 
80200cac 80200cac        a     1                 virtio_gpu_height
80200cb4 80200cb4        0     1                 .L0 
80200cb6 80200cb6        0     1                 .L0 
80200cb6 80200cb6        0     1                 .L0 
80200cb6 80200cb6        0     1                 .L0 
80200cb6 80200cb6        0     1                 .L0 
80200cb6 80200cb6        0     1                 .L0 
80200cb6 80200cb6        a     1                 virtio_gpu_pitch
80200cbe 80200cbe        0     1                 .L0 
80200cc0 80200cc0        0     1                 .L0 
80200cc0 80200cc0        0     1                 .L0 
80200cc0 80200cc0        0     1                 .L0 
80200cc0 80200cc0        0     1                 .L0 
80200cc0 80200cc0        0     1                 .L0 
80200cc0 80200cc0       18     1                 virtio_gpu_backbuffer
80200cc8 80200cc8        0     1                 .L0 
80200cd6 80200cd6        0     1                 .L0 
80200cd8 80200cd8        0     1                 .L0 
80200cd8 80200cd8        0     1                 .L0 
80200cd8 80200cd8      67c     2         /tmp/virtio_input-9a1c31.o:(.text)
80200cd8 80200cd8        0     1                 .L0 
80200cd8 80200cd8        0     1                 .L0 
80200cd8 80200cd8        0     1                 $x
80200cd8 80200cd8        0     1                 .L0 
80200cd8 80200cd8      5ac     1                 virtio_input_init
80200cf4 80200cf4        0     1                 .L0 
80200cfc 80200cfc        0     1                 .L0 
80200d10 80200d10        0     1                 .L0 
80200d10 80200d10        0     1                 .L0 
80200d1e 80200d1e        0     1                 .L0 
80200d1e 80200d1e        0     1                 .L0 
80200d22 80200d22        0     1                 .L0 
80200d26 80200d26        0     1                 .L0 
80200d2a 80200d2a        0     1                 .L0 
80200d2e 80200d2e        0     1                 .L0 
80200d2e 80200d2e        0     1                 .L0 
80200d60 80200d60        0     1                 .L0 
80200d60 80200d60        0     1                 .L0 
80200d62 80200d62        0     1                 .L0 
80200d66 80200d66        0     1                 .L0 
80200d66 80200d66        0     1                 .L0 
80200d6e 80200d6e        0     1                 .L0 
80200d70 80200d70        0     1                 .L0 
80200d74 80200d74        0     1                 .L0 
80200d76 80200d76        0     1                 .L0 
80200d78 80200d78        0     1                 .L0 
80200d78 80200d78        0     1                 .L0 
80200d7c 80200d7c        0     1                 .L0 
80200d7c 80200d7c        0     1                 .L0 
80200d7e 80200d7e        0     1                 .L0 
80200d7e 80200d7e        0     1                 .L0 
80200d86 80200d86        0     1                 .L0 
80200d88 80200d88        0     1                 .L0 
80200d88 80200d88        0     1                 .L0 
80200d8e 80200d8e        0     1                 .L0 
80200d92 80200d92        0     1                 .L0 
80200d92 80200d92        0     1                 .L0 
80200d96 80200d96        0     1                 .L0 
80200d9a 80200d9a        0     1                 .L0 
80200d9e 80200d9e        0     1                 .L0 
80200d9e 80200d9e        0     1                 .L0 
80200da4 80200da4        0     1                 .L0 
80200da8 80200da8        0     1                 .L0 
80200db2 80200db2        0     1                 .L0 
80200db6 80200db6        0     1                 .L0 
80200dba 80200dba        0     1                 .L0 
80200dbe 80200dbe        0     1                 .L0 
80200dc2 80200dc2        0     1                 .L0 
80200dc4 80200dc4        0     1                 .L0 
80200dcc 80200dcc        0     1                 .L0 
80200dd4 80200dd4        0     1                 .L0 
80200dd4 80200dd4        0     1                 .L0 
80200ddc 80200ddc        0     1                 .L0 
80200de4 80200de4        0     1                 .L0 
80200df2 80200df2        0     1                 .L0 
80200df2 80200df2        0     1                 .L0 
80200df6 80200df6        0     1                 .L0 
80200df6 80200df6        0     1                 .L0 
80200dfc 80200dfc        0     1                 .L0 
80200dfc 80200dfc        0     1                 .L0 
80200e08 80200e08        0     1                 .L0 
80200e0c 80200e0c        0     1                 .L0 
80200e0c 80200e0c        0     1                 .L0 
80200e12 80200e12        0     1                 .L0 
80200e12 80200e12        0     1                 .L0 
80200e1e 80200e1e        0     1                 .L0 
80200e22 80200e22        0     1                 .L0 
80200e22 80200e22        0     1                 .L0 
80200e28 80200e28        0     1                 .L0 
80200e28 80200e28        0     1                 .L0 
80200e34 80200e34        0     1                 .L0 
80200e34 80200e34        0     1                 .L0 
80200e3c 80200e3c        0     1                 .L0 
80200e3c 80200e3c        0     1                 .L0 
80200e42 80200e42        0     1                 .L0 
80200e42 80200e42        0     1                 .L0 
80200e4e 80200e4e        0     1                 .L0 
80200e52 80200e52        0     1                 .L0 
80200e54 80200e54        0     1                 .L0 
80200e54 80200e54        0     1                 .L0 
80200e58 80200e58        0     1                 .L0 
80200e64 80200e64        0     1                 .L0 
80200e64 80200e64        0     1                 .L0 
80200e68 80200e68        0     1                 .L0 
80200e68 80200e68        0     1                 .L0 
80200e6c 80200e6c        0     1                 .L0 
80200e6c 80200e6c        0     1                 .L0 
80200e74 80200e74        0     1                 .L0 
80200e74 80200e74        0     1                 .L0 
80200e8e 80200e8e        0     1                 .L0 
80200e8e 80200e8e        0     1                 .L0 
80200e9a 80200e9a        0     1                 .L0 
80200e9a 80200e9a        0     1                 .L0 
80200e9c 80200e9c        0     1                 .L0 
80200ea0 80200ea0        0     1                 .L0 
80200ea0 80200ea0        0     1                 .L0 
80200ea6 80200ea6        0     1                 .L0 
80200ea6 80200ea6        0     1                 .L0 
80200eb2 80200eb2        0     1                 .L0 
80200eb6 80200eb6        0     1                 .L0 
80200eb6 80200eb6        0     1                 .L0 
80200ebc 80200ebc        0     1                 .L0 
80200ebc 80200ebc        0     1                 .L0 
80200ec8 80200ec8        0     1                 .L0 
80200ecc 80200ecc        0     1                 .L0 
80200ecc 80200ecc        0     1                 .L0 
80200ed2 80200ed2        0     1                 .L0 
80200ed2 80200ed2        0     1                 .L0 
80200ede 80200ede        0     1                 .L0 
80200ede 80200ede        0     1                 .L0 
80200ee6 80200ee6        0     1                 .L0 
80200ee6 80200ee6        0     1                 .L0 
80200eec 80200eec        0     1                 .L0 
80200eec 80200eec        0     1                 .L0 
80200ef8 80200ef8        0     1                 .L0 
80200efc 80200efc        0     1                 .L0 
80200efc 80200efc        0     1                 .L0 
80200f02 80200f02        0     1                 .L0 
80200f02 80200f02        0     1                 .L0 
80200f0e 80200f0e        0     1                 .L0 
80200f12 80200f12        0     1                 .L0 
80200f14 80200f14        0     1                 .L0 
80200f14 80200f14        0     1                 .L0 
80200f18 80200f18        0     1                 .L0 
80200f24 80200f24        0     1                 .L0 
80200f24 80200f24        0     1                 .L0 
80200f28 80200f28        0     1                 .L0 
80200f28 80200f28        0     1                 .L0 
80200f2c 80200f2c        0     1                 .L0 
80200f2c 80200f2c        0     1                 .L0 
80200f34 80200f34        0     1                 .L0 
80200f34 80200f34        0     1                 .L0 
80200f58 80200f58        0     1                 .L0 
80200f58 80200f58        0     1                 .L0 
80200f68 80200f68        0     1                 .L0 
80200f68 80200f68        0     1                 .L0 
80200f6c 80200f6c        0     1                 .L0 
80200f6c 80200f6c        0     1                 .L0 
80200f74 80200f74        0     1                 .L0 
80200f74 80200f74        0     1                 .L0 
80200f82 80200f82        0     1                 .L0 
80200f86 80200f86        0     1                 .L0 
80200f86 80200f86        0     1                 .L0 
80200f8c 80200f8c        0     1                 .L0 
80200f8c 80200f8c        0     1                 .L0 
80200f98 80200f98        0     1                 .L0 
80200f9c 80200f9c        0     1                 .L0 
80200f9c 80200f9c        0     1                 .L0 
80200fa2 80200fa2        0     1                 .L0 
80200fa2 80200fa2        0     1                 .L0 
80200fae 80200fae        0     1                 .L0 
80200fb2 80200fb2        0     1                 .L0 
80200fb2 80200fb2        0     1                 .L0 
80200fb8 80200fb8        0     1                 .L0 
80200fb8 80200fb8        0     1                 .L0 
80200fc4 80200fc4        0     1                 .L0 
80200fc8 80200fc8        0     1                 .L0 
80200fc8 80200fc8        0     1                 .L0 
80200fce 80200fce        0     1                 .L0 
80200fce 80200fce        0     1                 .L0 
80200fda 80200fda        0     1                 .L0 
80200fde 80200fde        0     1                 .L0 
80200fde 80200fde        0     1                 .L0 
80200fe4 80200fe4        0     1                 .L0 
80200fe4 80200fe4        0     1                 .L0 
80200ff0 80200ff0        0     1                 .L0 
80200ff0 80200ff0        0     1                 .L0 
80200ff8 80200ff8        0     1                 .L0 
80200ff8 80200ff8        0     1                 .L0 
80200ffe 80200ffe        0     1                 .L0 
80200ffe 80200ffe        0     1                 .L0 
8020100a 8020100a        0     1                 .L0 
8020100a 8020100a        0     1                 .L0 
80201012 80201012        0     1                 .L0 
80201012 80201012        0     1                 .L0 
80201016 80201016        0     1                 .L0 
8020101a 8020101a        0     1                 .L0 
8020101a 8020101a        0     1                 .L0 
80201028 80201028        0     1                 .L0 
80201028 80201028        0     1                 .L0 
8020102c 8020102c        0     1                 .L0 
8020102c 8020102c        0     1                 .L0 
80201036 80201036        0     1                 .L0 
80201036 80201036        0     1                 .L0 
80201056 80201056        0     1                 .L0 
80201056 80201056        0     1                 .L0 
8020105a 8020105a        0     1                 .L0 
8020106c 8020106c        0     1                 .L0 
8020106e 8020106e        0     1                 .L0 
8020106e 8020106e        0     1                 .L0 
80201072 80201072        0     1                 .L0 
80201074 80201074        0     1                 .L0 
8020107a 8020107a        0     1                 .L0 
8020107a 8020107a        0     1                 .L0 
80201080 80201080        0     1                 .L0 
80201080 80201080        0     1                 .L0 
80201082 80201082        0     1                 .L0 
80201084 80201084        0     1                 .L0 
8020108a 8020108a        0     1                 .L0 
80201090 80201090        0     1                 .L0 
80201090 80201090        0     1                 .L0 
80201092 80201092        0     1                 .L0 
8020109a 8020109a        0     1                 .L0 
8020109a 8020109a        0     1                 .L0 
8020109c 8020109c        0     1                 .L0 
802010aa 802010aa        0     1                 .L0 
802010aa 802010aa        0     1                 .L0 
802010ac 802010ac        0     1                 .L0 
802010b2 802010b2        0     1                 .L0 
802010b2 802010b2        0     1                 .L0 
802010b4 802010b4        0     1                 .L0 
802010b6 802010b6        0     1                 .L0 
802010ce 802010ce        0     1                 .L0 
802010d4 802010d4        0     1                 .L0 
802010d4 802010d4        0     1                 .L0 
802010e2 802010e2        0     1                 .L0 
802010fe 802010fe        0     1                 .L0 
802010fe 802010fe        0     1                 .L0 
802010fe 802010fe        0     1                 .L0 
80201102 80201102        0     1                 .L0 
80201104 80201104        0     1                 .L0 
80201108 80201108        0     1                 .L0 
8020110c 8020110c        0     1                 .L0 
8020110c 8020110c        0     1                 .L0 
80201116 80201116        0     1                 .L0 
8020111a 8020111a        0     1                 .L0 
8020111e 8020111e        0     1                 .L0 
80201122 80201122        0     1                 .L0 
80201126 80201126        0     1                 .L0 
8020112a 8020112a        0     1                 .L0 
8020112e 8020112e        0     1                 .L0 
80201132 80201132        0     1                 .L0 
80201136 80201136        0     1                 .L0 
80201136 80201136        0     1                 .L0 
8020113e 8020113e        0     1                 .L0 
8020113e 8020113e        0     1                 .L0 
80201142 80201142        0     1                 .L0 
80201150 80201150        0     1                 .L0 
8020115c 8020115c        0     1                 .L0 
8020115c 8020115c        0     1                 .L0 
80201176 80201176        0     1                 .L0 
80201182 80201182        0     1                 .L0 
80201182 80201182        0     1                 .L0 
80201194 80201194        0     1                 .L0 
802011a0 802011a0        0     1                 .L0 
802011a0 802011a0        0     1                 .L0 
802011ae 802011ae        0     1                 .L0 
802011ba 802011ba        0     1                 .L0 
802011ba 802011ba        0     1                 .L0 
802011bc 802011bc        0     1                 .L0 
802011c0 802011c0        0     1                 .L0 
802011c4 802011c4        0     1                 .L0 
802011d4 802011d4        0     1                 .L0 
802011e6 802011e6        0     1                 .L0 
802011ea 802011ea        0     1                 .L0 
802011f0 802011f0        0     1                 .L0 
802011f2 802011f2        0     1                 .L0 
802011f6 802011f6        0     1                 .L0 
802011f6 802011f6        0     1                 .L0 
802011fa 802011fa        0     1                 .L0 
802011fa 802011fa        0     1                 .L0 
802011fe 802011fe        0     1                 .L0 
802011fe 802011fe        0     1                 .L0 
80201202 80201202        0     1                 .L0 
80201202 80201202        0     1                 .L0 
80201206 80201206        0     1                 .L0 
80201206 80201206        0     1                 .L0 
8020120c 8020120c        0     1                 .L0 
8020120c 8020120c        0     1                 .L0 
80201210 80201210        0     1                 .L0 
80201210 80201210        0     1                 .L0 
80201216 80201216        0     1                 .L0 
80201216 80201216        0     1                 .L0 
8020121a 8020121a        0     1                 .L0 
8020121a 8020121a        0     1                 .L0 
8020121e 8020121e        0     1                 .L0 
8020121e 8020121e        0     1                 .L0 
80201220 80201220        0     1                 .L0 
80201226 80201226        0     1                 .L0 
80201228 80201228        0     1                 .L0 
8020122c 8020122c        0     1                 .L0 
8020122c 8020122c        0     1                 .L0 
80201230 80201230        0     1                 .L0 
80201234 80201234        0     1                 .L0 
80201234 80201234        0     1                 .L0 
80201236 80201236        0     1                 .L0 
80201238 80201238        0     1                 .L0 
8020123c 8020123c        0     1                 .L0 
8020123c 8020123c        0     1                 .L0 
8020124c 8020124c        0     1                 .L0 
80201250 80201250        0     1                 .L0 
80201256 80201256        0     1                 .L0 
80201256 80201256        0     1                 .L0 
80201256 80201256        0     1                 .L0 
8020125e 8020125e        0     1                 .L0 
8020125e 8020125e        0     1                 .L0 
8020125e 8020125e        0     1                 .L0 
80201266 80201266        0     1                 .L0 
80201272 80201272        0     1                 .L0 
80201280 80201280        0     1                 .L0 
80201284 80201284        0     1                 .L0 
80201284 80201284        0     1                 .L0 
80201284 80201284        0     1                 .L0 
80201284 80201284        0     1                 .L0 
80201284 80201284        0     1                 .L0 
80201284 80201284       d0     1                 virtio_input_next_event
80201286 80201286        0     1                 .L0 
80201288 80201288        0     1                 .L0 
80201290 80201290        0     1                 .L0 
80201294 80201294        0     1                 .L0 
802012ae 802012ae        0     1                 .L0 
802012ae 802012ae        0     1                 .L0 
802012b0 802012b0        0     1                 .L0 
802012b2 802012b2        0     1                 .L0 
802012b4 802012b4        0     1                 .L0 
802012b4 802012b4        0     1                 .L0 
802012b8 802012b8        0     1                 .L0 
802012d6 802012d6        0     1                 .L0 
802012da 802012da        0     1                 .L0 
802012de 802012de        0     1                 .L0 
802012e0 802012e0        0     1                 .L0 
802012e6 802012e6        0     1                 .L0 
802012ec 802012ec        0     1                 .L0 
802012f0 802012f0        0     1                 .L0 
802012f8 802012f8        0     1                 .L0 
802012f8 802012f8        0     1                 .L0 
802012fc 802012fc        0     1                 .L0 
802012fc 802012fc        0     1                 .L0 
8020130c 8020130c        0     1                 .L0 
8020130c 8020130c        0     1                 .L0 
80201310 80201310        0     1                 .L0 
80201310 80201310        0     1                 .L0 
80201318 80201318        0     1                 .L0 
80201318 80201318        0     1                 .L0 
8020131a 8020131a        0     1                 .L0 
8020131e 8020131e        0     1                 .L0 
80201322 80201322        0     1                 .L0 
80201326 80201326        0     1                 .L0 
8020132a 8020132a        0     1                 .L0 
8020132a 8020132a        0     1                 .L0 
8020132c 8020132c        0     1                 .L0 
8020132c 8020132c        0     1                 .L0 
80201332 80201332        0     1                 .L0 
80201332 80201332        0     1                 .L0 
80201336 80201336        0     1                 .L0 
8020133a 8020133a        0     1                 .L0 
8020133a 8020133a        0     1                 .L0 
8020133e 8020133e        0     1                 .L0 
80201342 80201342        0     1                 .L0 
80201344 80201344        0     1                 .L0 
8020134c 8020134c        0     1                 .L0 
8020134e 8020134e        0     1                 .L0 
8020134e 8020134e        0     1                 .L0 
80201350 80201350        0     1                 .L0 
80201352 80201352        0     1                 .L0 
80201354 80201354        0     1                 .L0 
80201354 80201354        0     1                 .L0 
80201354 80201354      944     2         /tmp/ext4-a5bfaf.o:(.text)
80201354 80201354        0     1                 .L0 
80201354 80201354        0     1                 .L0 
80201354 80201354        0     1                 $x
80201354 80201354        0     1                 .L0 
80201354 80201354       d0     1                 ext4_mount
8020135e 8020135e        0     1                 .L0 
80201360 80201360        0     1                 .L0 
80201366 80201366        0     1                 .L0 
8020136e 8020136e        0     1                 .L0 
8020136e 8020136e        0     1                 .L0 
80201372 80201372        0     1                 .L0 
80201372 80201372        0     1                 .L0 
80201376 80201376        0     1                 .L0 
8020137e 8020137e        0     1                 .L0 
8020137e 8020137e        0     1                 .L0 
80201382 80201382        0     1                 .L0 
80201384 80201384        0     1                 .L0 
8020138a 8020138a        0     1                 .L0 
8020138a 8020138a        0     1                 .L0 
8020138e 8020138e        0     1                 .L0 
802013a4 802013a4        0     1                 .L0 
802013a4 802013a4        0     1                 .L0 
802013ae 802013ae        0     1                 .L0 
802013b2 802013b2        0     1                 .L0 
802013c0 802013c0        0     1                 .L0 
802013c4 802013c4        0     1                 .L0 
802013c6 802013c6        0     1                 .L0 
802013c8 802013c8        0     1                 .L0 
802013c8 802013c8        0     1                 .L0 
802013ca 802013ca        0     1                 .L0 
802013cc 802013cc        0     1                 .L0 
802013cc 802013cc        0     1                 .L0 
802013ce 802013ce        0     1                 .L0 
802013d0 802013d0        0     1                 .L0 
802013d0 802013d0        0     1                 .L0 
802013d2 802013d2        0     1                 .L0 
802013d4 802013d4        0     1                 .L0 
802013d6 802013d6        0     1                 .L0 
802013de 802013de        0     1                 .L0 
802013e8 802013e8        0     1                 .L0 
802013ea 802013ea        0     1                 .L0 
802013f4 802013f4        0     1                 .L0 
802013f6 802013f6        0     1                 .L0 
802013fc 802013fc        0     1                 .L0 
80201402 80201402        0     1                 .L0 
80201404 80201404        0     1                 .L0 
80201408 80201408        0     1                 .L0 
8020140a 8020140a        0     1                 .L0 
8020140c 8020140c        0     1                 .L0 
8020140e 8020140e        0     1                 .L0 
8020140e 8020140e        0     1                 .L0 
80201412 80201412        0     1                 .L0 
80201414 80201414        0     1                 .L0 
80201420 80201420        0     1                 .L0 
80201420 80201420        0     1                 .L0 
80201422 80201422        0     1                 .L0 
80201424 80201424      1be     1                 scan_root_dir
80201424 80201424        0     1                 .L0 
80201424 80201424        0     1                 .L0 
80201424 80201424        0     1                 .L0 
80201424 80201424        0     1                 .L0 
80201424 80201424        0     1                 .L0 
80201440 80201440        0     1                 .L0 
80201440 80201440        0     1                 .L0 
80201446 80201446        0     1                 .L0 
8020144a 8020144a        0     1                 .L0 
8020144e 8020144e        0     1                 .L0 
8020146a 8020146a        0     1                 .L0 
8020146e 8020146e        0     1                 .L0 
8020148c 8020148c        0     1                 .L0 
8020148c 8020148c        0     1                 .L0 
80201498 80201498        0     1                 .L0 
8020149c 8020149c        0     1                 .L0 
8020149e 8020149e        0     1                 .L0 
8020149e 8020149e        0     1                 .L0 
802014c0 802014c0        0     1                 .L0 
802014c0 802014c0        0     1                 .L0 
802014c0 802014c0        0     1                 .L0 
802014c8 802014c8        0     1                 .L0 
802014c8 802014c8        0     1                 .L0 
802014cc 802014cc        0     1                 .L0 
802014ce 802014ce        0     1                 .L0 
802014ce 802014ce        0     1                 .L0 
802014d2 802014d2        0     1                 .L0 
802014d2 802014d2        0     1                 .L0 
802014d2 802014d2        0     1                 .L0 
802014da 802014da        0     1                 .L0 
802014da 802014da        0     1                 .L0 
802014de 802014de        0     1                 .L0 
802014de 802014de        0     1                 .L0 
802014e2 802014e2        0     1                 .L0 
802014ec 802014ec        0     1                 .L0 
802014f0 802014f0        0     1                 .L0 
802014f0 802014f0        0     1                 .L0 
802014f0 802014f0        0     1                 .L0 
802014f4 802014f4        0     1                 .L0 
802014fe 802014fe        0     1                 .L0 
80201500 80201500        0     1                 .L0 
80201506 80201506        0     1                 .L0 
80201506 80201506        0     1                 .L0 
8020153c 8020153c        0     1                 .L0 
80201540 80201540        0     1                 .L0 
80201540 80201540        0     1                 .L0 
80201540 80201540        0     1                 .L0 
8020154e 8020154e        0     1                 .L0 
80201552 80201552        0     1                 .L0 
80201556 80201556        0     1                 .L0 
80201556 80201556        0     1                 .L0 
80201556 80201556        0     1                 .L0 
8020155a 8020155a        0     1                 .L0 
80201566 80201566        0     1                 .L0 
80201568 80201568        0     1                 .L0 
80201584 80201584        0     1                 .L0 
80201586 80201586        0     1                 .L0 
8020158a 8020158a        0     1                 .L0 
80201592 80201592        0     1                 .L0 
80201592 80201592        0     1                 .L0 
80201596 80201596        0     1                 .L0 
8020159c 8020159c        0     1                 .L0 
8020159c 8020159c        0     1                 .L0 
802015ac 802015ac        0     1                 .L0 
802015b0 802015b0        0     1                 .L0 
802015b4 802015b4        0     1                 .L0 
802015b6 802015b6        0     1                 .L0 
802015ba 802015ba        0     1                 .L0 
802015be 802015be        0     1                 .L0 
802015c2 802015c2        0     1                 .L0 
802015c2 802015c2        0     1                 .L0 
802015c2 802015c2        0     1                 .L0 
802015c4 802015c4        0     1                 .L0 
802015c4 802015c4        0     1                 .L0 
802015c4 802015c4        0     1                 .L0 
802015de 802015de        0     1                 .L0 
802015e2 802015e2        0     1                 .L0 
802015e2 802015e2        0     1                 .L0 
802015e2 802015e2        0     1                 .L0 
802015e2 802015e2        0     1                 .L0 
802015e2 802015e2        0     1                 .L0 
802015e2 802015e2       6c     1                 ext4_lookup
802015e4 802015e4        0     1                 .L0 
802015e4 802015e4        0     1                 .L0 
802015ee 802015ee        0     1                 .L0 
802015f0 802015f0        0     1                 .L0 
802015f8 802015f8        0     1                 .L0 
802015f8 802015f8        0     1                 .L0 
802015fc 802015fc        0     1                 .L0 
8020160c 8020160c        0     1                 .L0 
8020160c 8020160c        0     1                 .L0 
80201610 80201610        0     1                 .L0 
80201610 80201610        0     1                 .L0 
80201612 80201612        0     1                 .L0 
80201614 80201614        0     1                 .L0 
8020161c 8020161c        0     1                 .L0 
80201628 80201628        0     1                 .L0 
8020162e 8020162e        0     1                 .L0 
8020162e 8020162e        0     1                 .L0 
80201630 80201630        0     1                 .L0 
80201634 80201634        0     1                 .L0 
80201638 80201638        0     1                 .L0 
8020163c 8020163c        0     1                 .L0 
80201642 80201642        0     1                 .L0 
80201648 80201648        0     1                 .L0 
80201648 80201648        0     1                 .L0 
80201648 80201648        0     1                 .L0 
8020164c 8020164c        0     1                 .L0 
8020164e 8020164e        0     1                 .L0 
8020164e 8020164e        0     1                 .L0 
8020164e 8020164e        0     1                 .L0 
8020164e 8020164e        0     1                 .L0 
8020164e 8020164e        0     1                 .L0 
8020164e 8020164e       64     1                 ext4_read_file
80201658 80201658        0     1                 .L0 
8020165a 8020165a        0     1                 .L0 
8020165c 8020165c        0     1                 .L0 
8020165e 8020165e        0     1                 .L0 
80201662 80201662        0     1                 .L0 
8020166c 8020166c        0     1                 .L0 
8020166e 8020166e        0     1                 .L0 
80201674 80201674        0     1                 .L0 
80201678 80201678        0     1                 .L0 
8020167a 8020167a        0     1                 .L0 
8020167c 8020167c        0     1                 .L0 
8020167c 8020167c        0     1                 .L0 
80201682 80201682        0     1                 .L0 
80201690 80201690        0     1                 .L0 
80201694 80201694        0     1                 .L0 
80201694 80201694        0     1                 .L0 
80201698 80201698        0     1                 .L0 
802016a2 802016a2        0     1                 .L0 
802016a2 802016a2        0     1                 .L0 
802016a4 802016a4        0     1                 .L0 
802016a6 802016a6        0     1                 .L0 
802016a6 802016a6        0     1                 .L0 
802016a6 802016a6        0     1                 .L0 
802016aa 802016aa        0     1                 .L0 
802016ae 802016ae        0     1                 .L0 
802016b2 802016b2      1e2     1                 read_inode
802016b2 802016b2        0     1                 .L0 
802016b2 802016b2        0     1                 .L0 
802016b2 802016b2        0     1                 .L0 
802016b2 802016b2        0     1                 .L0 
802016b2 802016b2        0     1                 .L0 
802016b8 802016b8        0     1                 .L0 
802016d0 802016d0        0     1                 .L0 
802016d2 802016d2        0     1                 .L0 
802016d2 802016d2        0     1                 .L0 
802016de 802016de        0     1                 .L0 
802016de 802016de        0     1                 .L0 
802016e6 802016e6        0     1                 .L0 
802016ea 802016ea        0     1                 .L0 
802016ee 802016ee        0     1                 .L0 
802016f2 802016f2        0     1                 .L0 
802016fa 802016fa        0     1                 .L0 
802016fa 802016fa        0     1                 .L0 
802016fe 802016fe        0     1                 .L0 
80201706 80201706        0     1                 .L0 
8020170e 8020170e        0     1                 .L0 
80201712 80201712        0     1                 .L0 
8020171a 8020171a        0     1                 .L0 
8020171a 8020171a        0     1                 .L0 
8020171a 8020171a        0     1                 .L0 
8020171e 8020171e        0     1                 .L0 
80201724 80201724        0     1                 .L0 
80201724 80201724        0     1                 .L0 
80201728 80201728        0     1                 .L0 
8020172a 8020172a        0     1                 .L0 
80201730 80201730        0     1                 .L0 
80201732 80201732        0     1                 .L0 
80201732 80201732        0     1                 .L0 
80201736 80201736        0     1                 .L0 
80201736 80201736        0     1                 .L0 
8020173e 8020173e        0     1                 .L0 
80201746 80201746        0     1                 .L0 
80201746 80201746        0     1                 .L0 
8020174a 8020174a        0     1                 .L0 
8020174c 8020174c        0     1                 .L0 
8020174e 8020174e        0     1                 .L0 
80201756 80201756        0     1                 .L0 
80201756 80201756        0     1                 .L0 
80201774 80201774        0     1                 .L0 
80201774 80201774        0     1                 .L0 
[...]
    1b98     1b98        0     1                 .L0 
    1be4     1be4       64     1         /tmp/string-395b06.o:(.debug_str_offsets)
    1be4     1be4        0     1                 $d
    1bec     1bec        0     1                 .L0 
       0        0     270f     1 .debug_str
       0        0     270f     1         <internal>:(.debug_str)
       0        0     1358     1 .debug_addr
       0        0        c     1         /tmp/boot-501e6c.o:(.debug_addr)
       0        0        0     1                 $d
       8        8        0     1                 .L0 
       c        c        c     1         /tmp/context-27478f.o:(.debug_addr)
       c        c        0     1                 $d
      14       14        0     1                 .L0 
      18       18        c     1         /tmp/trap_entry-be5274.o:(.debug_addr)
      18       18        0     1                 $d
      20       20        0     1                 .L0 
      24       24       7c     1         /tmp/virtio_blk-602866.o:(.debug_addr)
      24       24        0     1                 $d
      2c       2c        0     1                 .L0 
      a0       a0      100     1         /tmp/virtio_gpu-8a46ff.o:(.debug_addr)
      a0       a0        0     1                 $d
      a8       a8        0     1                 .L0 
     1a0      1a0       e4     1         /tmp/virtio_input-9a1c31.o:(.debug_addr)
     1a0      1a0        0     1                 $d
     1a8      1a8        0     1                 .L0 
     284      284       bc     1         /tmp/ext4-a5bfaf.o:(.debug_addr)
     284      284        0     1                 $d
     28c      28c        0     1                 .L0 
     340      340       b4     1         /tmp/fs-58887a.o:(.debug_addr)
     340      340        0     1                 $d
     348      348        0     1                 .L0 
     3f4      3f4      444     1         /tmp/wm-67cb7b.o:(.debug_addr)
     3f4      3f4        0     1                 $d
     3fc      3fc        0     1                 .L0 
     838      838       44     1         /tmp/main-0f0afa.o:(.debug_addr)
     838      838        0     1                 $d
     840      840        0     1                 .L0 
     87c      87c       88     1         /tmp/page_alloc-bd124f.o:(.debug_addr)
     87c      87c        0     1                 $d
     884      884        0     1                 .L0 
     904      904       70     1         /tmp/vm-263ce3.o:(.debug_addr)
     904      904        0     1                 $d
     90c      90c        0     1                 .L0 
     974      974      104     1         /tmp/process-bd78db.o:(.debug_addr)
     974      974        0     1                 $d
     97c      97c        0     1                 .L0 
     a78      a78       14     1         /tmp/sched-713883.o:(.debug_addr)
     a78      a78        0     1                 $d
     a80      a80        0     1                 .L0 
     a8c      a8c       1c     1         /tmp/sbi-8b4047.o:(.debug_addr)
     a8c      a8c        0     1                 $d
     a94      a94        0     1                 .L0 
     aa8      aa8       dc     1         /tmp/syscall-a3deb3.o:(.debug_addr)
     aa8      aa8        0     1                 $d
     ab0      ab0        0     1                 .L0 
     b84      b84       2c     1         /tmp/trap-38981d.o:(.debug_addr)
     b84      b84        0     1                 $d
     b8c      b8c        0     1                 .L0 
     bb0      bb0      268     1         /tmp/user_fm-1613d1.o:(.debug_addr)
     bb0      bb0        0     1                 $d
     bb8      bb8        0     1                 .L0 
     e18      e18       e0     1         /tmp/user_img-32ec4b.o:(.debug_addr)
     e18      e18        0     1                 $d
     e20      e20        0     1                 .L0 
     ef8      ef8      3fc     1         /tmp/user_init-3be9b1.o:(.debug_addr)
     ef8      ef8        0     1                 $d
     f00      f00        0     1                 .L0 
    12f4     12f4       50     1         /tmp/printf-73f5d8.o:(.debug_addr)
    12f4     12f4        0     1                 $d
    12fc     12fc        0     1                 .L0 
    1344     1344       14     1         /tmp/string-395b06.o:(.debug_addr)
    1344     1344        0     1                 $d
    134c     134c        0     1                 .L0 
       0        0       29     1 .comment
       0        0       29     1         <internal>:(.comment)
       0        0       4e     1 .riscv.attributes
       0        0       4e     1         <internal>:(.riscv.attributes)
       0        0     12e4     4 .debug_frame
       0        0       24     4         /tmp/boot-501e6c.o:(.debug_frame)
       0        0        0     1                 .L0 
       0        0        0     1                 $d
      24       24       24     4         /tmp/context-27478f.o:(.debug_frame)
      24       24        0     1                 .L0 
      24       24        0     1                 $d
      48       48       24     4         /tmp/trap_entry-be5274.o:(.debug_frame)
      48       48        0     1                 .L0 
      48       48        0     1                 $d
      6c       6c       50     4         /tmp/virtio_blk-602866.o:(.debug_frame)
      6c       6c        0     1                 .L0 
      6c       6c        0     1                 $d
      bc       bc      120     4         /tmp/virtio_gpu-8a46ff.o:(.debug_frame)
      bc       bc        0     1                 .L0 
      bc       bc        0     1                 $d
     1dc      1dc       68     4         /tmp/virtio_input-9a1c31.o:(.debug_frame)
     1dc      1dc        0     1                 .L0 
     1dc      1dc        0     1                 $d
     244      244      17c     4         /tmp/ext4-a5bfaf.o:(.debug_frame)
     244      244        0     1                 .L0 
     244      244        0     1                 $d
     3c0      3c0      148     4         /tmp/fs-58887a.o:(.debug_frame)
     3c0      3c0        0     1                 .L0 
     3c0      3c0        0     1                 $d
     508      508      3a4     4         /tmp/wm-67cb7b.o:(.debug_frame)
     508      508        0     1                 .L0 
     508      508        0     1                 $d
     8ac      8ac       44     4         /tmp/main-0f0afa.o:(.debug_frame)
     8ac      8ac        0     1                 .L0 
     8ac      8ac        0     1                 $d
     8f0      8f0       68     4         /tmp/page_alloc-bd124f.o:(.debug_frame)
     8f0      8f0        0     1                 .L0 
     8f0      8f0        0     1                 $d
     958      958       fc     4         /tmp/vm-263ce3.o:(.debug_frame)
     958      958        0     1                 .L0 
     958      958        0     1                 $d
     a54      a54      1d0     4         /tmp/process-bd78db.o:(.debug_frame)
     a54      a54        0     1                 .L0 
     a54      a54        0     1                 $d
     c24      c24       44     4         /tmp/sched-713883.o:(.debug_frame)
     c24      c24        0     1                 .L0 
     c24      c24        0     1                 $d
     c68      c68       54     4         /tmp/sbi-8b4047.o:(.debug_frame)
     c68      c68        0     1                 .L0 
     c68      c68        0     1                 $d
     cbc      cbc       4c     4         /tmp/syscall-a3deb3.o:(.debug_frame)
     cbc      cbc        0     1                 .L0 
     cbc      cbc        0     1                 $d
     d08      d08       30     4         /tmp/trap-38981d.o:(.debug_frame)
     d08      d08        0     1                 .L0 
     d08      d08        0     1                 $d
     d38      d38      178     4         /tmp/user_fm-1613d1.o:(.debug_frame)
     d38      d38        0     1                 .L0 
     d38      d38        0     1                 $d
     eb0      eb0       68     4         /tmp/user_img-32ec4b.o:(.debug_frame)
     eb0      eb0        0     1                 .L0 
     eb0      eb0        0     1                 $d
     f18      f18      330     4         /tmp/user_init-3be9b1.o:(.debug_frame)
     f18      f18        0     1                 .L0 
     f18      f18        0     1                 $d
    1248     1248       58     4         /tmp/printf-73f5d8.o:(.debug_frame)
    1248     1248        0     1                 .L0 
    1248     1248        0     1                 $d
    12a0     12a0       44     4         /tmp/string-395b06.o:(.debug_frame)
    12a0     12a0        0     1                 .L0 
    12a0     12a0        0     1                 $d
       0        0     d421     1 .debug_line
       0        0       56     1         /tmp/boot-501e6c.o:(.debug_line)
       0        0        0     1                 .Lline_table_start0
       0        0        0     1                 $d
      56       56       55     1         /tmp/context-27478f.o:(.debug_line)
      56       56        0     1                 .Lline_table_start0
      56       56        0     1                 $d
      ab       ab       56     1         /tmp/trap_entry-be5274.o:(.debug_line)
      ab       ab        0     1                 .Lline_table_start0
      ab       ab        0     1                 $d
     101      101      50c     1         /tmp/virtio_blk-602866.o:(.debug_line)
     101      101        0     1                 .Lline_table_start0
     101      101        0     1                 $d
     60d      60d      c16     1         /tmp/virtio_gpu-8a46ff.o:(.debug_line)
     60d      60d        0     1                 .Lline_table_start0
     60d      60d        0     1                 $d
    1223     1223      6a2     1         /tmp/virtio_input-9a1c31.o:(.debug_line)
    1223     1223        0     1                 .Lline_table_start0
    1223     1223        0     1                 $d
    18c5     18c5      98e     1         /tmp/ext4-a5bfaf.o:(.debug_line)
    18c5     18c5        0     1                 .Lline_table_start0
    18c5     18c5        0     1                 $d
    2253     2253      d03     1         /tmp/fs-58887a.o:(.debug_line)
    2253     2253        0     1                 .Lline_table_start0
    2253     2253        0     1                 $d
    2f56     2f56     4f21     1         /tmp/wm-67cb7b.o:(.debug_line)
    2f56     2f56        0     1                 .Lline_table_start0
    2f56     2f56        0     1                 $d
    7e77     7e77      150     1         /tmp/main-0f0afa.o:(.debug_line)
    7e77     7e77        0     1                 .Lline_table_start0
    7e77     7e77        0     1                 $d
    7fc7     7fc7      369     1         /tmp/page_alloc-bd124f.o:(.debug_line)
    7fc7     7fc7        0     1                 .Lline_table_start0
    7fc7     7fc7        0     1                 $d
    8330     8330      374     1         /tmp/vm-263ce3.o:(.debug_line)
    8330     8330        0     1                 .Lline_table_start0
    8330     8330        0     1                 $d
    86a4     86a4      e88     1         /tmp/process-bd78db.o:(.debug_line)
    86a4     86a4        0     1                 .Lline_table_start0
    86a4     86a4        0     1                 $d
    952c     952c      257     1         /tmp/sched-713883.o:(.debug_line)
    952c     952c        0     1                 .Lline_table_start0
    952c     952c        0     1                 $d
    9783     9783       a7     1         /tmp/sbi-8b4047.o:(.debug_line)
    9783     9783        0     1                 .Lline_table_start0
    9783     9783        0     1                 $d
    982a     982a      6e0     1         /tmp/syscall-a3deb3.o:(.debug_line)
    982a     982a        0     1                 .Lline_table_start0
    982a     982a        0     1                 $d
    9f0a     9f0a      110     1         /tmp/trap-38981d.o:(.debug_line)
    9f0a     9f0a        0     1                 .Lline_table_start0
    9f0a     9f0a        0     1                 $d
    a01a     a01a      c1a     1         /tmp/user_fm-1613d1.o:(.debug_line)
    a01a     a01a        0     1                 .Lline_table_start0
    a01a     a01a        0     1                 $d
    ac34     ac34      ae2     1         /tmp/user_img-32ec4b.o:(.debug_line)
    ac34     ac34        0     1                 .Lline_table_start0
    ac34     ac34        0     1                 $d
    b716     b716     19fc     1         /tmp/user_init-3be9b1.o:(.debug_line)
    b716     b716        0     1                 .Lline_table_start0
    b716     b716        0     1                 $d
    d112     d112      227     1         /tmp/printf-73f5d8.o:(.debug_line)
    d112     d112        0     1                 .Lline_table_start0
    d112     d112        0     1                 $d
    d339     d339       e8     1         /tmp/string-395b06.o:(.debug_line)
    d339     d339        0     1                 .Lline_table_start0
    d339     d339        0     1                 $d
       0        0      285     1 .debug_line_str
       0        0      285     1         <internal>:(.debug_line_str)
       0        0     a18c     1 .debug_loclists
       0        0      195     1         /tmp/virtio_blk-602866.o:(.debug_loclists)
       0        0        0     1                 $d
       c        c        0     1                 .L0 
     195      195      6c7     1         /tmp/virtio_gpu-8a46ff.o:(.debug_loclists)
     195      195        0     1                 $d
     1a1      1a1        0     1                 .L0 
     85c      85c      3f0     1         /tmp/virtio_input-9a1c31.o:(.debug_loclists)
     85c      85c        0     1                 $d
     868      868        0     1                 .L0 
     c4c      c4c      5dc     1         /tmp/ext4-a5bfaf.o:(.debug_loclists)
     c4c      c4c        0     1                 $d
     c58      c58        0     1                 .L0 
    1228     1228      800     1         /tmp/fs-58887a.o:(.debug_loclists)
    1228     1228        0     1                 $d
    1234     1234        0     1                 .L0 
    1a28     1a28     3972     1         /tmp/wm-67cb7b.o:(.debug_loclists)
    1a28     1a28        0     1                 $d
    1a34     1a34        0     1                 .L0 
    539a     539a       20     1         /tmp/main-0f0afa.o:(.debug_loclists)
    539a     539a        0     1                 $d
    53a6     53a6        0     1                 .L0 
    53ba     53ba      13e     1         /tmp/page_alloc-bd124f.o:(.debug_loclists)
    53ba     53ba        0     1                 $d
    53c6     53c6        0     1                 .L0 
    54f8     54f8      6e5     1         /tmp/vm-263ce3.o:(.debug_loclists)
    54f8     54f8        0     1                 $d
    5504     5504        0     1                 .L0 
    5bdd     5bdd      b2f     1         /tmp/process-bd78db.o:(.debug_loclists)
    5bdd     5bdd        0     1                 $d
    5be9     5be9        0     1                 .L0 
    670c     670c       c7     1         /tmp/sched-713883.o:(.debug_loclists)
    670c     670c        0     1                 $d
    6718     6718        0     1                 .L0 
    67d3     67d3       77     1         /tmp/sbi-8b4047.o:(.debug_loclists)
    67d3     67d3        0     1                 $d
    67df     67df        0     1                 .L0 
    684a     684a      1d8     1         /tmp/syscall-a3deb3.o:(.debug_loclists)
    684a     684a        0     1                 $d
    6856     6856        0     1                 .L0 
    6a22     6a22       34     1         /tmp/trap-38981d.o:(.debug_loclists)
    6a22     6a22        0     1                 $d
    6a2e     6a2e        0     1                 .L0 
    6a56     6a56      34d     1         /tmp/user_fm-1613d1.o:(.debug_loclists)
    6a56     6a56        0     1                 $d
    6a62     6a62        0     1                 .L0 
    6da3     6da3      7a6     1         /tmp/user_img-32ec4b.o:(.debug_loclists)
    6da3     6da3        0     1                 $d
    6daf     6daf        0     1                 .L0 
    7549     7549     2a9f     1         /tmp/user_init-3be9b1.o:(.debug_loclists)
    7549     7549        0     1                 $d
    7555     7555        0     1                 .L0 
    9fe8     9fe8      12e     1         /tmp/printf-73f5d8.o:(.debug_loclists)
    9fe8     9fe8        0     1                 $d
    9ff4     9ff4        0     1                 .L0 
    a116     a116       76     1         /tmp/string-395b06.o:(.debug_loclists)
    a116     a116        0     1                 $d
    a122     a122        0     1                 .L0 
       0        0      df9     1 .debug_rnglists
       0        0       1b     1         /tmp/virtio_blk-602866.o:(.debug_rnglists)
       0        0        0     1                 $d
       c        c        0     1                 .L0 
      1b       1b       d9     1         /tmp/virtio_gpu-8a46ff.o:(.debug_rnglists)
      1b       1b        0     1                 $d
      27       27        0     1                 .L0 
      f4       f4       c5     1         /tmp/virtio_input-9a1c31.o:(.debug_rnglists)
      f4       f4        0     1                 $d
     100      100        0     1                 .L0 
     1b9      1b9       cf     1         /tmp/ext4-a5bfaf.o:(.debug_rnglists)
     1b9      1b9        0     1                 $d
     1c5      1c5        0     1                 .L0 
     288      288      18d     1         /tmp/fs-58887a.o:(.debug_rnglists)
     288      288        0     1                 $d
     294      294        0     1                 .L0 
     415      415      470     1         /tmp/wm-67cb7b.o:(.debug_rnglists)
     415      415        0     1                 $d
     421      421        0     1                 .L0 
     885      885       39     1         /tmp/page_alloc-bd124f.o:(.debug_rnglists)
     885      885        0     1                 $d
     891      891        0     1                 .L0 
     8be      8be       43     1         /tmp/vm-263ce3.o:(.debug_rnglists)
     8be      8be        0     1                 $d
     8ca      8ca        0     1                 .L0 
     901      901       e9     1         /tmp/process-bd78db.o:(.debug_rnglists)
     901      901        0     1                 $d
     90d      90d        0     1                 .L0 
     9ea      9ea       18     1         /tmp/sched-713883.o:(.debug_rnglists)
     9ea      9ea        0     1                 $d
     9f6      9f6        0     1                 .L0 
     a02      a02       61     1         /tmp/syscall-a3deb3.o:(.debug_rnglists)
     a02      a02        0     1                 $d
     a0e      a0e        0     1                 .L0 
     a63      a63      106     1         /tmp/user_fm-1613d1.o:(.debug_rnglists)
     a63      a63        0     1                 $d
     a6f      a6f        0     1                 .L0 
     b69      b69       de     1         /tmp/user_img-32ec4b.o:(.debug_rnglists)
     b69      b69        0     1                 $d
     b75      b75        0     1                 .L0 
     c47      c47      197     1         /tmp/user_init-3be9b1.o:(.debug_rnglists)
     c47      c47        0     1                 $d
     c53      c53        0     1                 .L0 
     dde      dde       1b     1         /tmp/printf-73f5d8.o:(.debug_rnglists)
     dde      dde        0     1                 $d
     dea      dea        0     1                 .L0 
       0        0     2600     4 .symtab
       0        0     2600     4         <internal>:(.symtab)
       0        0      109     1 .shstrtab
       0        0      109     1         <internal>:(.shstrtab)
       0        0     11f1     1 .strtab
       0        0     11f1     1         <internal>:(.strtab)
