     VMA      LMA     Size Align Out     In      Symbol
       0        0 80200000     1 . = 0x80200000
80200000 80200000      976     4 .text
80200000 80200000        e     2         /tmp/kernel-52ca0a.o:(.text.boot)
80200000 80200000        0     1                 .L0 
80200000 80200000        0     1                 .L0 
80200000 80200000        0     1                 $x
80200000 80200000        0     1                 .L0 
80200000 80200000        e     1                 boot
8020000e 8020000e        0     1                 .L0 
8020000e 8020000e        0     1                 .L0 
80200010 80200010      750     4         /tmp/kernel-52ca0a.o:(.text)
80200010 80200010        0     1                 .L0 
80200010 80200010        0     1                 .L0 
80200010 80200010        0     1                 $x
80200010 80200010        0     1                 .L0 
80200010 80200010       4c     1                 alloc_pages
80200016 80200016        0     1                 .L0 
80200016 80200016        0     1                 .L0 
8020001e 8020001e        0     1                 .L0 
8020001e 8020001e        0     1                 .L0 
80200022 80200022        0     1                 .L0 
80200026 80200026        0     1                 .L0 
80200026 80200026        0     1                 .L0 
8020002e 8020002e        0     1                 .L0 
80200032 80200032        0     1                 .L0 
80200036 80200036        0     1                 .L0 
8020004a 8020004a        0     1                 .L0 
8020004c 8020004c        0     1                 .L0 
8020004c 8020004c        0     1                 .L0 
80200052 80200052        0     1                 .L0 
80200052 80200052        0     1                 .L0 
80200054 80200054        0     1                 .L0 
80200058 80200058        0     1                 .L0 
80200058 80200058        0     1                 .L0 
8020005c 8020005c        0     1                 .L0 
8020005c 8020005c        0     1                 .L0 
8020005c 8020005c        0     1                 .L0 
8020005c 8020005c        0     1                 .L0 
8020005c 8020005c        0     1                 .L0 
8020005c 8020005c        6     1                 sbi_call
80200060 80200060        0     1                 .L0 
80200060 80200060        0     1                 .L0 
80200062 80200062        0     1                 .L0 
80200062 80200062        0     1                 .L0 
80200062 80200062        0     1                 .L0 
80200062 80200062       14     1                 putchar
80200074 80200074        0     1                 .L0 
80200074 80200074        0     1                 .L0 
80200078 80200078        0     1                 .L0 
80200078 80200078        0     1                 .L0 
80200078 80200078        0     1                 .L0 
80200078 80200078       96     1                 kernel_entry
8020010e 8020010e        0     1                 .L0 
8020010e 8020010e        0     1                 .L0 
8020010e 8020010e        0     1                 .L0 
8020010e 8020010e        0     1                 .L0 
8020010e 8020010e        0     1                 .L0 
8020010e 8020010e       46     1                 switch_context
80200154 80200154        0     1                 .L0 
80200154 80200154        0     1                 .L0 
80200154 80200154        0     1                 .L0 
80200154 80200154       fa     1                 create_process
80200162 80200162        0     1                 .L0 
80200164 80200164        0     1                 .L0 
80200164 80200164        0     1                 .L0 
8020016c 8020016c        0     1                 .L0 
8020016e 8020016e        0     1                 .L0 
8020016e 8020016e        0     1                 .L0 
80200176 80200176        0     1                 .L0 
80200178 80200178        0     1                 .L0 
80200178 80200178        0     1                 .L0 
80200180 80200180        0     1                 .L0 
80200182 80200182        0     1                 .L0 
80200182 80200182        0     1                 .L0 
8020018a 8020018a        0     1                 .L0 
8020018c 8020018c        0     1                 .L0 
8020018c 8020018c        0     1                 .L0 
80200194 80200194        0     1                 .L0 
80200196 80200196        0     1                 .L0 
80200196 80200196        0     1                 .L0 
8020019e 8020019e        0     1                 .L0 
802001a0 802001a0        0     1                 .L0 
802001a0 802001a0        0     1                 .L0 
802001a8 802001a8        0     1                 .L0 
802001ac 802001ac        0     1                 .L0 
802001ae 802001ae        0     1                 .L0 
802001ae 802001ae        0     1                 .L0 
802001ae 802001ae        0     1                 .L0 
802001b2 802001b2        0     1                 .L0 
802001c4 802001c4        0     1                 .L0 
802001c4 802001c4        0     1                 .L0 
802001c6 802001c6        0     1                 .L0 
802001c8 802001c8        0     1                 .L0 
802001ca 802001ca        0     1                 .L0 
802001ca 802001ca        0     1                 .L0 
802001ca 802001ca        0     1                 .L0 
802001d2 802001d2        0     1                 .L0 
802001d2 802001d2        0     1                 .L0 
802001d8 802001d8        0     1                 .L0 
802001da 802001da        0     1                 .L0 
802001da 802001da        0     1                 .L0 
802001da 802001da        0     1                 .L0 
802001e2 802001e2        0     1                 .L0 
802001e4 802001e4        0     1                 .L0 
802001e4 802001e4        0     1                 .L0 
802001e4 802001e4        0     1                 .L0 
802001ec 802001ec        0     1                 .L0 
802001ee 802001ee        0     1                 .L0 
802001ee 802001ee        0     1                 .L0 
802001ee 802001ee        0     1                 .L0 
802001f6 802001f6        0     1                 .L0 
802001f8 802001f8        0     1                 .L0 
802001f8 802001f8        0     1                 .L0 
802001f8 802001f8        0     1                 .L0 
80200200 80200200        0     1                 .L0 
80200202 80200202        0     1                 .L0 
80200202 80200202        0     1                 .L0 
80200202 80200202        0     1                 .L0 
8020020a 8020020a        0     1                 .L0 
8020020a 8020020a        0     1                 .L0 
80200212 80200212        0     1                 .L0 
80200216 80200216        0     1                 .L0 
8020021a 8020021a        0     1                 .L0 
8020021e 8020021e        0     1                 .L0 
80200222 80200222        0     1                 .L0 
80200226 80200226        0     1                 .L0 
8020022a 8020022a        0     1                 .L0 
8020022e 8020022e        0     1                 .L0 
80200232 80200232        0     1                 .L0 
80200238 80200238        0     1                 .L0 
8020023c 8020023c        0     1                 .L0 
80200240 80200240        0     1                 .L0 
80200244 80200244        0     1                 .L0 
8020024a 8020024a        0     1                 .L0 
8020024c 8020024c        0     1                 .L0 
8020024e 8020024e        0     1                 .L0 
8020024e 8020024e        0     1                 .L0 
8020024e 8020024e        0     1                 .L0 
8020024e 8020024e        0     1                 .L0 
8020024e 8020024e        0     1                 .L0 
8020024e 8020024e       12     1                 handle_trap
80200252 80200252        0     1                 .L0 
80200256 80200256        0     1                 .L0 
8020025a 8020025a        0     1                 .L0 
8020025e 8020025e        0     1                 .L0 
80200260 80200260        0     1                 .L0 
80200260 80200260        0     1                 .L0 
80200260 80200260        0     1                 .L0 
80200260 80200260        0     1                 .L0 
80200260 80200260       10     1                 delay
80200268 80200268        0     1                 .L0 
8020026a 8020026a        0     1                 .L0 
8020026c 8020026c        0     1                 .L0 
8020026c 8020026c        0     1                 .L0 
8020026e 8020026e        0     1                 .L0 
8020026e 8020026e        0     1                 .L0 
80200270 80200270        0     1                 .L0 
80200270 80200270        0     1                 .L0 
80200270 80200270        0     1                 .L0 
80200270 80200270      162     1                 yield
80200278 80200278        0     1                 .L0 
80200278 80200278        0     1                 .L0 
80200280 80200280        0     1                 .L0 
80200280 80200280        0     1                 .L0 
8020028e 8020028e        0     1                 .L0 
8020029c 8020029c        0     1                 .L0 
8020029c 8020029c        0     1                 .L0 
8020029e 8020029e        0     1                 .L0 
8020029e 8020029e        0     1                 .L0 
802002a2 802002a2        0     1                 .L0 
802002a2 802002a2        0     1                 .L0 
802002a4 802002a4        0     1                 .L0 
802002a4 802002a4        0     1                 .L0 
802002a8 802002a8        0     1                 .L0 
802002aa 802002aa        0     1                 .L0 
802002ae 802002ae        0     1                 .L0 
802002ae 802002ae        0     1                 .L0 
802002b6 802002b6        0     1                 .L0 
802002c4 802002c4        0     1                 .L0 
802002c6 802002c6        0     1                 .L0 
802002ca 802002ca        0     1                 .L0 
802002cc 802002cc        0     1                 .L0 
802002d0 802002d0        0     1                 .L0 
802002d0 802002d0        0     1                 .L0 
802002e8 802002e8        0     1                 .L0 
802002ea 802002ea        0     1                 .L0 
802002ee 802002ee        0     1                 .L0 
802002f2 802002f2        0     1                 .L0 
802002f4 802002f4        0     1                 .L0 
802002f8 802002f8        0     1                 .L0 
802002f8 802002f8        0     1                 .L0 
80200300 80200300        0     1                 .L0 
8020030e 8020030e        0     1                 .L0 
80200310 80200310        0     1                 .L0 
80200314 80200314        0     1                 .L0 
80200316 80200316        0     1                 .L0 
8020031a 8020031a        0     1                 .L0 
8020031a 8020031a        0     1                 .L0 
80200332 80200332        0     1                 .L0 
80200334 80200334        0     1                 .L0 
80200338 80200338        0     1                 .L0 
8020033c 8020033c        0     1                 .L0 
8020033e 8020033e        0     1                 .L0 
80200342 80200342        0     1                 .L0 
80200342 80200342        0     1                 .L0 
8020034a 8020034a        0     1                 .L0 
80200358 80200358        0     1                 .L0 
8020035a 8020035a        0     1                 .L0 
8020035e 8020035e        0     1                 .L0 
80200360 80200360        0     1                 .L0 
80200364 80200364        0     1                 .L0 
80200364 80200364        0     1                 .L0 
8020037c 8020037c        0     1                 .L0 
8020037e 8020037e        0     1                 .L0 
80200382 80200382        0     1                 .L0 
80200386 80200386        0     1                 .L0 
80200388 80200388        0     1                 .L0 
8020038c 8020038c        0     1                 .L0 
8020038c 8020038c        0     1                 .L0 
8020039e 8020039e        0     1                 .L0 
802003a0 802003a0        0     1                 .L0 
802003a2 802003a2        0     1                 .L0 
802003a6 802003a6        0     1                 .L0 
802003a8 802003a8        0     1                 .L0 
802003ac 802003ac        0     1                 .L0 
802003ac 802003ac        0     1                 .L0 
802003ae 802003ae        0     1                 .L0 
802003ae 802003ae        0     1                 .L0 
802003b2 802003b2        0     1                 .L0 
802003b4 802003b4        0     1                 .L0 
802003ba 802003ba        0     1                 .L0 
802003bc 802003bc        0     1                 .L0 
802003c0 802003c0        0     1                 .L0 
802003c4 802003c4        0     1                 .L0 
802003c4 802003c4        0     1                 .L0 
802003c6 802003c6        0     1                 .L0 
802003c6 802003c6        0     1                 .L0 
802003ca 802003ca        0     1                 .L0 
802003ce 802003ce        0     1                 .L0 
802003ce 802003ce        0     1                 .L0 
802003d0 802003d0        0     1                 .L0 
802003d0 802003d0        0     1                 .L0 
802003d2 802003d2        0     1                 .L0 
802003d2 802003d2        0     1                 .L0 
802003d2 802003d2        0     1                 .L0 
802003d2 802003d2        0     1                 .L0 
802003d2 802003d2        0     1                 .L0 
802003d2 802003d2       3a     1                 proc_a_entry
802003d8 802003d8        0     1                 .L0 
802003e2 802003e2        0     1                 .L0 
802003e2 802003e2        0     1                 .L0 
802003ea 802003ea        0     1                 .L0 
802003ea 802003ea        0     1                 .L0 
802003ea 802003ea        0     1                 .L0 
80200400 80200400        0     1                 .L0 
80200400 80200400        0     1                 .L0 
80200402 80200402        0     1                 .L0 
80200402 80200402        0     1                 .L0 
80200404 80200404        0     1                 .L0 
80200406 80200406        0     1                 .L0 
80200408 80200408        0     1                 .L0 
80200408 80200408        0     1                 .L0 
8020040c 8020040c        0     1                 .L0 
8020040c 8020040c        0     1                 .L0 
8020040c 8020040c        0     1                 .L0 
8020040c 8020040c        0     1                 .L0 
8020040c 8020040c        0     1                 .L0 
8020040c 8020040c       3a     1                 proc_b_entry
80200412 80200412        0     1                 .L0 
8020041c 8020041c        0     1                 .L0 
8020041c 8020041c        0     1                 .L0 
80200424 80200424        0     1                 .L0 
80200424 80200424        0     1                 .L0 
80200424 80200424        0     1                 .L0 
8020043a 8020043a        0     1                 .L0 
8020043a 8020043a        0     1                 .L0 
8020043c 8020043c        0     1                 .L0 
8020043c 8020043c        0     1                 .L0 
8020043e 8020043e        0     1                 .L0 
80200440 80200440        0     1                 .L0 
80200442 80200442        0     1                 .L0 
80200442 80200442        0     1                 .L0 
80200446 80200446        0     1                 .L0 
80200446 80200446        0     1                 .L0 
80200446 80200446        0     1                 .L0 
80200446 80200446        0     1                 .L0 
80200446 80200446        0     1                 .L0 
80200446 80200446      31a     1                 kernel_main
8020044a 8020044a        0     1                 .L0 
80200460 80200460        0     1                 .L0 
80200460 80200460        0     1                 .L0 
80200468 80200468        0     1                 .L0 
80200468 80200468        0     1                 .L0 
80200470 80200470        0     1                 .L0 
80200470 80200470        0     1                 .L0 
80200474 80200474        0     1                 .L0 
80200478 80200478        0     1                 .L0 
8020047a 8020047a        0     1                 .L0 
8020047a 8020047a        0     1                 .L0 
8020048a 8020048a        0     1                 .L0 
8020048c 8020048c        0     1                 .L0 
8020048c 8020048c        0     1                 .L0 
80200494 80200494        0     1                 .L0 
80200496 80200496        0     1                 .L0 
80200496 80200496        0     1                 .L0 
8020049e 8020049e        0     1                 .L0 
802004a0 802004a0        0     1                 .L0 
802004a0 802004a0        0     1                 .L0 
802004a8 802004a8        0     1                 .L0 
802004aa 802004aa        0     1                 .L0 
802004aa 802004aa        0     1                 .L0 
802004b2 802004b2        0     1                 .L0 
802004b4 802004b4        0     1                 .L0 
802004b4 802004b4        0     1                 .L0 
802004bc 802004bc        0     1                 .L0 
802004be 802004be        0     1                 .L0 
802004be 802004be        0     1                 .L0 
802004c6 802004c6        0     1                 .L0 
802004c8 802004c8        0     1                 .L0 
802004c8 802004c8        0     1                 .L0 
802004de 802004de        0     1                 .L0 
802004e0 802004e0        0     1                 .L0 
802004e0 802004e0        0     1                 .L0 
802004e0 802004e0        0     1                 .L0 
802004e4 802004e4        0     1                 .L0 
802004e4 802004e4        0     1                 .L0 
802004e8 802004e8        0     1                 .L0 
802004e8 802004e8        0     1                 .L0 
802004ee 802004ee        0     1                 .L0 
802004ee 802004ee        0     1                 .L0 
802004f4 802004f4        0     1                 .L0 
802004f4 802004f4        0     1                 .L0 
802004fa 802004fa        0     1                 .L0 
802004fa 802004fa        0     1                 .L0 
80200500 80200500        0     1                 .L0 
80200500 80200500        0     1                 .L0 
80200504 80200504        0     1                 .L0 
80200506 80200506        0     1                 .L0 
8020050e 8020050e        0     1                 .L0 
80200512 80200512        0     1                 .L0 
80200512 80200512        0     1                 .L0 
80200516 80200516        0     1                 .L0 
80200516 80200516        0     1                 .L0 
8020051a 8020051a        0     1                 .L0 
8020051a 8020051a        0     1                 .L0 
8020051e 8020051e        0     1                 .L0 
8020051e 8020051e        0     1                 .L0 
80200522 80200522        0     1                 .L0 
80200522 80200522        0     1                 .L0 
80200526 80200526        0     1                 .L0 
80200526 80200526        0     1                 .L0 
8020052a 8020052a        0     1                 .L0 
8020052a 8020052a        0     1                 .L0 
8020052e 8020052e        0     1                 .L0 
8020052e 8020052e        0     1                 .L0 
80200532 80200532        0     1                 .L0 
80200532 80200532        0     1                 .L0 
80200536 80200536        0     1                 .L0 
80200536 80200536        0     1                 .L0 
80200538 80200538        0     1                 .L0 
8020053c 8020053c        0     1                 .L0 
8020053c 8020053c        0     1                 .L0 
80200540 80200540        0     1                 .L0 
80200540 80200540        0     1                 .L0 
80200544 80200544        0     1                 .L0 
80200544 80200544        0     1                 .L0 
80200548 80200548        0     1                 .L0 
80200548 80200548        0     1                 .L0 
8020054c 8020054c        0     1                 .L0 
8020054e 8020054e        0     1                 .L0 
8020054e 8020054e        0     1                 .L0 
80200552 80200552        0     1                 .L0 
80200552 80200552        0     1                 .L0 
80200554 80200554        0     1                 .L0 
80200554 80200554        0     1                 .L0 
8020055c 8020055c        0     1                 .L0 
80200560 80200560        0     1                 .L0 
80200560 80200560        0     1                 .L0 
80200562 80200562        0     1                 .L0 
80200564 80200564        0     1                 .L0 
80200564 80200564        0     1                 .L0 
80200574 80200574        0     1                 .L0 
8020057c 8020057c        0     1                 .L0 
8020057e 8020057e        0     1                 .L0 
8020057e 8020057e        0     1                 .L0 
80200586 80200586        0     1                 .L0 
80200588 80200588        0     1                 .L0 
80200588 80200588        0     1                 .L0 
80200590 80200590        0     1                 .L0 
80200592 80200592        0     1                 .L0 
80200592 80200592        0     1                 .L0 
8020059a 8020059a        0     1                 .L0 
8020059c 8020059c        0     1                 .L0 
8020059c 8020059c        0     1                 .L0 
802005a4 802005a4        0     1                 .L0 
802005a6 802005a6        0     1                 .L0 
802005a6 802005a6        0     1                 .L0 
802005ae 802005ae        0     1                 .L0 
802005b0 802005b0        0     1                 .L0 
802005b0 802005b0        0     1                 .L0 
802005c6 802005c6        0     1                 .L0 
802005c8 802005c8        0     1                 .L0 
802005c8 802005c8        0     1                 .L0 
802005c8 802005c8        0     1                 .L0 
802005d0 802005d0        0     1                 .L0 
802005d0 802005d0        0     1                 .L0 
802005d6 802005d6        0     1                 .L0 
802005d8 802005d8        0     1                 .L0 
802005d8 802005d8        0     1                 .L0 
802005d8 802005d8        0     1                 .L0 
802005e0 802005e0        0     1                 .L0 
802005e2 802005e2        0     1                 .L0 
802005e2 802005e2        0     1                 .L0 
802005e2 802005e2        0     1                 .L0 
802005ea 802005ea        0     1                 .L0 
802005ec 802005ec        0     1                 .L0 
802005ec 802005ec        0     1                 .L0 
802005ec 802005ec        0     1                 .L0 
802005f4 802005f4        0     1                 .L0 
802005f6 802005f6        0     1                 .L0 
802005f6 802005f6        0     1                 .L0 
802005f6 802005f6        0     1                 .L0 
802005fe 802005fe        0     1                 .L0 
80200600 80200600        0     1                 .L0 
80200600 80200600        0     1                 .L0 
80200600 80200600        0     1                 .L0 
80200608 80200608        0     1                 .L0 
80200608 80200608        0     1                 .L0 
80200608 80200608        0     1                 .L0 
8020060a 8020060a        0     1                 .L0 
8020060a 8020060a        0     1                 .L0 
80200612 80200612        0     1                 .L0 
80200616 80200616        0     1                 .L0 
80200616 80200616        0     1                 .L0 
8020061a 8020061a        0     1                 .L0 
8020061a 8020061a        0     1                 .L0 
8020061e 8020061e        0     1                 .L0 
8020061e 8020061e        0     1                 .L0 
80200622 80200622        0     1                 .L0 
80200622 80200622        0     1                 .L0 
80200626 80200626        0     1                 .L0 
80200626 80200626        0     1                 .L0 
8020062a 8020062a        0     1                 .L0 
8020062a 8020062a        0     1                 .L0 
8020062e 8020062e        0     1                 .L0 
8020062e 8020062e        0     1                 .L0 
80200632 80200632        0     1                 .L0 
80200632 80200632        0     1                 .L0 
80200636 80200636        0     1                 .L0 
80200636 80200636        0     1                 .L0 
80200638 80200638        0     1                 .L0 
8020063c 8020063c        0     1                 .L0 
8020063c 8020063c        0     1                 .L0 
80200640 80200640        0     1                 .L0 
80200640 80200640        0     1                 .L0 
80200644 80200644        0     1                 .L0 
80200644 80200644        0     1                 .L0 
80200648 80200648        0     1                 .L0 
80200648 80200648        0     1                 .L0 
8020064a 8020064a        0     1                 .L0 
8020064a 8020064a        0     1                 .L0 
8020064c 8020064c        0     1                 .L0 
8020064e 8020064e        0     1                 .L0 
8020064e 8020064e        0     1                 .L0 
8020065a 8020065a        0     1                 .L0 
8020065a 8020065a        0     1                 .L0 
80200664 80200664        0     1                 .L0 
8020066c 8020066c        0     1                 .L0 
8020066e 8020066e        0     1                 .L0 
8020066e 8020066e        0     1                 .L0 
80200676 80200676        0     1                 .L0 
80200678 80200678        0     1                 .L0 
80200678 80200678        0     1                 .L0 
80200680 80200680        0     1                 .L0 
80200682 80200682        0     1                 .L0 
80200682 80200682        0     1                 .L0 
8020068a 8020068a        0     1                 .L0 
8020068c 8020068c        0     1                 .L0 
8020068c 8020068c        0     1                 .L0 
80200694 80200694        0     1                 .L0 
80200696 80200696        0     1                 .L0 
80200696 80200696        0     1                 .L0 
8020069e 8020069e        0     1                 .L0 
802006a0 802006a0        0     1                 .L0 
802006a0 802006a0        0     1                 .L0 
802006b6 802006b6        0     1                 .L0 
802006b8 802006b8        0     1                 .L0 
802006b8 802006b8        0     1                 .L0 
802006b8 802006b8        0     1                 .L0 
802006c0 802006c0        0     1                 .L0 
802006c0 802006c0        0     1                 .L0 
802006c6 802006c6        0     1                 .L0 
802006c8 802006c8        0     1                 .L0 
802006c8 802006c8        0     1                 .L0 
802006c8 802006c8        0     1                 .L0 
802006d0 802006d0        0     1                 .L0 
802006d2 802006d2        0     1                 .L0 
802006d2 802006d2        0     1                 .L0 
802006d2 802006d2        0     1                 .L0 
802006da 802006da        0     1                 .L0 
802006dc 802006dc        0     1                 .L0 
802006dc 802006dc        0     1                 .L0 
802006dc 802006dc        0     1                 .L0 
802006e4 802006e4        0     1                 .L0 
802006e6 802006e6        0     1                 .L0 
802006e6 802006e6        0     1                 .L0 
802006e6 802006e6        0     1                 .L0 
802006ee 802006ee        0     1                 .L0 
802006f0 802006f0        0     1                 .L0 
802006f0 802006f0        0     1                 .L0 
802006f0 802006f0        0     1                 .L0 
802006f8 802006f8        0     1                 .L0 
802006f8 802006f8        0     1                 .L0 
802006fa 802006fa        0     1                 .L0 
80200708 80200708        0     1                 .L0 
8020070a 8020070a        0     1                 .L0 
8020070a 8020070a        0     1                 .L0 
8020070e 8020070e        0     1                 .L0 
8020070e 8020070e        0     1                 .L0 
80200712 80200712        0     1                 .L0 
80200712 80200712        0     1                 .L0 
80200716 80200716        0     1                 .L0 
80200716 80200716        0     1                 .L0 
8020071a 8020071a        0     1                 .L0 
8020071a 8020071a        0     1                 .L0 
8020071e 8020071e        0     1                 .L0 
8020071e 8020071e        0     1                 .L0 
80200722 80200722        0     1                 .L0 
80200722 80200722        0     1                 .L0 
80200726 80200726        0     1                 .L0 
80200726 80200726        0     1                 .L0 
8020072a 8020072a        0     1                 .L0 
8020072a 8020072a        0     1                 .L0 
8020072c 8020072c        0     1                 .L0 
80200730 80200730        0     1                 .L0 
80200730 80200730        0     1                 .L0 
80200734 80200734        0     1                 .L0 
80200734 80200734        0     1                 .L0 
80200738 80200738        0     1                 .L0 
80200738 80200738        0     1                 .L0 
8020073c 8020073c        0     1                 .L0 
8020073c 8020073c        0     1                 .L0 
80200740 80200740        0     1                 .L0 
80200742 80200742        0     1                 .L0 
80200744 80200744        0     1                 .L0 
80200744 80200744        0     1                 .L0 
80200746 80200746        0     1                 .L0 
80200748 80200748        0     1                 .L0 
80200748 80200748        0     1                 .L0 
8020075e 8020075e        0     1                 .L0 
80200760 80200760        0     1                 .L0 
80200760 80200760        0     1                 .L0 
80200760 80200760      216     2         /tmp/common-d005c8.o:(.text)
80200760 80200760        0     1                 .L0 
80200760 80200760        0     1                 .L0 
80200760 80200760        0     1                 $x
80200760 80200760        0     1                 .L0 
80200760 80200760       1c     1                 memcpy
80200764 80200764        0     1                 .L0 
80200776 80200776        0     1                 .L0 
8020077a 8020077a        0     1                 .L0 
8020077c 8020077c        0     1                 .L0 
8020077c 8020077c        0     1                 .L0 
8020077c 8020077c        0     1                 .L0 
8020077c 8020077c       16     1                 memset
80200780 80200780        0     1                 .L0 
8020078c 8020078c        0     1                 .L0 
80200790 80200790        0     1                 .L0 
80200792 80200792        0     1                 .L0 
80200792 80200792        0     1                 .L0 
80200792 80200792        0     1                 .L0 
80200792 80200792       24     1                 strcmp
80200796 80200796        0     1                 .L0 
80200798 80200798        0     1                 .L0 
8020079e 8020079e        0     1                 .L0 
802007a2 802007a2        0     1                 .L0 
802007a8 802007a8        0     1                 .L0 
802007ac 802007ac        0     1                 .L0 
802007b4 802007b4        0     1                 .L0 
802007b6 802007b6        0     1                 .L0 
802007b6 802007b6        0     1                 .L0 
802007b6 802007b6        0     1                 .L0 
802007b6 802007b6      1c0     1                 printf
802007d2 802007d2        0     1                 .L0 
802007fc 802007fc        0     1                 .L0 
8020080c 8020080c        0     1                 .L0 
8020080c 8020080c        0     1                 .L0 
80200810 80200810        0     1                 .L0 
80200810 80200810        0     1                 .L0 
80200812 80200812        0     1                 .L0 
80200816 80200816        0     1                 .L0 
8020081e 8020081e        0     1                 .L0 
8020081e 8020081e        0     1                 .L0 
80200820 80200820        0     1                 .L0 
80200820 80200820        0     1                 .L0 
80200822 80200822        0     1                 .L0 
80200824 80200824        0     1                 .L0 
80200824 80200824        0     1                 .L0 
8020082a 8020082a        0     1                 .L0 
8020083a 8020083a        0     1                 .L0 
8020083a 8020083a        0     1                 .L0 
80200846 80200846        0     1                 .L0 
80200846 80200846        0     1                 .L0 
8020084a 8020084a        0     1                 .L0 
8020084a 8020084a        0     1                 .L0 
8020084c 8020084c        0     1                 .L0 
80200852 80200852        0     1                 .L0 
80200852 80200852        0     1                 .L0 
8020085a 8020085a        0     1                 .L0 
8020085a 8020085a        0     1                 .L0 
80200864 80200864        0     1                 .L0 
80200864 80200864        0     1                 .L0 
80200868 80200868        0     1                 .L0 
80200868 80200868        0     1                 .L0 
8020086a 8020086a        0     1                 .L0 
8020086e 8020086e        0     1                 .L0 
80200872 80200872        0     1                 .L0 
80200872 80200872        0     1                 .L0 
80200878 80200878        0     1                 .L0 
80200878 80200878        0     1                 .L0 
8020087a 8020087a        0     1                 .L0 
8020087e 8020087e        0     1                 .L0 
80200882 80200882        0     1                 .L0 
80200882 80200882        0     1                 .L0 
80200888 80200888        0     1                 .L0 
80200888 80200888        0     1                 .L0 
8020088a 8020088a        0     1                 .L0 
8020088e 8020088e        0     1                 .L0 
80200892 80200892        0     1                 .L0 
80200892 80200892        0     1                 .L0 
80200898 80200898        0     1                 .L0 
80200898 80200898        0     1                 .L0 
8020089a 8020089a        0     1                 .L0 
8020089e 8020089e        0     1                 .L0 
802008a2 802008a2        0     1                 .L0 
802008a2 802008a2        0     1                 .L0 
802008a8 802008a8        0     1                 .L0 
802008a8 802008a8        0     1                 .L0 
802008aa 802008aa        0     1                 .L0 
802008ae 802008ae        0     1                 .L0 
802008b2 802008b2        0     1                 .L0 
802008b2 802008b2        0     1                 .L0 
802008b8 802008b8        0     1                 .L0 
802008b8 802008b8        0     1                 .L0 
802008ba 802008ba        0     1                 .L0 
802008be 802008be        0     1                 .L0 
802008c2 802008c2        0     1                 .L0 
802008c2 802008c2        0     1                 .L0 
802008c8 802008c8        0     1                 .L0 
802008c8 802008c8        0     1                 .L0 
802008ca 802008ca        0     1                 .L0 
802008ce 802008ce        0     1                 .L0 
802008d2 802008d2        0     1                 .L0 
802008d2 802008d2        0     1                 .L0 
802008d4 802008d4        0     1                 .L0 
802008d4 802008d4        0     1                 .L0 
802008d6 802008d6        0     1                 .L0 
802008da 802008da        0     1                 .L0 
802008da 802008da        0     1                 .L0 
802008de 802008de        0     1                 .L0 
802008de 802008de        0     1                 .L0 
802008e0 802008e0        0     1                 .L0 
802008e2 802008e2        0     1                 .L0 
802008e2 802008e2        0     1                 .L0 
802008e2 802008e2        0     1                 .L0 
802008ec 802008ec        0     1                 .L0 
802008f0 802008f0        0     1                 .L0 
802008f6 802008f6        0     1                 .L0 
802008f6 802008f6        0     1                 .L0 
802008f6 802008f6        0     1                 .L0 
802008fe 802008fe        0     1                 .L0 
802008fe 802008fe        0     1                 .L0 
80200902 80200902        0     1                 .L0 
80200904 80200904        0     1                 .L0 
80200908 80200908        0     1                 .L0 
80200908 80200908        0     1                 .L0 
80200908 80200908        0     1                 .L0 
80200910 80200910        0     1                 .L0 
80200910 80200910        0     1                 .L0 
80200914 80200914        0     1                 .L0 
80200916 80200916        0     1                 .L0 
8020091a 8020091a        0     1                 .L0 
8020091a 8020091a        0     1                 .L0 
8020091a 8020091a        0     1                 .L0 
80200920 80200920        0     1                 .L0 
80200922 80200922        0     1                 .L0 
80200926 80200926        0     1                 .L0 
8020092a 8020092a        0     1                 .L0 
8020092a 8020092a        0     1                 .L0 
8020092a 8020092a        0     1                 .L0 
8020092c 8020092c        0     1                 .L0 
8020092c 8020092c        0     1                 .L0 
80200930 80200930        0     1                 .L0 
80200934 80200934        0     1                 .L0 
8020093c 8020093c        0     1                 .L0 
8020093c 8020093c        0     1                 .L0 
8020094a 8020094a        0     1                 .L0 
8020094a 8020094a        0     1                 .L0 
80200950 80200950        0     1                 .L0 
80200950 80200950        0     1                 .L0 
80200950 80200950        0     1                 .L0 
80200958 80200958        0     1                 .L0 
80200958 80200958        0     1                 .L0 
80200958 80200958        0     1                 .L0 
8020095c 8020095c        0     1                 .L0 
80200972 80200972        0     1                 .L0 
80200976 80200976        0     1                 .L0 
80200976 80200976        0     1                 .L0 
80200978 80200978       aa     4 .rodata
80200978 80200978       aa     1         <internal>:(.rodata.str1.1)
80200a24 80200a24        4     4 .data
80200a24 80200a24        4     4         /tmp/kernel-52ca0a.o:(.data)
80200a24 80200a24        4     1                 alloc_pages.next_paddr
80200a24 80200a24        0     1                 $d
80200a28 80200a28    10070     4 .bss
80200a28 80200a28        0     1         __bss = .
80200a28 80200a28    10070     4         /tmp/kernel-52ca0a.o:(.bss)
80200a28 80200a28        0     1                 $d
80200a28 80200a28    10060     1                 procs
80210a88 80210a88       10     1                 .L_MergedGlobals
80210a88 80210a88        4     1                 idle_proc
80210a8c 80210a8c        4     1                 current_proc
80210a90 80210a90        4     1                 proc_a
80210a94 80210a94        4     1                 proc_b
80210a98 80210a98        0     1         __bss_end = .
80210a98 80210a98        0     1 . = ALIGN(4)
80210a98 80210a98    20000     1 . += 128 * 1024
80230a98 80230a98        0     1 __stack_top = .
80230a98 80230a98      568     1 . = ALIGN(4096)
80231000 80231000        0     1 __free_ram = .
80231000 80231000    10400     1 . += 64 * 1024 + 1024
80241400 80241400        0     1 __free_ram_end = .
       0        0      86c     1 .debug_loclists
       0        0      6d4     1         /tmp/kernel-52ca0a.o:(.debug_loclists)
       0        0        0     1                 $d
       c        c        0     1                 .L0 
     6d4      6d4      198     1         /tmp/common-d005c8.o:(.debug_loclists)
     6d4      6d4        0     1                 $d
     6e0      6e0        0     1                 .L0 
       0        0      3e5     1 .debug_abbrev
       0        0      2b6     1         /tmp/kernel-52ca0a.o:(.debug_abbrev)
       0        0        0     1                 $d
     2b6      2b6      12f     1         /tmp/common-d005c8.o:(.debug_abbrev)
     2b6      2b6        0     1                 $d
       0        0      a1e     1 .debug_info
       0        0      810     1         /tmp/kernel-52ca0a.o:(.debug_info)
       0        0        0     1                 $d
     810      810      20e     1         /tmp/common-d005c8.o:(.debug_info)
     810      810        0     1                 $d
       0        0       92     1 .debug_rnglists
       0        0       77     1         /tmp/kernel-52ca0a.o:(.debug_rnglists)
       0        0        0     1                 $d
       c        c        0     1                 .L0 
      77       77       1b     1         /tmp/common-d005c8.o:(.debug_rnglists)
      77       77        0     1                 $d
      83       83        0     1                 .L0 
       0        0      21c     1 .debug_str_offsets
       0        0      188     1         /tmp/kernel-52ca0a.o:(.debug_str_offsets)
       0        0        0     1                 $d
       8        8        0     1                 .L0 
     188      188       94     1         /tmp/common-d005c8.o:(.debug_str_offsets)
     188      188        0     1                 $d
     190      190        0     1                 .L0 
       0        0      2e6     1 .debug_str
       0        0      2e6     1         <internal>:(.debug_str)
       0        0      114     1 .debug_addr
       0        0       b8     1         /tmp/kernel-52ca0a.o:(.debug_addr)
       0        0        0     1                 $d
       8        8        0     1                 .L0 
      b8       b8       5c     1         /tmp/common-d005c8.o:(.debug_addr)
      b8       b8        0     1                 $d
      c0       c0        0     1                 .L0 
       0        0       29     1 .comment
       0        0       29     1         <internal>:(.comment)
       0        0       4e     1 .riscv.attributes
       0        0       4e     1         <internal>:(.riscv.attributes)
       0        0      1a0     4 .debug_frame
       0        0      118     4         /tmp/kernel-52ca0a.o:(.debug_frame)
       0        0        0     1                 .L0 
       0        0        0     1                 $d
     118      118       88     4         /tmp/common-d005c8.o:(.debug_frame)
     118      118        0     1                 .L0 
     118      118        0     1                 $d
       0        0      a8d     1 .debug_line
       0        0      7be     1         /tmp/kernel-52ca0a.o:(.debug_line)
       0        0        0     1                 .Lline_table_start0
       0        0        0     1                 $d
     7be      7be      2cf     1         /tmp/common-d005c8.o:(.debug_line)
     7be      7be        0     1                 .Lline_table_start0
     7be      7be        0     1                 $d
       0        0       51     1 .debug_line_str
       0        0       51     1         <internal>:(.debug_line_str)
       0        0      3e0     4 .symtab
       0        0      3e0     4         <internal>:(.symtab)
       0        0       dc     1 .shstrtab
       0        0       dc     1         <internal>:(.shstrtab)
       0        0      18f     1 .strtab
       0        0      18f     1         <internal>:(.strtab)
