     VMA      LMA     Size Align Out     In      Symbol
       0        0 80200000     1 . = 0x80200000
80200000 80200000     6b10     4 .text
80200000 80200000        0     1         __text_start = .
80200000 80200000        e     2         /tmp/boot-2ab885.o:(.text.boot)
80200000 80200000        0     1                 .L0 
80200000 80200000        0     1                 .L0 
80200000 80200000        0     1                 $x
80200000 80200000        0     1                 .L0 
80200000 80200000        e     1                 boot
8020000e 8020000e        0     1                 .L0 
8020000e 8020000e        0     1                 .L0 
8020000e 8020000e        0     2         /tmp/boot-2ab885.o:(.text)
8020000e 8020000e       46     2         /tmp/context-991445.o:(.text)
8020000e 8020000e        0     1                 .L0 
8020000e 8020000e        0     1                 .L0 
8020000e 8020000e        0     1                 $x
8020000e 8020000e        0     1                 .L0 
8020000e 8020000e       46     1                 switch_context
80200054 80200054       70     2         /tmp/plic-5e7fc8.o:(.text)
80200054 80200054        0     1                 .L0 
80200054 80200054        0     1                 .L0 
80200054 80200054        0     1                 $x
80200054 80200054        0     1                 .L0 
80200054 80200054       60     1                 plic_init
8020005a 8020005a        0     1                 .L0 
802000a2 802000a2        0     1                 .L0 
802000aa 802000aa        0     1                 .L0 
802000ae 802000ae        0     1                 .L0 
802000b2 802000b2        0     1                 .L0 
802000b4 802000b4        0     1                 .L0 
802000b4 802000b4        0     1                 .L0 
802000b4 802000b4        0     1                 .L0 
802000b4 802000b4        8     1                 plic_claim
802000b8 802000b8        0     1                 .L0 
802000ba 802000ba        0     1                 .L0 
802000bc 802000bc        0     1                 .L0 
802000bc 802000bc        0     1                 .L0 
802000bc 802000bc        0     1                 .L0 
802000bc 802000bc        8     1                 plic_complete
802000c0 802000c0        0     1                 .L0 
802000c4 802000c4       98     4         /tmp/trap_entry-c39f40.o:(.text)
802000c4 802000c4        0     1                 .L0 
802000c4 802000c4        0     1                 .L0 
802000c4 802000c4        0     1                 $x
802000c4 802000c4        0     1                 .L0 
802000c4 802000c4       98     1                 kernel_entry
8020015c 8020015c        0     1                 .L0 
8020015c 8020015c        0     1                 .L0 
8020015c 8020015c      68a     2         /tmp/virtio_blk-27f5f1.o:(.text)
8020015c 8020015c        0     1                 .L0 
8020015c 8020015c        0     1                 .L0 
8020015c 8020015c        0     1                 $x
8020015c 8020015c        0     1                 .L0 
8020015c 8020015c      224     1                 blk_init
80200164 80200164        0     1                 .L0 
80200168 80200168        0     1                 .L0 
80200168 80200168        0     1                 .L0 
8020016a 8020016a        0     1                 .L0 
8020016c 8020016c        0     1                 .L0 
8020016e 8020016e        0     1                 .L0 
80200176 80200176        0     1                 .L0 
8020017a 8020017a        0     1                 .L0 
8020017c 8020017c        0     1                 .L0 
8020017e 8020017e        0     1                 .L0 
8020017e 8020017e        0     1                 .L0 
80200182 80200182        0     1                 .L0 
80200184 80200184        0     1                 .L0 
80200188 80200188        0     1                 .L0 
80200188 80200188        0     1                 .L0 
8020018e 8020018e        0     1                 .L0 
80200190 80200190        0     1                 .L0 
80200192 80200192        0     1                 .L0 
80200196 80200196        0     1                 .L0 
80200198 80200198        0     1                 .L0 
8020019a 8020019a        0     1                 .L0 
8020019e 8020019e        0     1                 .L0 
802001a0 802001a0        0     1                 .L0 
802001a4 802001a4        0     1                 .L0 
802001a4 802001a4        0     1                 .L0 
802001ac 802001ac        0     1                 .L0 
802001b6 802001b6        0     1                 .L0 
802001ba 802001ba        0     1                 .L0 
802001bc 802001bc        0     1                 .L0 
802001be 802001be        0     1                 .L0 
802001be 802001be        0     1                 .L0 
802001c2 802001c2        0     1                 .L0 
802001c4 802001c4        0     1                 .L0 
802001c8 802001c8        0     1                 .L0 
802001c8 802001c8        0     1                 .L0 
802001ce 802001ce        0     1                 .L0 
802001d0 802001d0        0     1                 .L0 
802001d2 802001d2        0     1                 .L0 
802001d6 802001d6        0     1                 .L0 
802001d8 802001d8        0     1                 .L0 
802001da 802001da        0     1                 .L0 
802001de 802001de        0     1                 .L0 
802001e0 802001e0        0     1                 .L0 
802001e4 802001e4        0     1                 .L0 
802001e4 802001e4        0     1                 .L0 
802001ec 802001ec        0     1                 .L0 
802001f6 802001f6        0     1                 .L0 
802001fa 802001fa        0     1                 .L0 
802001fc 802001fc        0     1                 .L0 
802001fe 802001fe        0     1                 .L0 
802001fe 802001fe        0     1                 .L0 
80200202 80200202        0     1                 .L0 
80200204 80200204        0     1                 .L0 
80200208 80200208        0     1                 .L0 
80200208 80200208        0     1                 .L0 
8020020e 8020020e        0     1                 .L0 
80200210 80200210        0     1                 .L0 
80200212 80200212        0     1                 .L0 
80200216 80200216        0     1                 .L0 
80200218 80200218        0     1                 .L0 
8020021a 8020021a        0     1                 .L0 
8020021e 8020021e        0     1                 .L0 
80200220 80200220        0     1                 .L0 
80200224 80200224        0     1                 .L0 
80200224 80200224        0     1                 .L0 
8020022c 8020022c        0     1                 .L0 
8020022e 8020022e        0     1                 .L0 
80200236 80200236        0     1                 .L0 
8020023a 8020023a        0     1                 .L0 
8020023c 8020023c        0     1                 .L0 
8020023e 8020023e        0     1                 .L0 
8020023e 8020023e        0     1                 .L0 
80200242 80200242        0     1                 .L0 
80200244 80200244        0     1                 .L0 
80200248 80200248        0     1                 .L0 
80200248 80200248        0     1                 .L0 
8020024e 8020024e        0     1                 .L0 
80200250 80200250        0     1                 .L0 
80200252 80200252        0     1                 .L0 
80200254 80200254        0     1                 .L0 
80200258 80200258        0     1                 .L0 
8020025a 8020025a        0     1                 .L0 
8020025c 8020025c        0     1                 .L0 
80200260 80200260        0     1                 .L0 
80200262 80200262        0     1                 .L0 
80200266 80200266        0     1                 .L0 
80200266 80200266        0     1                 .L0 
8020026e 8020026e        0     1                 .L0 
8020026e 8020026e        0     1                 .L0 
80200272 80200272        0     1                 .L0 
80200272 80200272        0     1                 .L0 
80200278 80200278        0     1                 .L0 
8020027a 8020027a        0     1                 .L0 
8020027a 8020027a        0     1                 .L0 
80200280 80200280        0     1                 .L0 
80200282 80200282        0     1                 .L0 
80200282 80200282        0     1                 .L0 
80200286 80200286        0     1                 .L0 
8020028a 8020028a        0     1                 .L0 
8020028a 8020028a        0     1                 .L0 
8020028e 8020028e        0     1                 .L0 
80200292 80200292        0     1                 .L0 
80200292 80200292        0     1                 .L0 
80200296 80200296        0     1                 .L0 
80200298 80200298        0     1                 .L0 
80200298 80200298        0     1                 .L0 
8020029c 8020029c        0     1                 .L0 
802002a0 802002a0        0     1                 .L0 
802002a0 802002a0        0     1                 .L0 
802002a6 802002a6        0     1                 .L0 
802002a8 802002a8        0     1                 .L0 
802002a8 802002a8        0     1                 .L0 
802002ac 802002ac        0     1                 .L0 
802002ae 802002ae        0     1                 .L0 
802002b4 802002b4        0     1                 .L0 
802002b6 802002b6        0     1                 .L0 
802002b6 802002b6        0     1                 .L0 
802002ba 802002ba        0     1                 .L0 
802002ba 802002ba        0     1                 .L0 
802002be 802002be        0     1                 .L0 
802002c4 802002c4        0     1                 .L0 
802002c4 802002c4        0     1                 .L0 
802002ca 802002ca        0     1                 .L0 
802002d6 802002d6        0     1                 .L0 
802002d6 802002d6        0     1                 .L0 
802002d6 802002d6        0     1                 .L0 
802002d8 802002d8        0     1                 .L0 
802002f0 802002f0        0     1                 .L0 
802002f0 802002f0        0     1                 .L0 
80200300 80200300        0     1                 .L0 
80200300 80200300        0     1                 .L0 
80200310 80200310        0     1                 .L0 
80200310 80200310        0     1                 .L0 
80200314 80200314        0     1                 .L0 
80200318 80200318        0     1                 .L0 
80200318 80200318        0     1                 .L0 
8020031c 8020031c        0     1                 .L0 
80200320 80200320        0     1                 .L0 
80200320 80200320        0     1                 .L0 
80200324 80200324        0     1                 .L0 
80200328 80200328        0     1                 .L0 
80200328 80200328        0     1                 .L0 
8020032c 8020032c        0     1                 .L0 
80200330 80200330        0     1                 .L0 
80200330 80200330        0     1                 .L0 
80200334 80200334        0     1                 .L0 
80200338 80200338        0     1                 .L0 
80200338 80200338        0     1                 .L0 
8020033c 8020033c        0     1                 .L0 
80200340 80200340        0     1                 .L0 
80200340 80200340        0     1                 .L0 
80200346 80200346        0     1                 .L0 
80200348 80200348        0     1                 .L0 
80200348 80200348        0     1                 .L0 
8020034e 8020034e        0     1                 .L0 
80200350 80200350        0     1                 .L0 
80200350 80200350        0     1                 .L0 
80200354 80200354        0     1                 .L0 
80200358 80200358        0     1                 .L0 
80200366 80200366        0     1                 .L0 
80200366 80200366        0     1                 .L0 
8020036e 8020036e        0     1                 .L0 
8020036e 8020036e        0     1                 .L0 
8020037c 8020037c        0     1                 .L0 
8020037e 8020037e        0     1                 .L0 
8020037e 8020037e        0     1                 .L0 
80200380 80200380        0     1                 .L0 
80200380 80200380        0     1                 .L0 
80200380 80200380        0     1                 .L0 
80200380 80200380        0     1                 .L0 
80200380 80200380        0     1                 .L0 
80200380 80200380      3a4     1                 blk_read
8020039c 8020039c        0     1                 .L0 
8020039e 8020039e        0     1                 .L0 
802003a0 802003a0        0     1                 .L0 
802003a4 802003a4        0     1                 .L0 
802003ae 802003ae        0     1                 .L0 
802003b2 802003b2        0     1                 .L0 
802003b4 802003b4        0     1                 .L0 
80200412 80200412        0     1                 .L0 
80200412 80200412        0     1                 .L0 
80200414 80200414        0     1                 .L0 
80200418 80200418        0     1                 .L0 
8020041a 8020041a        0     1                 .L0 
8020041a 8020041a        0     1                 .L0 
80200422 80200422        0     1                 .L0 
80200426 80200426        0     1                 .L0 
8020042a 8020042a        0     1                 .L0 
8020042a 8020042a        0     1                 .L0 
8020042e 8020042e        0     1                 .L0 
80200432 80200432        0     1                 .L0 
80200432 80200432        0     1                 .L0 
8020043e 8020043e        0     1                 .L0 
80200442 80200442        0     1                 .L0 
80200442 80200442        0     1                 .L0 
8020044e 8020044e        0     1                 .L0 
8020044e 8020044e        0     1                 .L0 
80200452 80200452        0     1                 .L0 
80200462 80200462        0     1                 .L0 
80200464 80200464        0     1                 .L0 
80200468 80200468        0     1                 .L0 
8020046c 8020046c        0     1                 .L0 
80200470 80200470        0     1                 .L0 
80200476 80200476        0     1                 .L0 
80200478 80200478        0     1                 .L0 
8020047e 8020047e        0     1                 .L0 
80200482 80200482        0     1                 .L0 
80200482 80200482        0     1                 .L0 
80200486 80200486        0     1                 .L0 
80200488 80200488        0     1                 .L0 
80200488 80200488        0     1                 .L0 
80200488 80200488        0     1                 .L0 
8020048c 8020048c        0     1                 .L0 
8020048e 8020048e        0     1                 .L0 
8020048e 8020048e        0     1                 .L0 
80200492 80200492        0     1                 .L0 
80200494 80200494        0     1                 .L0 
80200494 80200494        0     1                 .L0 
80200498 80200498        0     1                 .L0 
8020049a 8020049a        0     1                 .L0 
8020049a 8020049a        0     1                 .L0 
8020049e 8020049e        0     1                 .L0 
802004a0 802004a0        0     1                 .L0 
802004a0 802004a0        0     1                 .L0 
802004a4 802004a4        0     1                 .L0 
802004a6 802004a6        0     1                 .L0 
802004a6 802004a6        0     1                 .L0 
802004aa 802004aa        0     1                 .L0 
802004ac 802004ac        0     1                 .L0 
802004ac 802004ac        0     1                 .L0 
802004b0 802004b0        0     1                 .L0 
802004b2 802004b2        0     1                 .L0 
802004b2 802004b2        0     1                 .L0 
802004b6 802004b6        0     1                 .L0 
802004be 802004be        0     1                 .L0 
802004be 802004be        0     1                 .L0 
802004c4 802004c4        0     1                 .L0 
802004ca 802004ca        0     1                 .L0 
802004ca 802004ca        0     1                 .L0 
802004ce 802004ce        0     1                 .L0 
802004d0 802004d0        0     1                 .L0 
802004d0 802004d0        0     1                 .L0 
802004d6 802004d6        0     1                 .L0 
802004d6 802004d6        0     1                 .L0 
802004d6 802004d6        0     1                 .L0 
802004da 802004da        0     1                 .L0 
802004da 802004da        0     1                 .L0 
802004dc 802004dc        0     1                 .L0 
802004dc 802004dc        0     1                 .L0 
802004dc 802004dc        0     1                 .L0 
802004e0 802004e0        0     1                 .L0 
802004e2 802004e2        0     1                 .L0 
802004e2 802004e2        0     1                 .L0 
802004e2 802004e2        0     1                 .L0 
802004e6 802004e6        0     1                 .L0 
802004e8 802004e8        0     1                 .L0 
802004e8 802004e8        0     1                 .L0 
802004e8 802004e8        0     1                 .L0 
802004ec 802004ec        0     1                 .L0 
802004ee 802004ee        0     1                 .L0 
802004ee 802004ee        0     1                 .L0 
802004ee 802004ee        0     1                 .L0 
802004f2 802004f2        0     1                 .L0 
802004f4 802004f4        0     1                 .L0 
802004f4 802004f4        0     1                 .L0 
802004f4 802004f4        0     1                 .L0 
802004f8 802004f8        0     1                 .L0 
802004fa 802004fa        0     1                 .L0 
802004fa 802004fa        0     1                 .L0 
802004fa 802004fa        0     1                 .L0 
802004fe 802004fe        0     1                 .L0 
802004fe 802004fe        0     1                 .L0 
80200502 80200502        0     1                 .L0 
80200502 80200502        0     1                 .L0 
80200508 80200508        0     1                 .L0 
80200508 80200508        0     1                 .L0 
80200514 80200514        0     1                 .L0 
80200514 80200514        0     1                 .L0 
80200518 80200518        0     1                 .L0 
8020051c 8020051c        0     1                 .L0 
80200520 80200520        0     1                 .L0 
80200520 80200520        0     1                 .L0 
80200524 80200524        0     1                 .L0 
80200530 80200530        0     1                 .L0 
80200530 80200530        0     1                 .L0 
80200534 80200534        0     1                 .L0 
80200538 80200538        0     1                 .L0 
8020053e 8020053e        0     1                 .L0 
8020057e 8020057e        0     1                 .L0 
80200582 80200582        0     1                 .L0 
80200588 80200588        0     1                 .L0 
8020058c 8020058c        0     1                 .L0 
80200590 80200590        0     1                 .L0 
80200590 80200590        0     1                 .L0 
80200592 80200592        0     1                 .L0 
80200594 80200594        0     1                 .L0 
8020059a 8020059a        0     1                 .L0 
8020059e 8020059e        0     1                 .L0 
8020059e 8020059e        0     1                 .L0 
802005a4 802005a4        0     1                 .L0 
802005a8 802005a8        0     1                 .L0 
802005ae 802005ae        0     1                 .L0 
802005b2 802005b2        0     1                 .L0 
802005b8 802005b8        0     1                 .L0 
802005ba 802005ba        0     1                 .L0 
802005bc 802005bc        0     1                 .L0 
802005c4 802005c4        0     1                 .L0 
802005c8 802005c8        0     1                 .L0 
802005cc 802005cc        0     1                 .L0 
802005d2 802005d2        0     1                 .L0 
802005d2 802005d2        0     1                 .L0 
802005da 802005da        0     1                 .L0 
802005e2 802005e2        0     1                 .L0 
802005e4 802005e4        0     1                 .L0 
802005e8 802005e8        0     1                 .L0 
802005ec 802005ec        0     1                 .L0 
802005f4 802005f4        0     1                 .L0 
802005f8 802005f8        0     1                 .L0 
802005fc 802005fc        0     1                 .L0 
802005fe 802005fe        0     1                 .L0 
80200600 80200600        0     1                 .L0 
80200602 80200602        0     1                 .L0 
80200606 80200606        0     1                 .L0 
8020060a 8020060a        0     1                 .L0 
8020060e 8020060e        0     1                 .L0 
8020060e 8020060e        0     1                 .L0 
80200612 80200612        0     1                 .L0 
80200618 80200618        0     1                 .L0 
8020061c 8020061c        0     1                 .L0 
8020061c 8020061c        0     1                 .L0 
80200626 80200626        0     1                 .L0 
80200626 80200626        0     1                 .L0 
8020062a 8020062a        0     1                 .L0 
8020062e 8020062e        0     1                 .L0 
8020062e 8020062e        0     1                 .L0 
80200632 80200632        0     1                 .L0 
80200640 80200640        0     1                 .L0 
80200640 80200640        0     1                 .L0 
80200642 80200642        0     1                 .L0 
80200642 80200642        0     1                 .L0 
80200648 80200648        0     1                 .L0 
80200648 80200648        0     1                 .L0 
80200650 80200650        0     1                 .L0 
80200658 80200658        0     1                 .L0 
80200658 80200658        0     1                 .L0 
80200660 80200660        0     1                 .L0 
80200660 80200660        0     1                 .L0 
80200666 80200666        0     1                 .L0 
80200670 80200670        0     1                 .L0 
80200670 80200670        0     1                 .L0 
8020067c 8020067c        0     1                 .L0 
8020067c 8020067c        0     1                 .L0 
80200680 80200680        0     1                 .L0 
80200692 80200692        0     1                 .L0 
80200696 80200696        0     1                 .L0 
8020069a 8020069a        0     1                 .L0 
8020069e 8020069e        0     1                 .L0 
802006a0 802006a0        0     1                 .L0 
802006a6 802006a6        0     1                 .L0 
802006ac 802006ac        0     1                 .L0 
802006b0 802006b0        0     1                 .L0 
802006b0 802006b0        0     1                 .L0 
802006b6 802006b6        0     1                 .L0 
802006b6 802006b6        0     1                 .L0 
802006b6 802006b6        0     1                 .L0 
802006ba 802006ba        0     1                 .L0 
802006c2 802006c2        0     1                 .L0 
802006c2 802006c2        0     1                 .L0 
802006c8 802006c8        0     1                 .L0 
802006ce 802006ce        0     1                 .L0 
802006d0 802006d0        0     1                 .L0 
802006d0 802006d0        0     1                 .L0 
802006d6 802006d6        0     1                 .L0 
802006d6 802006d6        0     1                 .L0 
802006d6 802006d6        0     1                 .L0 
802006da 802006da        0     1                 .L0 
802006de 802006de        0     1                 .L0 
802006e2 802006e2        0     1                 .L0 
802006e2 802006e2        0     1                 .L0 
802006e6 802006e6        0     1                 .L0 
802006f2 802006f2        0     1                 .L0 
802006f2 802006f2        0     1                 .L0 
802006f6 802006f6        0     1                 .L0 
802006f6 802006f6        0     1                 .L0 
802006fa 802006fa        0     1                 .L0 
802006fa 802006fa        0     1                 .L0 
80200702 80200702        0     1                 .L0 
80200702 80200702        0     1                 .L0 
80200706 80200706        0     1                 .L0 
80200706 80200706        0     1                 .L0 
80200706 80200706        0     1                 .L0 
80200720 80200720        0     1                 .L0 
80200724 80200724        0     1                 .L0 
80200724 80200724        0     1                 .L0 
80200724 80200724        0     1                 .L0 
80200724 80200724        0     1                 .L0 
80200724 80200724        0     1                 .L0 
80200724 80200724       c2     1                 blk_handle_irq
8020072c 8020072c        0     1                 .L0 
8020072e 8020072e        0     1                 .L0 
8020072e 8020072e        0     1                 .L0 
80200730 80200730        0     1                 .L0 
80200730 80200730        0     1                 .L0 
80200732 80200732        0     1                 .L0 
80200732 80200732        0     1                 .L0 
80200734 80200734        0     1                 .L0 
80200734 80200734        0     1                 .L0 
80200740 80200740        0     1                 .L0 
80200740 80200740        0     1                 .L0 
80200746 80200746        0     1                 .L0 
80200748 80200748        0     1                 .L0 
8020074e 8020074e        0     1                 .L0 
80200750 80200750        0     1                 .L0 
80200750 80200750        0     1                 .L0 
80200760 80200760        0     1                 .L0 
80200764 80200764        0     1                 .L0 
80200768 80200768        0     1                 .L0 
8020077c 8020077c        0     1                 .L0 
80200788 80200788        0     1                 .L0 
8020078c 8020078c        0     1                 .L0 
8020078c 8020078c        0     1                 .L0 
80200798 80200798        0     1                 .L0 
80200798 80200798        0     1                 .L0 
8020079c 8020079c        0     1                 .L0 
802007ac 802007ac        0     1                 .L0 
802007ae 802007ae        0     1                 .L0 
802007b6 802007b6        0     1                 .L0 
802007ba 802007ba        0     1                 .L0 
802007c0 802007c0        0     1                 .L0 
802007c0 802007c0        0     1                 .L0 
802007c2 802007c2        0     1                 .L0 
802007c8 802007c8        0     1                 .L0 
802007c8 802007c8        0     1                 .L0 
802007c8 802007c8        0     1                 .L0 
802007ca 802007ca        0     1                 .L0 
802007ca 802007ca        0     1                 .L0 
802007d2 802007d2        0     1                 .L0 
802007d2 802007d2        0     1                 .L0 
802007d2 802007d2        0     1                 .L0 
802007d6 802007d6        0     1                 .L0 
802007da 802007da        0     1                 .L0 
802007da 802007da        0     1                 .L0 
802007de 802007de        0     1                 .L0 
802007de 802007de        0     1                 .L0 
802007e2 802007e2        0     1                 .L0 
802007e2 802007e2        0     1                 .L0 
802007e6 802007e6        0     1                 .L0 
802007e6 802007e6        0     1                 .L0 
802007e6 802007e6      b60     2         /tmp/virtio_gpu-148d0c.o:(.text)
802007e6 802007e6        0     1                 .L0 
802007e6 802007e6        0     1                 .L0 
802007e6 802007e6        0     1                 $x
802007e6 802007e6        0     1                 .L0 
802007e6 802007e6      3fa     1                 virtio_gpu_init
802007f0 802007f0        0     1                 .L0 
802007f2 802007f2        0     1                 .L0 
802007f6 802007f6        0     1                 .L0 
80200812 80200812        0     1                 .L0 
80200812 80200812        0     1                 .L0 
80200816 80200816        0     1                 .L0 
80200816 80200816        0     1                 .L0 
80200818 80200818        0     1                 .L0 
80200818 80200818        0     1                 .L0 
8020081c 8020081c        0     1                 .L0 
80200820 80200820        0     1                 .L0 
80200820 80200820        0     1                 .L0 
80200822 80200822        0     1                 .L0 
80200824 80200824        0     1                 .L0 
80200826 80200826        0     1                 .L0 
8020082a 8020082a        0     1                 .L0 
8020082a 8020082a        0     1                 .L0 
80200832 80200832        0     1                 .L0 
80200836 80200836        0     1                 .L0 
8020083a 8020083a        0     1                 .L0 
8020083a 8020083a        0     1                 .L0 
8020083a 8020083a        0     1                 .L0 
8020085e 8020085e        0     1                 .L0 
8020085e 8020085e        0     1                 .L0 
80200860 80200860        0     1                 .L0 
80200862 80200862        0     1                 .L0 
80200864 80200864        0     1                 .L0 
80200864 80200864        0     1                 .L0 
80200868 80200868        0     1                 .L0 
8020086c 8020086c        0     1                 .L0 
80200870 80200870        0     1                 .L0 
80200870 80200870        0     1                 .L0 
80200874 80200874        0     1                 .L0 
80200876 80200876        0     1                 .L0 
8020087e 8020087e        0     1                 .L0 
80200886 80200886        0     1                 .L0 
8020088a 8020088a        0     1                 .L0 
8020088a 8020088a        0     1                 .L0 
8020088e 8020088e        0     1                 .L0 
8020088e 8020088e        0     1                 .L0 
80200894 80200894        0     1                 .L0 
80200896 80200896        0     1                 .L0 
80200896 80200896        0     1                 .L0 
8020089c 8020089c        0     1                 .L0 
8020089c 8020089c        0     1                 .L0 
8020089e 8020089e        0     1                 .L0 
8020089e 8020089e        0     1                 .L0 
802008a2 802008a2        0     1                 .L0 
802008a6 802008a6        0     1                 .L0 
802008a6 802008a6        0     1                 .L0 
802008aa 802008aa        0     1                 .L0 
802008ae 802008ae        0     1                 .L0 
802008ae 802008ae        0     1                 .L0 
802008b0 802008b0        0     1                 .L0 
802008b0 802008b0        0     1                 .L0 
802008b4 802008b4        0     1                 .L0 
802008b6 802008b6        0     1                 .L0 
802008b6 802008b6        0     1                 .L0 
802008b8 802008b8        0     1                 .L0 
802008ba 802008ba        0     1                 .L0 
802008ba 802008ba        0     1                 .L0 
802008be 802008be        0     1                 .L0 
802008be 802008be        0     1                 .L0 
802008be 802008be        0     1                 .L0 
802008c4 802008c4        0     1                 .L0 
802008c4 802008c4        0     1                 .L0 
802008c8 802008c8        0     1                 .L0 
802008ca 802008ca        0     1                 .L0 
802008e6 802008e6        0     1                 .L0 
802008e8 802008e8        0     1                 .L0 
802008ea 802008ea        0     1                 .L0 
802008ea 802008ea        0     1                 .L0 
802008ea 802008ea        0     1                 .L0 
802008ee 802008ee        0     1                 .L0 
802008ee 802008ee        0     1                 .L0 
802008f2 802008f2        0     1                 .L0 
802008f6 802008f6        0     1                 .L0 
802008f6 802008f6        0     1                 .L0 
802008fa 802008fa        0     1                 .L0 
802008fc 802008fc        0     1                 .L0 
802008fc 802008fc        0     1                 .L0 
80200900 80200900        0     1                 .L0 
80200902 80200902        0     1                 .L0 
80200902 80200902        0     1                 .L0 
80200908 80200908        0     1                 .L0 
8020090a 8020090a        0     1                 .L0 
8020090a 8020090a        0     1                 .L0 
8020090e 8020090e        0     1                 .L0 
80200910 80200910        0     1                 .L0 
80200912 80200912        0     1                 .L0 
80200912 80200912        0     1                 .L0 
80200914 80200914        0     1                 .L0 
8020091c 8020091c        0     1                 .L0 
8020091c 8020091c        0     1                 .L0 
8020091c 8020091c        0     1                 .L0 
80200920 80200920        0     1                 .L0 
80200920 80200920        0     1                 .L0 
80200928 80200928        0     1                 .L0 
8020092c 8020092c        0     1                 .L0 
8020092c 8020092c        0     1                 .L0 
80200930 80200930        0     1                 .L0 
80200932 80200932        0     1                 .L0 
80200938 80200938        0     1                 .L0 
80200938 80200938        0     1                 .L0 
8020093c 8020093c        0     1                 .L0 
8020093c 8020093c        0     1                 .L0 
8020093e 8020093e        0     1                 .L0 
80200952 80200952        0     1                 .L0 
80200952 80200952        0     1                 .L0 
80200962 80200962        0     1                 .L0 
80200962 80200962        0     1                 .L0 
80200972 80200972        0     1                 .L0 
80200972 80200972        0     1                 .L0 
80200976 80200976        0     1                 .L0 
80200976 80200976        0     1                 .L0 
8020097a 8020097a        0     1                 .L0 
8020097a 8020097a        0     1                 .L0 
8020097e 8020097e        0     1                 .L0 
8020097e 8020097e        0     1                 .L0 
80200982 80200982        0     1                 .L0 
80200986 80200986        0     1                 .L0 
80200986 80200986        0     1                 .L0 
8020098a 8020098a        0     1                 .L0 
8020098e 8020098e        0     1                 .L0 
8020098e 8020098e        0     1                 .L0 
80200992 80200992        0     1                 .L0 
80200996 80200996        0     1                 .L0 
80200996 80200996        0     1                 .L0 
8020099a 8020099a        0     1                 .L0 
8020099e 8020099e        0     1                 .L0 
8020099e 8020099e        0     1                 .L0 
802009a2 802009a2        0     1                 .L0 
802009a6 802009a6        0     1                 .L0 
802009a6 802009a6        0     1                 .L0 
802009ac 802009ac        0     1                 .L0 
802009ae 802009ae        0     1                 .L0 
802009ae 802009ae        0     1                 .L0 
802009b4 802009b4        0     1                 .L0 
802009b6 802009b6        0     1                 .L0 
802009b6 802009b6        0     1                 .L0 
802009ba 802009ba        0     1                 .L0 
802009c2 802009c2        0     1                 .L0 
802009c2 802009c2        0     1                 .L0 
802009c6 802009c6        0     1                 .L0 
802009d6 802009d6        0     1                 .L0 
802009d6 802009d6        0     1                 .L0 
802009da 802009da        0     1                 .L0 
802009da 802009da        0     1                 .L0 
802009e6 802009e6        0     1                 .L0 
802009e6 802009e6        0     1                 .L0 
802009ee 802009ee        0     1                 .L0 
802009ee 802009ee        0     1                 .L0 
802009f2 802009f2        0     1                 .L0 
802009f2 802009f2        0     1                 .L0 
802009f4 802009f4        0     1                 .L0 
802009f4 802009f4        0     1                 .L0 
80200a0a 80200a0a        0     1                 .L0 
80200a0e 80200a0e        0     1                 .L0 
80200a16 80200a16        0     1                 .L0 
80200a1e 80200a1e        0     1                 .L0 
80200a22 80200a22        0     1                 .L0 
80200a26 80200a26        0     1                 .L0 
80200a28 80200a28        0     1                 .L0 
80200a2a 80200a2a        0     1                 .L0 
80200a2a 80200a2a        0     1                 .L0 
80200a2c 80200a2c        0     1                 .L0 
80200a30 80200a30        0     1                 .L0 
80200a34 80200a34        0     1                 .L0 
80200a3e 80200a3e        0     1                 .L0 
80200a42 80200a42        0     1                 .L0 
80200a42 80200a42        0     1                 .L0 
80200a46 80200a46        0     1                 .L0 
80200a4a 80200a4a        0     1                 .L0 
80200a4a 80200a4a        0     1                 .L0 
80200a4e 80200a4e        0     1                 .L0 
80200a52 80200a52        0     1                 .L0 
80200a56 80200a56        0     1                 .L0 
80200a64 80200a64        0     1                 .L0 
80200a64 80200a64        0     1                 .L0 
80200a68 80200a68        0     1                 .L0 
80200a68 80200a68        0     1                 .L0 
80200a6c 80200a6c        0     1                 .L0 
80200a70 80200a70        0     1                 .L0 
80200a74 80200a74        0     1                 .L0 
80200a74 80200a74        0     1                 .L0 
80200a7a 80200a7a        0     1                 .L0 
80200a80 80200a80        0     1                 .L0 
80200a82 80200a82        0     1                 .L0 
80200a82 80200a82        0     1                 .L0 
80200a92 80200a92        0     1                 .L0 
80200a96 80200a96        0     1                 .L0 
80200a98 80200a98        0     1                 .L0 
80200a9a 80200a9a        0     1                 .L0 
80200a9a 80200a9a        0     1                 .L0 
80200a9c 80200a9c        0     1                 .L0 
80200a9c 80200a9c        0     1                 .L0 
80200aaa 80200aaa        0     1                 .L0 
80200aaa 80200aaa        0     1                 .L0 
80200aae 80200aae        0     1                 .L0 
80200aae 80200aae        0     1                 .L0 
80200ab0 80200ab0        0     1                 .L0 
80200ab0 80200ab0        0     1                 .L0 
80200ab4 80200ab4        0     1                 .L0 
80200ab4 80200ab4        0     1                 .L0 
80200ab6 80200ab6        0     1                 .L0 
80200ab8 80200ab8        0     1                 .L0 
80200aba 80200aba        0     1                 .L0 
80200aba 80200aba        0     1                 .L0 
80200abc 80200abc        0     1                 .L0 
80200abe 80200abe        0     1                 .L0 
80200ac2 80200ac2        0     1                 .L0 
80200ac4 80200ac4        0     1                 .L0 
80200ac8 80200ac8        0     1                 .L0 
80200acc 80200acc        0     1                 .L0 
80200acc 80200acc        0     1                 .L0 
80200acc 80200acc        0     1                 .L0 
80200ad8 80200ad8        0     1                 .L0 
80200ad8 80200ad8        0     1                 .L0 
80200ae2 80200ae2        0     1                 .L0 
80200ae6 80200ae6        0     1                 .L0 
80200ae6 80200ae6        0     1                 .L0 
80200ae6 80200ae6        0     1                 .L0 
80200af2 80200af2        0     1                 .L0 
80200af4 80200af4        0     1                 .L0 
80200af8 80200af8        0     1                 .L0 
80200afc 80200afc        0     1                 .L0 
80200afe 80200afe        0     1                 .L0 
80200afe 80200afe        0     1                 .L0 
80200b02 80200b02        0     1                 .L0 
80200b06 80200b06        0     1                 .L0 
80200b0a 80200b0a        0     1                 .L0 
80200b0a 80200b0a        0     1                 .L0 
80200b0c 80200b0c        0     1                 .L0 
80200b0c 80200b0c        0     1                 .L0 
80200b10 80200b10        0     1                 .L0 
80200b10 80200b10        0     1                 .L0 
80200b10 80200b10        0     1                 .L0 
80200b14 80200b14        0     1                 .L0 
80200b1c 80200b1c        0     1                 .L0 
80200b20 80200b20        0     1                 .L0 
80200b24 80200b24        0     1                 .L0 
80200b28 80200b28        0     1                 .L0 
80200b28 80200b28        0     1                 .L0 
80200b2a 80200b2a        0     1                 .L0 
80200b2e 80200b2e        0     1                 .L0 
80200b30 80200b30        0     1                 .L0 
80200b32 80200b32        0     1                 .L0 
80200b34 80200b34        0     1                 .L0 
80200b36 80200b36        0     1                 .L0 
80200b38 80200b38        0     1                 .L0 
80200b3c 80200b3c        0     1                 .L0 
80200b3c 80200b3c        0     1                 .L0 
80200b3e 80200b3e        0     1                 .L0 
80200b42 80200b42        0     1                 .L0 
80200b44 80200b44        0     1                 .L0 
80200b46 80200b46        0     1                 .L0 
80200b48 80200b48        0     1                 .L0 
80200b4a 80200b4a        0     1                 .L0 
80200b4c 80200b4c        0     1                 .L0 
80200b4c 80200b4c        0     1                 .L0 
80200b50 80200b50        0     1                 .L0 
80200b5c 80200b5c        0     1                 .L0 
80200b5e 80200b5e        0     1                 .L0 
80200b62 80200b62        0     1                 .L0 
80200b62 80200b62        0     1                 .L0 
80200b66 80200b66        0     1                 .L0 
80200b6a 80200b6a        0     1                 .L0 
80200b6e 80200b6e        0     1                 .L0 
80200b72 80200b72        0     1                 .L0 
80200b76 80200b76        0     1                 .L0 
80200b76 80200b76        0     1                 .L0 
80200b7a 80200b7a        0     1                 .L0 
80200b7e 80200b7e        0     1                 .L0 
80200b86 80200b86        0     1                 .L0 
80200b86 80200b86        0     1                 .L0 
80200b88 80200b88        0     1                 .L0 
80200b88 80200b88        0     1                 .L0 
80200b8e 80200b8e        0     1                 .L0 
80200b8e 80200b8e        0     1                 .L0 
80200b8e 80200b8e        0     1                 .L0 
80200b90 80200b90        0     1                 .L0 
80200b90 80200b90        0     1                 .L0 
80200b90 80200b90        0     1                 .L0 
80200b94 80200b94        0     1                 .L0 
80200b98 80200b98        0     1                 .L0 
80200b98 80200b98        0     1                 .L0 
80200b9c 80200b9c        0     1                 .L0 
80200ba0 80200ba0        0     1                 .L0 
80200ba0 80200ba0        0     1                 .L0 
80200ba0 80200ba0        0     1                 .L0 
80200ba6 80200ba6        0     1                 .L0 
80200ba6 80200ba6        0     1                 .L0 
80200ba8 80200ba8        0     1                 .L0 
80200baa 80200baa        0     1                 .L0 
80200baa 80200baa        0     1                 .L0 
80200bac 80200bac        0     1                 .L0 
80200bac 80200bac        0     1                 .L0 
80200bb8 80200bb8        0     1                 .L0 
80200bba 80200bba        0     1                 .L0 
80200bba 80200bba        0     1                 .L0 
80200bbe 80200bbe        0     1                 .L0 
80200bbe 80200bbe        0     1                 .L0 
80200bc0 80200bc0        0     1                 .L0 
80200bc0 80200bc0        0     1                 .L0 
80200bc8 80200bc8        0     1                 .L0 
80200bca 80200bca        0     1                 .L0 
80200bca 80200bca        0     1                 .L0 
80200bd2 80200bd2        0     1                 .L0 
80200bd4 80200bd4        0     1                 .L0 
80200bd4 80200bd4        0     1                 .L0 
80200bd6 80200bd6        0     1                 .L0 
80200bd6 80200bd6        0     1                 .L0 
80200bde 80200bde        0     1                 .L0 
80200be0 80200be0       2a     1                 vg_release_backbuffer
80200be0 80200be0        0     1                 .L0 
80200be0 80200be0        0     1                 .L0 
80200be0 80200be0        0     1                 .L0 
80200be0 80200be0        0     1                 .L0 
80200be0 80200be0        0     1                 .L0 
80200be6 80200be6        0     1                 .L0 
80200be6 80200be6        0     1                 .L0 
80200bf0 80200bf0        0     1                 .L0 
80200bf2 80200bf2        0     1                 .L0 
80200bf4 80200bf4        0     1                 .L0 
80200bf6 80200bf6        0     1                 .L0 
80200bfa 80200bfa        0     1                 .L0 
80200bfa 80200bfa        0     1                 .L0 
80200c02 80200c02        0     1                 .L0 
80200c02 80200c02        0     1                 .L0 
80200c06 80200c06        0     1                 .L0 
80200c0a 80200c0a      12e     1                 vg_cmd_resource_create_2d
80200c0a 80200c0a        0     1                 .L0 
80200c0a 80200c0a        0     1                 .L0 
80200c0a 80200c0a        0     1                 .L0 
80200c0a 80200c0a        0     1                 .L0 
80200c0a 80200c0a        0     1                 .L0 
80200c1e 80200c1e        0     1                 .L0 
80200c20 80200c20        0     1                 .L0 
80200c22 80200c22        0     1                 .L0 
80200c24 80200c24        0     1                 .L0 
80200c28 80200c28        0     1                 .L0 
80200c38 80200c38        0     1                 .L0 
80200c38 80200c38        0     1                 .L0 
80200c3c 80200c3c        0     1                 .L0 
80200c48 80200c48        0     1                 .L0 
80200c48 80200c48        0     1                 .L0 
80200c4e 80200c4e        0     1                 .L0 
80200c4e 80200c4e        0     1                 .L0 
80200c56 80200c56        0     1                 .L0 
80200c56 80200c56        0     1                 .L0 
80200c62 80200c62        0     1                 .L0 
80200c62 80200c62        0     1                 .L0 
80200c64 80200c64        0     1                 .L0 
80200c6e 80200c6e        0     1                 .L0 
80200c76 80200c76        0     1                 .L0 
80200c7a 80200c7a        0     1                 .L0 
80200c82 80200c82        0     1                 .L0 
80200c8a 80200c8a        0     1                 .L0 
80200c8e 80200c8e        0     1                 .L0 
80200c92 80200c92        0     1                 .L0 
80200c94 80200c94        0     1                 .L0 
80200c96 80200c96        0     1                 .L0 
80200c96 80200c96        0     1                 .L0 
80200c98 80200c98        0     1                 .L0 
80200c9c 80200c9c        0     1                 .L0 
80200ca0 80200ca0        0     1                 .L0 
80200caa 80200caa        0     1                 .L0 
80200cae 80200cae        0     1                 .L0 
80200cae 80200cae        0     1                 .L0 
80200cb2 80200cb2        0     1                 .L0 
80200cb6 80200cb6        0     1                 .L0 
80200cb6 80200cb6        0     1                 .L0 
80200cba 80200cba        0     1                 .L0 
80200cc2 80200cc2        0     1                 .L0 
80200cc2 80200cc2        0     1                 .L0 
80200cc6 80200cc6        0     1                 .L0 
80200cca 80200cca        0     1                 .L0 
80200cd6 80200cd6        0     1                 .L0 
80200cda 80200cda        0     1                 .L0 
80200cdc 80200cdc        0     1                 .L0 
80200cdc 80200cdc        0     1                 .L0 
80200ce0 80200ce0        0     1                 .L0 
80200ce0 80200ce0        0     1                 .L0 
80200ce4 80200ce4        0     1                 .L0 
80200ce8 80200ce8        0     1                 .L0 
80200cec 80200cec        0     1                 .L0 
80200cec 80200cec        0     1                 .L0 
80200cf2 80200cf2        0     1                 .L0 
80200cf8 80200cf8        0     1                 .L0 
80200cfa 80200cfa        0     1                 .L0 
80200cfa 80200cfa        0     1                 .L0 
80200d06 80200d06        0     1                 .L0 
80200d08 80200d08        0     1                 .L0 
80200d0e 80200d0e        0     1                 .L0 
80200d0e 80200d0e        0     1                 .L0 
80200d10 80200d10        0     1                 .L0 
80200d10 80200d10        0     1                 .L0 
80200d18 80200d18        0     1                 .L0 
80200d18 80200d18        0     1                 .L0 
80200d20 80200d20        0     1                 .L0 
80200d20 80200d20        0     1                 .L0 
80200d22 80200d22        0     1                 .L0 
80200d34 80200d34        0     1                 .L0 
80200d38 80200d38      130     1                 vg_cmd_resource_attach_backing
80200d38 80200d38        0     1                 .L0 
80200d38 80200d38        0     1                 .L0 
80200d38 80200d38        0     1                 .L0 
80200d38 80200d38        0     1                 .L0 
80200d38 80200d38        0     1                 .L0 
80200d4c 80200d4c        0     1                 .L0 
80200d4e 80200d4e        0     1                 .L0 
80200d50 80200d50        0     1                 .L0 
80200d52 80200d52        0     1                 .L0 
80200d56 80200d56        0     1                 .L0 
80200d66 80200d66        0     1                 .L0 
80200d66 80200d66        0     1                 .L0 
80200d6a 80200d6a        0     1                 .L0 
80200d76 80200d76        0     1                 .L0 
80200d76 80200d76        0     1                 .L0 
80200d7c 80200d7c        0     1                 .L0 
80200d7c 80200d7c        0     1                 .L0 
80200d84 80200d84        0     1                 .L0 
80200d84 80200d84        0     1                 .L0 
80200d92 80200d92        0     1                 .L0 
80200d92 80200d92        0     1                 .L0 
80200d94 80200d94        0     1                 .L0 
80200d9e 80200d9e        0     1                 .L0 
80200da6 80200da6        0     1                 .L0 
80200daa 80200daa        0     1                 .L0 
80200db2 80200db2        0     1                 .L0 
80200dba 80200dba        0     1                 .L0 
80200dbe 80200dbe        0     1                 .L0 
80200dc2 80200dc2        0     1                 .L0 
80200dc4 80200dc4        0     1                 .L0 
80200dc6 80200dc6        0     1                 .L0 
80200dc6 80200dc6        0     1                 .L0 
80200dc8 80200dc8        0     1                 .L0 
80200dcc 80200dcc        0     1                 .L0 
80200dd0 80200dd0        0     1                 .L0 
80200dda 80200dda        0     1                 .L0 
80200dde 80200dde        0     1                 .L0 
80200dde 80200dde        0     1                 .L0 
80200de2 80200de2        0     1                 .L0 
80200de6 80200de6        0     1                 .L0 
80200de6 80200de6        0     1                 .L0 
80200dea 80200dea        0     1                 .L0 
80200df2 80200df2        0     1                 .L0 
80200df2 80200df2        0     1                 .L0 
80200df6 80200df6        0     1                 .L0 
80200dfa 80200dfa        0     1                 .L0 
80200e06 80200e06        0     1                 .L0 
80200e0a 80200e0a        0     1                 .L0 
80200e0c 80200e0c        0     1                 .L0 
80200e0c 80200e0c        0     1                 .L0 
80200e10 80200e10        0     1                 .L0 
80200e10 80200e10        0     1                 .L0 
80200e14 80200e14        0     1                 .L0 
80200e18 80200e18        0     1                 .L0 
80200e1c 80200e1c        0     1                 .L0 
80200e1c 80200e1c        0     1                 .L0 
80200e22 80200e22        0     1                 .L0 
80200e28 80200e28        0     1                 .L0 
80200e2a 80200e2a        0     1                 .L0 
80200e2a 80200e2a        0     1                 .L0 
80200e36 80200e36        0     1                 .L0 
80200e38 80200e38        0     1                 .L0 
80200e3e 80200e3e        0     1                 .L0 
80200e3e 80200e3e        0     1                 .L0 
80200e40 80200e40        0     1                 .L0 
80200e40 80200e40        0     1                 .L0 
80200e48 80200e48        0     1                 .L0 
80200e48 80200e48        0     1                 .L0 
80200e50 80200e50        0     1                 .L0 
80200e50 80200e50        0     1                 .L0 
80200e52 80200e52        0     1                 .L0 
80200e64 80200e64        0     1                 .L0 
80200e68 80200e68      102     1                 vg_cmd_resource_unref
80200e68 80200e68        0     1                 .L0 
80200e68 80200e68        0     1                 .L0 
80200e68 80200e68        0     1                 .L0 
80200e68 80200e68        0     1                 .L0 
80200e68 80200e68        0     1                 .L0 
80200e76 80200e76        0     1                 .L0 
80200e78 80200e78        0     1                 .L0 
80200e7c 80200e7c        0     1                 .L0 
80200e8c 80200e8c        0     1                 .L0 
80200e8c 80200e8c        0     1                 .L0 
80200e8e 80200e8e        0     1                 .L0 
80200e9a 80200e9a        0     1                 .L0 
80200e9a 80200e9a        0     1                 .L0 
80200ea6 80200ea6        0     1                 .L0 
80200ea6 80200ea6        0     1                 .L0 
80200eaa 80200eaa        0     1                 .L0 
80200eaa 80200eaa        0     1                 .L0 
80200eac 80200eac        0     1                 .L0 
80200eb6 80200eb6        0     1                 .L0 
80200ebe 80200ebe        0     1                 .L0 
80200ec2 80200ec2        0     1                 .L0 
80200eca 80200eca        0     1                 .L0 
80200ed2 80200ed2        0     1                 .L0 
80200ed6 80200ed6        0     1                 .L0 
80200eda 80200eda        0     1                 .L0 
80200edc 80200edc        0     1                 .L0 
80200ede 80200ede        0     1                 .L0 
80200ede 80200ede        0     1                 .L0 
80200ee0 80200ee0        0     1                 .L0 
80200ee4 80200ee4        0     1                 .L0 
80200ee8 80200ee8        0     1                 .L0 
80200ef2 80200ef2        0     1                 .L0 
80200ef6 80200ef6        0     1                 .L0 
80200ef6 80200ef6        0     1                 .L0 
80200efa 80200efa        0     1                 .L0 
80200efe 80200efe        0     1                 .L0 
80200efe 80200efe        0     1                 .L0 
80200f02 80200f02        0     1                 .L0 
80200f0e 80200f0e        0     1                 .L0 
80200f12 80200f12        0     1                 .L0 
80200f22 80200f22        0     1                 .L0 
80200f24 80200f24        0     1                 .L0 
80200f24 80200f24        0     1                 .L0 
80200f28 80200f28        0     1                 .L0 
80200f28 80200f28        0     1                 .L0 
80200f2c 80200f2c        0     1                 .L0 
80200f30 80200f30        0     1                 .L0 
80200f34 80200f34        0     1                 .L0 
80200f34 80200f34        0     1                 .L0 
80200f3a 80200f3a        0     1                 .L0 
80200f40 80200f40        0     1                 .L0 
80200f42 80200f42        0     1                 .L0 
80200f42 80200f42        0     1                 .L0 
80200f4e 80200f4e        0     1                 .L0 
80200f50 80200f50        0     1                 .L0 
80200f5a 80200f5a        0     1                 .L0 
80200f5a 80200f5a        0     1                 .L0 
80200f5a 80200f5a        0     1                 .L0 
80200f66 80200f66        0     1                 .L0 
80200f6a 80200f6a      130     1                 vg_cmd_set_scanout
80200f6a 80200f6a        0     1                 .L0 
80200f6a 80200f6a        0     1                 .L0 
80200f6a 80200f6a        0     1                 .L0 
80200f6a 80200f6a        0     1                 .L0 
80200f6a 80200f6a        0     1                 .L0 
80200f7e 80200f7e        0     1                 .L0 
80200f80 80200f80        0     1                 .L0 
80200f82 80200f82        0     1                 .L0 
80200f84 80200f84        0     1                 .L0 
80200f88 80200f88        0     1                 .L0 
80200f98 80200f98        0     1                 .L0 
80200f98 80200f98        0     1                 .L0 
80200f9c 80200f9c        0     1                 .L0 
80200fa8 80200fa8        0     1                 .L0 
80200fa8 80200fa8        0     1                 .L0 
80200fac 80200fac        0     1                 .L0 
80200fac 80200fac        0     1                 .L0 
80200fb0 80200fb0        0     1                 .L0 
80200fb0 80200fb0        0     1                 .L0 
80200fb2 80200fb2        0     1                 .L0 
80200fb4 80200fb4        0     1                 .L0 
80200fb6 80200fb6        0     1                 .L0 
80200fb8 80200fb8        0     1                 .L0 
80200fb8 80200fb8        0     1                 .L0 
80200fbc 80200fbc        0     1                 .L0 
80200fbc 80200fbc        0     1                 .L0 
80200fc4 80200fc4        0     1                 .L0 
80200fc4 80200fc4        0     1                 .L0 
80200fc6 80200fc6        0     1                 .L0 
80200fd0 80200fd0        0     1                 .L0 
80200fd8 80200fd8        0     1                 .L0 
80200fdc 80200fdc        0     1                 .L0 
80200fe4 80200fe4        0     1                 .L0 
80200fec 80200fec        0     1                 .L0 
80200ff0 80200ff0        0     1                 .L0 
80200ff4 80200ff4        0     1                 .L0 
80200ff6 80200ff6        0     1                 .L0 
80200ff8 80200ff8        0     1                 .L0 
80200ff8 80200ff8        0     1                 .L0 
80200ffa 80200ffa        0     1                 .L0 
80200ffe 80200ffe        0     1                 .L0 
80201002 80201002        0     1                 .L0 
8020100c 8020100c        0     1                 .L0 
80201010 80201010        0     1                 .L0 
80201010 80201010        0     1                 .L0 
80201014 80201014        0     1                 .L0 
80201018 80201018        0     1                 .L0 
80201018 80201018        0     1                 .L0 
8020101c 8020101c        0     1                 .L0 
80201024 80201024        0     1                 .L0 
80201024 80201024        0     1                 .L0 
80201028 80201028        0     1                 .L0 
8020102c 8020102c        0     1                 .L0 
80201038 80201038        0     1                 .L0 
8020103c 8020103c        0     1                 .L0 
8020103e 8020103e        0     1                 .L0 
8020103e 8020103e        0     1                 .L0 
80201042 80201042        0     1                 .L0 
80201042 80201042        0     1                 .L0 
80201046 80201046        0     1                 .L0 
8020104a 8020104a        0     1                 .L0 
8020104e 8020104e        0     1                 .L0 
8020104e 8020104e        0     1                 .L0 
80201054 80201054        0     1                 .L0 
8020105a 8020105a        0     1                 .L0 
8020105c 8020105c        0     1                 .L0 
8020105c 8020105c        0     1                 .L0 
80201068 80201068        0     1                 .L0 
8020106a 8020106a        0     1                 .L0 
80201070 80201070        0     1                 .L0 
80201070 80201070        0     1                 .L0 
80201072 80201072        0     1                 .L0 
80201072 80201072        0     1                 .L0 
8020107a 8020107a        0     1                 .L0 
8020107a 8020107a        0     1                 .L0 
80201082 80201082        0     1                 .L0 
80201082 80201082        0     1                 .L0 
80201084 80201084        0     1                 .L0 
80201096 80201096        0     1                 .L0 
8020109a 8020109a        0     1                 .L0 
8020109a 8020109a        0     1                 .L0 
8020109a 8020109a        0     1                 .L0 
8020109a 8020109a        0     1                 .L0 
8020109a 8020109a        0     1                 .L0 
8020109a 8020109a      228     1                 virtio_gpu_present
802010b0 802010b0        0     1                 .L0 
802010b0 802010b0        0     1                 .L0 
802010b8 802010b8        0     1                 .L0 
802010bc 802010bc        0     1                 .L0 
802010c4 802010c4        0     1                 .L0 
802010c6 802010c6        0     1                 .L0 
802010ca 802010ca        0     1                 .L0 
802010ca 802010ca        0     1                 .L0 
802010ce 802010ce        0     1                 .L0 
802010ce 802010ce        0     1                 .L0 
802010de 802010de        0     1                 .L0 
802010de 802010de        0     1                 .L0 
802010e2 802010e2        0     1                 .L0 
802010ee 802010ee        0     1                 .L0 
802010ee 802010ee        0     1                 .L0 
802010f2 802010f2        0     1                 .L0 
802010f2 802010f2        0     1                 .L0 
802010f6 802010f6        0     1                 .L0 
802010f6 802010f6        0     1                 .L0 
80201106 80201106        0     1                 .L0 
80201106 80201106        0     1                 .L0 
8020110a 8020110a        0     1                 .L0 
8020110e 8020110e        0     1                 .L0 
8020110e 8020110e        0     1                 .L0 
80201112 80201112        0     1                 .L0 
80201120 80201120        0     1                 .L0 
80201124 80201124        0     1                 .L0 
8020112c 8020112c        0     1                 .L0 
80201134 80201134        0     1                 .L0 
80201138 80201138        0     1                 .L0 
8020113c 8020113c        0     1                 .L0 
8020113e 8020113e        0     1                 .L0 
80201140 80201140        0     1                 .L0 
80201140 80201140        0     1                 .L0 
80201142 80201142        0     1                 .L0 
80201146 80201146        0     1                 .L0 
8020114a 8020114a        0     1                 .L0 
80201154 80201154        0     1                 .L0 
80201158 80201158        0     1                 .L0 
80201158 80201158        0     1                 .L0 
8020115c 8020115c        0     1                 .L0 
80201160 80201160        0     1                 .L0 
80201160 80201160        0     1                 .L0 
80201164 80201164        0     1                 .L0 
80201170 80201170        0     1                 .L0 
80201174 80201174        0     1                 .L0 
8020117c 8020117c        0     1                 .L0 
8020117e 8020117e        0     1                 .L0 
8020117e 8020117e        0     1                 .L0 
80201182 80201182        0     1                 .L0 
80201182 80201182        0     1                 .L0 
80201186 80201186        0     1                 .L0 
8020118a 8020118a        0     1                 .L0 
8020118e 8020118e        0     1                 .L0 
8020118e 8020118e        0     1                 .L0 
80201194 80201194        0     1                 .L0 
8020119a 8020119a        0     1                 .L0 
8020119c 8020119c        0     1                 .L0 
8020119c 8020119c        0     1                 .L0 
802011a8 802011a8        0     1                 .L0 
802011ac 802011ac        0     1                 .L0 
802011ae 802011ae        0     1                 .L0 
802011ae 802011ae        0     1                 .L0 
802011b0 802011b0        0     1                 .L0 
802011b0 802011b0        0     1                 .L0 
802011bc 802011bc        0     1                 .L0 
802011bc 802011bc        0     1                 .L0 
802011c0 802011c0        0     1                 .L0 
802011c0 802011c0        0     1                 .L0 
802011c8 802011c8        0     1                 .L0 
802011ca 802011ca        0     1                 .L0 
802011ce 802011ce        0     1                 .L0 
802011ce 802011ce        0     1                 .L0 
802011d2 802011d2        0     1                 .L0 
802011d2 802011d2        0     1                 .L0 
802011e2 802011e2        0     1                 .L0 
802011e2 802011e2        0     1                 .L0 
802011e6 802011e6        0     1                 .L0 
802011f2 802011f2        0     1                 .L0 
802011f2 802011f2        0     1                 .L0 
802011f6 802011f6        0     1                 .L0 
802011f6 802011f6        0     1                 .L0 
802011fa 802011fa        0     1                 .L0 
802011fa 802011fa        0     1                 .L0 
80201206 80201206        0     1                 .L0 
80201206 80201206        0     1                 .L0 
80201208 80201208        0     1                 .L0 
8020120c 8020120c        0     1                 .L0 
8020120c 8020120c        0     1                 .L0 
80201210 80201210        0     1                 .L0 
8020121e 8020121e        0     1                 .L0 
80201222 80201222        0     1                 .L0 
8020122a 8020122a        0     1                 .L0 
80201232 80201232        0     1                 .L0 
80201236 80201236        0     1                 .L0 
8020123a 8020123a        0     1                 .L0 
8020123c 8020123c        0     1                 .L0 
8020123e 8020123e        0     1                 .L0 
8020123e 8020123e        0     1                 .L0 
80201240 80201240        0     1                 .L0 
80201244 80201244        0     1                 .L0 
80201248 80201248        0     1                 .L0 
80201252 80201252        0     1                 .L0 
80201256 80201256        0     1                 .L0 
80201256 80201256        0     1                 .L0 
8020125a 8020125a        0     1                 .L0 
8020125e 8020125e        0     1                 .L0 
8020125e 8020125e        0     1                 .L0 
80201262 80201262        0     1                 .L0 
80201266 80201266        0     1                 .L0 
8020126a 8020126a        0     1                 .L0 
80201272 80201272        0     1                 .L0 
80201274 80201274        0     1                 .L0 
80201274 80201274        0     1                 .L0 
80201278 80201278        0     1                 .L0 
80201278 80201278        0     1                 .L0 
8020127c 8020127c        0     1                 .L0 
80201280 80201280        0     1                 .L0 
80201284 80201284        0     1                 .L0 
80201284 80201284        0     1                 .L0 
8020128a 8020128a        0     1                 .L0 
80201290 80201290        0     1                 .L0 
80201292 80201292        0     1                 .L0 
80201292 80201292        0     1                 .L0 
8020129e 8020129e        0     1                 .L0 
802012a0 802012a0        0     1                 .L0 
802012aa 802012aa        0     1                 .L0 
802012aa 802012aa        0     1                 .L0 
802012aa 802012aa        0     1                 .L0 
802012be 802012be        0     1                 .L0 
802012c2 802012c2        0     1                 .L0 
802012c2 802012c2        0     1                 .L0 
802012c2 802012c2        0     1                 .L0 
802012c2 802012c2        0     1                 .L0 
802012c2 802012c2        0     1                 .L0 
802012c2 802012c2        a     1                 virtio_gpu_is_ready
802012ca 802012ca        0     1                 .L0 
802012cc 802012cc        0     1                 .L0 
802012cc 802012cc        0     1                 .L0 
802012cc 802012cc        0     1                 .L0 
802012cc 802012cc        0     1                 .L0 
802012cc 802012cc        0     1                 .L0 
802012cc 802012cc        a     1                 virtio_gpu_last_error
802012d4 802012d4        0     1                 .L0 
802012d6 802012d6        0     1                 .L0 
802012d6 802012d6        0     1                 .L0 
802012d6 802012d6        0     1                 .L0 
802012d6 802012d6        0     1                 .L0 
802012d6 802012d6        0     1                 .L0 
802012d6 802012d6        a     1                 virtio_gpu_width
802012de 802012de        0     1                 .L0 
802012e0 802012e0        0     1                 .L0 
802012e0 802012e0        0     1                 .L0 
802012e0 802012e0        0     1                 .L0 
802012e0 802012e0        0     1                 .L0 
802012e0 802012e0        0     1                 .L0 
802012e0 802012e0        a     1                 virtio_gpu_height
802012e8 802012e8        0     1                 .L0 
802012ea 802012ea        0     1                 .L0 
802012ea 802012ea        0     1                 .L0 
802012ea 802012ea        0     1                 .L0 
802012ea 802012ea        0     1                 .L0 
802012ea 802012ea        0     1                 .L0 
802012ea 802012ea        a     1                 virtio_gpu_pitch
802012f2 802012f2        0     1                 .L0 
802012f4 802012f4        0     1                 .L0 
802012f4 802012f4        0     1                 .L0 
802012f4 802012f4        0     1                 .L0 
802012f4 802012f4        0     1                 .L0 
802012f4 802012f4        0     1                 .L0 
802012f4 802012f4       16     1                 virtio_gpu_backbuffer
80201300 80201300        0     1                 .L0 
80201308 80201308        0     1                 .L0 
8020130a 8020130a        0     1                 .L0 
8020130a 8020130a        0     1                 .L0 
8020130a 8020130a        0     1                 .L0 
8020130a 8020130a        0     1                 .L0 
8020130a 8020130a        0     1                 .L0 
8020130a 8020130a       3c     1                 virtio_gpu_handle_irq
80201310 80201310        0     1                 .L0 
80201310 80201310        0     1                 .L0 
80201318 80201318        0     1                 .L0 
8020131a 8020131a        0     1                 .L0 
8020131a 8020131a        0     1                 .L0 
8020131c 8020131c        0     1                 .L0 
8020131c 8020131c        0     1                 .L0 
8020131e 8020131e        0     1                 .L0 
8020131e 8020131e        0     1                 .L0 
80201320 80201320        0     1                 .L0 
8020132c 8020132c        0     1                 .L0 
8020132c 8020132c        0     1                 .L0 
80201336 80201336        0     1                 .L0 
8020133a 8020133a        0     1                 .L0 
8020133a 8020133a        0     1                 .L0 
8020133c 8020133c        0     1                 .L0 
8020133c 8020133c        0     1                 .L0 
8020133e 8020133e        0     1                 .L0 
8020133e 8020133e        0     1                 .L0 
8020133e 8020133e        0     1                 .L0 
80201346 80201346        0     1                 .L0 
80201346 80201346        0     1                 .L0 
80201346 80201346      790     2         /tmp/virtio_input-a32323.o:(.text)
80201346 80201346        0     1                 .L0 
80201346 80201346        0     1                 .L0 
80201346 80201346        0     1                 $x
80201346 80201346        0     1                 .L0 
80201346 80201346      610     1                 virtio_input_init
80201362 80201362        0     1                 .L0 
8020136a 8020136a        0     1                 .L0 
8020137e 8020137e        0     1                 .L0 
8020137e 8020137e        0     1                 .L0 
8020138c 8020138c        0     1                 .L0 
8020138c 8020138c        0     1                 .L0 
80201390 80201390        0     1                 .L0 
80201394 80201394        0     1                 .L0 
80201398 80201398        0     1                 .L0 
8020139c 8020139c        0     1                 .L0 
8020139c 8020139c        0     1                 .L0 
802013ce 802013ce        0     1                 .L0 
802013ce 802013ce        0     1                 .L0 
802013d0 802013d0        0     1                 .L0 
802013d4 802013d4        0     1                 .L0 
802013d4 802013d4        0     1                 .L0 
802013dc 802013dc        0     1                 .L0 
802013de 802013de        0     1                 .L0 
802013e2 802013e2        0     1                 .L0 
802013e4 802013e4        0     1                 .L0 
802013e6 802013e6        0     1                 .L0 
802013e6 802013e6        0     1                 .L0 
802013ea 802013ea        0     1                 .L0 
802013ea 802013ea        0     1                 .L0 
802013ec 802013ec        0     1                 .L0 
802013ec 802013ec        0     1                 .L0 
802013f4 802013f4        0     1                 .L0 
802013f6 802013f6        0     1                 .L0 
802013f6 802013f6        0     1                 .L0 
802013fc 802013fc        0     1                 .L0 
80201400 80201400        0     1                 .L0 
80201400 80201400        0     1                 .L0 
80201404 80201404        0     1                 .L0 
80201408 80201408        0     1                 .L0 
8020140c 8020140c        0     1                 .L0 
8020140c 8020140c        0     1                 .L0 
80201412 80201412        0     1                 .L0 
80201416 80201416        0     1                 .L0 
80201420 80201420        0     1                 .L0 
80201424 80201424        0     1                 .L0 
80201428 80201428        0     1                 .L0 
8020142c 8020142c        0     1                 .L0 
80201430 80201430        0     1                 .L0 
80201432 80201432        0     1                 .L0 
8020143a 8020143a        0     1                 .L0 
80201442 80201442        0     1                 .L0 
80201442 80201442        0     1                 .L0 
8020144a 8020144a        0     1                 .L0 
80201452 80201452        0     1                 .L0 
80201460 80201460        0     1                 .L0 
80201460 80201460        0     1                 .L0 
80201464 80201464        0     1                 .L0 
80201464 80201464        0     1                 .L0 
8020146a 8020146a        0     1                 .L0 
8020146a 8020146a        0     1                 .L0 
80201476 80201476        0     1                 .L0 
8020147a 8020147a        0     1                 .L0 
8020147a 8020147a        0     1                 .L0 
80201480 80201480        0     1                 .L0 
80201480 80201480        0     1                 .L0 
8020148c 8020148c        0     1                 .L0 
80201490 80201490        0     1                 .L0 
80201490 80201490        0     1                 .L0 
80201496 80201496        0     1                 .L0 
80201496 80201496        0     1                 .L0 
802014a2 802014a2        0     1                 .L0 
802014a2 802014a2        0     1                 .L0 
802014aa 802014aa        0     1                 .L0 
802014aa 802014aa        0     1                 .L0 
802014b0 802014b0        0     1                 .L0 
802014b0 802014b0        0     1                 .L0 
802014bc 802014bc        0     1                 .L0 
802014c0 802014c0        0     1                 .L0 
802014c2 802014c2        0     1                 .L0 
802014c2 802014c2        0     1                 .L0 
802014c6 802014c6        0     1                 .L0 
802014d2 802014d2        0     1                 .L0 
802014d2 802014d2        0     1                 .L0 
802014d6 802014d6        0     1                 .L0 
802014d6 802014d6        0     1                 .L0 
802014da 802014da        0     1                 .L0 
802014da 802014da        0     1                 .L0 
802014e2 802014e2        0     1                 .L0 
802014e2 802014e2        0     1                 .L0 
802014fc 802014fc        0     1                 .L0 
802014fc 802014fc        0     1                 .L0 
80201508 80201508        0     1                 .L0 
80201508 80201508        0     1                 .L0 
8020150a 8020150a        0     1                 .L0 
8020150e 8020150e        0     1                 .L0 
8020150e 8020150e        0     1                 .L0 
80201514 80201514        0     1                 .L0 
80201514 80201514        0     1                 .L0 
80201520 80201520        0     1                 .L0 
80201524 80201524        0     1                 .L0 
80201524 80201524        0     1                 .L0 
8020152a 8020152a        0     1                 .L0 
8020152a 8020152a        0     1                 .L0 
80201536 80201536        0     1                 .L0 
8020153a 8020153a        0     1                 .L0 
8020153a 8020153a        0     1                 .L0 
80201540 80201540        0     1                 .L0 
80201540 80201540        0     1                 .L0 
8020154c 8020154c        0     1                 .L0 
8020154c 8020154c        0     1                 .L0 
80201554 80201554        0     1                 .L0 
80201554 80201554        0     1                 .L0 
8020155a 8020155a        0     1                 .L0 
8020155a 8020155a        0     1                 .L0 
80201566 80201566        0     1                 .L0 
8020156a 8020156a        0     1                 .L0 
8020156a 8020156a        0     1                 .L0 
80201570 80201570        0     1                 .L0 
80201570 80201570        0     1                 .L0 
8020157c 8020157c        0     1                 .L0 
80201580 80201580        0     1                 .L0 
80201582 80201582        0     1                 .L0 
80201582 80201582        0     1                 .L0 
80201586 80201586        0     1                 .L0 
80201592 80201592        0     1                 .L0 
80201592 80201592        0     1                 .L0 
80201596 80201596        0     1                 .L0 
80201596 80201596        0     1                 .L0 
8020159a 8020159a        0     1                 .L0 
8020159a 8020159a        0     1                 .L0 
802015a2 802015a2        0     1                 .L0 
802015a2 802015a2        0     1                 .L0 
802015c6 802015c6        0     1                 .L0 
802015c6 802015c6        0     1                 .L0 
802015d6 802015d6        0     1                 .L0 
802015d6 802015d6        0     1                 .L0 
802015da 802015da        0     1                 .L0 
802015da 802015da        0     1                 .L0 
802015e2 802015e2        0     1                 .L0 
802015e2 802015e2        0     1                 .L0 
[...]
     584      584        0     1                 $d
     58c      58c        0     1                 .L0 
     60c      60c      298     1         /tmp/page_alloc-0f5b94.o:(.debug_addr)
     60c      60c        0     1                 $d
     614      614        0     1                 .L0 
     8a4      8a4       98     1         /tmp/vm-292179.o:(.debug_addr)
     8a4      8a4        0     1                 $d
     8ac      8ac        0     1                 .L0 
     93c      93c      250     1         /tmp/process-cf2aea.o:(.debug_addr)
     93c      93c        0     1                 $d
     944      944        0     1                 .L0 
     b8c      b8c       38     1         /tmp/sched-552f24.o:(.debug_addr)
     b8c      b8c        0     1                 $d
     b94      b94        0     1                 .L0 
     bc4      bc4       38     1         /tmp/waitq-459067.o:(.debug_addr)
     bc4      bc4        0     1                 $d
     bcc      bcc        0     1                 .L0 
     bfc      bfc       34     1         /tmp/sbi-cabc1b.o:(.debug_addr)
     bfc      bfc        0     1                 $d
     c04      c04        0     1                 .L0 
     c30      c30      108     1         /tmp/syscall-ae6209.o:(.debug_addr)
     c30      c30        0     1                 $d
     c38      c38        0     1                 .L0 
     d38      d38       cc     1         /tmp/trap-02814f.o:(.debug_addr)
     d38      d38        0     1                 $d
     d40      d40        0     1                 .L0 
     e04      e04       50     1         /tmp/printf-124e4d.o:(.debug_addr)
     e04      e04        0     1                 $d
     e0c      e0c        0     1                 .L0 
     e54      e54       14     1         /tmp/string-54a7e2.o:(.debug_addr)
     e54      e54        0     1                 $d
     e5c      e5c        0     1                 .L0 
     e68      e68      268     1         /tmp/user_fm-547ebb.o:(.debug_addr)
     e68      e68        0     1                 $d
     e70      e70        0     1                 .L0 
    10d0     10d0       e0     1         /tmp/user_img-ed4548.o:(.debug_addr)
    10d0     10d0        0     1                 $d
    10d8     10d8        0     1                 .L0 
    11b0     11b0      4c8     1         /tmp/user_init-1d49f4.o:(.debug_addr)
    11b0     11b0        0     1                 $d
    11b8     11b8        0     1                 .L0 
    1678     1678      5a8     1         /tmp/user_wm_runtime-df4213.o:(.debug_addr)
    1678     1678        0     1                 $d
    1680     1680        0     1                 .L0 
       0        0       29     1 .comment
       0        0       29     1         <internal>:(.comment)
       0        0       4e     1 .riscv.attributes
       0        0       4e     1         <internal>:(.riscv.attributes)
       0        0     1a18     4 .debug_frame
       0        0       24     4         /tmp/boot-2ab885.o:(.debug_frame)
       0        0        0     1                 .L0 
       0        0        0     1                 $d
      24       24       24     4         /tmp/context-991445.o:(.debug_frame)
      24       24        0     1                 .L0 
      24       24        0     1                 $d
      48       48       44     4         /tmp/plic-5e7fc8.o:(.debug_frame)
      48       48        0     1                 .L0 
      48       48        0     1                 $d
      8c       8c       24     4         /tmp/trap_entry-c39f40.o:(.debug_frame)
      8c       8c        0     1                 .L0 
      8c       8c        0     1                 $d
      b0       b0       98     4         /tmp/virtio_blk-27f5f1.o:(.debug_frame)
      b0       b0        0     1                 .L0 
      b0       b0        0     1                 $d
     148      148      200     4         /tmp/virtio_gpu-148d0c.o:(.debug_frame)
     148      148        0     1                 .L0 
     148      148        0     1                 $d
     348      348       b4     4         /tmp/virtio_input-a32323.o:(.debug_frame)
     348      348        0     1                 .L0 
     348      348        0     1                 $d
     3fc      3fc       50     4         /tmp/event-19f9dc.o:(.debug_frame)
     3fc      3fc        0     1                 .L0 
     3fc      3fc        0     1                 $d
     44c      44c      17c     4         /tmp/ext4-5fefcd.o:(.debug_frame)
     44c      44c        0     1                 .L0 
     44c      44c        0     1                 $d
     5c8      5c8      148     4         /tmp/fs-ab8a12.o:(.debug_frame)
     5c8      5c8        0     1                 .L0 
     5c8      5c8        0     1                 $d
     710      710       54     4         /tmp/main-b025fb.o:(.debug_frame)
     710      710        0     1                 .L0 
     710      710        0     1                 $d
     764      764      114     4         /tmp/page_alloc-0f5b94.o:(.debug_frame)
     764      764        0     1                 .L0 
     764      764        0     1                 $d
     878      878      120     4         /tmp/vm-292179.o:(.debug_frame)
     878      878        0     1                 .L0 
     878      878        0     1                 $d
     998      998      36c     4         /tmp/process-cf2aea.o:(.debug_frame)
     998      998        0     1                 .L0 
     998      998        0     1                 $d
     d04      d04       48     4         /tmp/sched-552f24.o:(.debug_frame)
     d04      d04        0     1                 .L0 
     d04      d04        0     1                 $d
     d4c      d4c       58     4         /tmp/waitq-459067.o:(.debug_frame)
     d4c      d4c        0     1                 .L0 
     d4c      d4c        0     1                 $d
     da4      da4       74     4         /tmp/sbi-cabc1b.o:(.debug_frame)
     da4      da4        0     1                 .L0 
     da4      da4        0     1                 $d
     e18      e18       58     4         /tmp/syscall-ae6209.o:(.debug_frame)
     e18      e18        0     1                 .L0 
     e18      e18        0     1                 $d
     e70      e70       b0     4         /tmp/trap-02814f.o:(.debug_frame)
     e70      e70        0     1                 .L0 
     e70      e70        0     1                 $d
     f20      f20       58     4         /tmp/printf-124e4d.o:(.debug_frame)
     f20      f20        0     1                 .L0 
     f20      f20        0     1                 $d
     f78      f78       44     4         /tmp/string-54a7e2.o:(.debug_frame)
     f78      f78        0     1                 .L0 
     f78      f78        0     1                 $d
     fbc      fbc      178     4         /tmp/user_fm-547ebb.o:(.debug_frame)
     fbc      fbc        0     1                 .L0 
     fbc      fbc        0     1                 $d
    1134     1134       68     4         /tmp/user_img-ed4548.o:(.debug_frame)
    1134     1134        0     1                 .L0 
    1134     1134        0     1                 $d
    119c     119c      3cc     4         /tmp/user_init-1d49f4.o:(.debug_frame)
    119c     119c        0     1                 .L0 
    119c     119c        0     1                 $d
    1568     1568      4b0     4         /tmp/user_wm_runtime-df4213.o:(.debug_frame)
    1568     1568        0     1                 .L0 
    1568     1568        0     1                 $d
       0        0    12a10     1 .debug_line
       0        0       56     1         /tmp/boot-2ab885.o:(.debug_line)
       0        0        0     1                 .Lline_table_start0
       0        0        0     1                 $d
      56       56       55     1         /tmp/context-991445.o:(.debug_line)
      56       56        0     1                 .Lline_table_start0
      56       56        0     1                 $d
      ab       ab       a5     1         /tmp/plic-5e7fc8.o:(.debug_line)
      ab       ab        0     1                 .Lline_table_start0
      ab       ab        0     1                 $d
     150      150       56     1         /tmp/trap_entry-c39f40.o:(.debug_line)
     150      150        0     1                 .Lline_table_start0
     150      150        0     1                 $d
     1a6      1a6      930     1         /tmp/virtio_blk-27f5f1.o:(.debug_line)
     1a6      1a6        0     1                 .Lline_table_start0
     1a6      1a6        0     1                 $d
     ad6      ad6     102b     1         /tmp/virtio_gpu-148d0c.o:(.debug_line)
     ad6      ad6        0     1                 .Lline_table_start0
     ad6      ad6        0     1                 $d
    1b01     1b01      7fd     1         /tmp/virtio_input-a32323.o:(.debug_line)
    1b01     1b01        0     1                 .Lline_table_start0
    1b01     1b01        0     1                 $d
    22fe     22fe      285     1         /tmp/event-19f9dc.o:(.debug_line)
    22fe     22fe        0     1                 .Lline_table_start0
    22fe     22fe        0     1                 $d
    2583     2583      98e     1         /tmp/ext4-5fefcd.o:(.debug_line)
    2583     2583        0     1                 .Lline_table_start0
    2583     2583        0     1                 $d
    2f11     2f11      c38     1         /tmp/fs-ab8a12.o:(.debug_line)
    2f11     2f11        0     1                 .Lline_table_start0
    2f11     2f11        0     1                 $d
    3b49     3b49      219     1         /tmp/main-b025fb.o:(.debug_line)
    3b49     3b49        0     1                 .Lline_table_start0
    3b49     3b49        0     1                 $d
    3d62     3d62      e78     1         /tmp/page_alloc-0f5b94.o:(.debug_line)
    3d62     3d62        0     1                 .Lline_table_start0
    3d62     3d62        0     1                 $d
    4bda     4bda      551     1         /tmp/vm-292179.o:(.debug_line)
    4bda     4bda        0     1                 .Lline_table_start0
    4bda     4bda        0     1                 $d
    512b     512b     1920     1         /tmp/process-cf2aea.o:(.debug_line)
    512b     512b        0     1                 .Lline_table_start0
    512b     512b        0     1                 $d
    6a4b     6a4b      25a     1         /tmp/sched-552f24.o:(.debug_line)
    6a4b     6a4b        0     1                 .Lline_table_start0
    6a4b     6a4b        0     1                 $d
    6ca5     6ca5      22b     1         /tmp/waitq-459067.o:(.debug_line)
    6ca5     6ca5        0     1                 .Lline_table_start0
    6ca5     6ca5        0     1                 $d
    6ed0     6ed0      186     1         /tmp/sbi-cabc1b.o:(.debug_line)
    6ed0     6ed0        0     1                 .Lline_table_start0
    6ed0     6ed0        0     1                 $d
    7056     7056      7de     1         /tmp/syscall-ae6209.o:(.debug_line)
    7056     7056        0     1                 .Lline_table_start0
    7056     7056        0     1                 $d
    7834     7834      615     1         /tmp/trap-02814f.o:(.debug_line)
    7834     7834        0     1                 .Lline_table_start0
    7834     7834        0     1                 $d
    7e49     7e49      227     1         /tmp/printf-124e4d.o:(.debug_line)
    7e49     7e49        0     1                 .Lline_table_start0
    7e49     7e49        0     1                 $d
    8070     8070       e8     1         /tmp/string-54a7e2.o:(.debug_line)
    8070     8070        0     1                 .Lline_table_start0
    8070     8070        0     1                 $d
    8158     8158      c1a     1         /tmp/user_fm-547ebb.o:(.debug_line)
    8158     8158        0     1                 .Lline_table_start0
    8158     8158        0     1                 $d
    8d72     8d72      ae2     1         /tmp/user_img-ed4548.o:(.debug_line)
    8d72     8d72        0     1                 .Lline_table_start0
    8d72     8d72        0     1                 $d
    9854     9854     2802     1         /tmp/user_init-1d49f4.o:(.debug_line)
    9854     9854        0     1                 .Lline_table_start0
    9854     9854        0     1                 $d
    c056     c056     69ba     1         /tmp/user_wm_runtime-df4213.o:(.debug_line)
    c056     c056        0     1                 .Lline_table_start0
    c056     c056        0     1                 $d
       0        0      2d2     1 .debug_line_str
       0        0      2d2     1         <internal>:(.debug_line_str)
       0        0     c673     1 .debug_loclists
       0        0      21e     1         /tmp/plic-5e7fc8.o:(.debug_loclists)
       0        0        0     1                 $d
       c        c        0     1                 .L0 
     21e      21e      28d     1         /tmp/virtio_blk-27f5f1.o:(.debug_loclists)
     21e      21e        0     1                 $d
     22a      22a        0     1                 .L0 
     4ab      4ab      447     1         /tmp/virtio_gpu-148d0c.o:(.debug_loclists)
     4ab      4ab        0     1                 $d
     4b7      4b7        0     1                 .L0 
     8f2      8f2      49d     1         /tmp/virtio_input-a32323.o:(.debug_loclists)
     8f2      8f2        0     1                 $d
     8fe      8fe        0     1                 .L0 
     d8f      d8f       5d     1         /tmp/event-19f9dc.o:(.debug_loclists)
     d8f      d8f        0     1                 $d
     d9b      d9b        0     1                 .L0 
     dec      dec      5dc     1         /tmp/ext4-5fefcd.o:(.debug_loclists)
     dec      dec        0     1                 $d
     df8      df8        0     1                 .L0 
    13c8     13c8      b46     1         /tmp/fs-ab8a12.o:(.debug_loclists)
    13c8     13c8        0     1                 $d
    13d4     13d4        0     1                 .L0 
    1f0e     1f0e       74     1         /tmp/main-b025fb.o:(.debug_loclists)
    1f0e     1f0e        0     1                 $d
    1f1a     1f1a        0     1                 .L0 
    1f82     1f82      7d3     1         /tmp/page_alloc-0f5b94.o:(.debug_loclists)
    1f82     1f82        0     1                 $d
    1f8e     1f8e        0     1                 .L0 
    2755     2755      baa     1         /tmp/vm-292179.o:(.debug_loclists)
    2755     2755        0     1                 $d
    2761     2761        0     1                 .L0 
    32ff     32ff      edc     1         /tmp/process-cf2aea.o:(.debug_loclists)
    32ff     32ff        0     1                 $d
    330b     330b        0     1                 .L0 
    41db     41db       d3     1         /tmp/sched-552f24.o:(.debug_loclists)
    41db     41db        0     1                 $d
    41e7     41e7        0     1                 .L0 
    42ae     42ae      16e     1         /tmp/waitq-459067.o:(.debug_loclists)
    42ae     42ae        0     1                 $d
    42ba     42ba        0     1                 .L0 
    441c     441c       ac     1         /tmp/sbi-cabc1b.o:(.debug_loclists)
    441c     441c        0     1                 $d
    4428     4428        0     1                 .L0 
    44c8     44c8      174     1         /tmp/syscall-ae6209.o:(.debug_loclists)
    44c8     44c8        0     1                 $d
    44d4     44d4        0     1                 .L0 
    463c     463c       f6     1         /tmp/trap-02814f.o:(.debug_loclists)
    463c     463c        0     1                 $d
    4648     4648        0     1                 .L0 
    4732     4732      12e     1         /tmp/printf-124e4d.o:(.debug_loclists)
    4732     4732        0     1                 $d
    473e     473e        0     1                 .L0 
    4860     4860       76     1         /tmp/string-54a7e2.o:(.debug_loclists)
    4860     4860        0     1                 $d
    486c     486c        0     1                 .L0 
    48d6     48d6      34d     1         /tmp/user_fm-547ebb.o:(.debug_loclists)
    48d6     48d6        0     1                 $d
    48e2     48e2        0     1                 .L0 
    4c23     4c23      7a6     1         /tmp/user_img-ed4548.o:(.debug_loclists)
    4c23     4c23        0     1                 $d
    4c2f     4c2f        0     1                 .L0 
    53c9     53c9     2cd3     1         /tmp/user_init-1d49f4.o:(.debug_loclists)
    53c9     53c9        0     1                 $d
    53d5     53d5        0     1                 .L0 
    809c     809c     45d7     1         /tmp/user_wm_runtime-df4213.o:(.debug_loclists)
    809c     809c        0     1                 $d
    80a8     80a8        0     1                 .L0 
       0        0     13c2     1 .debug_rnglists
       0        0       a7     1         /tmp/virtio_blk-27f5f1.o:(.debug_rnglists)
       0        0        0     1                 $d
       c        c        0     1                 .L0 
      a7       a7       ad     1         /tmp/virtio_gpu-148d0c.o:(.debug_rnglists)
      a7       a7        0     1                 $d
      b3       b3        0     1                 .L0 
     154      154       bb     1         /tmp/virtio_input-a32323.o:(.debug_rnglists)
     154      154        0     1                 $d
     160      160        0     1                 .L0 
     20f      20f       cf     1         /tmp/ext4-5fefcd.o:(.debug_rnglists)
     20f      20f        0     1                 $d
     21b      21b        0     1                 .L0 
     2de      2de      228     1         /tmp/fs-ab8a12.o:(.debug_rnglists)
     2de      2de        0     1                 $d
     2ea      2ea        0     1                 .L0 
     506      506      129     1         /tmp/page_alloc-0f5b94.o:(.debug_rnglists)
     506      506        0     1                 $d
     512      512        0     1                 .L0 
     62f      62f       a7     1         /tmp/vm-292179.o:(.debug_rnglists)
     62f      62f        0     1                 $d
     63b      63b        0     1                 .L0 
     6d6      6d6      1be     1         /tmp/process-cf2aea.o:(.debug_rnglists)
     6d6      6d6        0     1                 $d
     6e2      6e2        0     1                 .L0 
     894      894       1b     1         /tmp/waitq-459067.o:(.debug_rnglists)
     894      894        0     1                 $d
     8a0      8a0        0     1                 .L0 
     8af      8af       1b     1         /tmp/trap-02814f.o:(.debug_rnglists)
     8af      8af        0     1                 $d
     8bb      8bb        0     1                 .L0 
     8ca      8ca       1b     1         /tmp/printf-124e4d.o:(.debug_rnglists)
     8ca      8ca        0     1                 $d
     8d6      8d6        0     1                 .L0 
     8e5      8e5      106     1         /tmp/user_fm-547ebb.o:(.debug_rnglists)
     8e5      8e5        0     1                 $d
     8f1      8f1        0     1                 .L0 
     9eb      9eb       de     1         /tmp/user_img-ed4548.o:(.debug_rnglists)
     9eb      9eb        0     1                 $d
     9f7      9f7        0     1                 .L0 
     ac9      ac9      250     1         /tmp/user_init-1d49f4.o:(.debug_rnglists)
     ac9      ac9        0     1                 $d
     ad5      ad5        0     1                 .L0 
     d19      d19      6a9     1         /tmp/user_wm_runtime-df4213.o:(.debug_rnglists)
     d19      d19        0     1                 $d
     d25      d25        0     1                 .L0 
       0        0     2e40     4 .symtab
       0        0     2e40     4         <internal>:(.symtab)
       0        0      109     1 .shstrtab
       0        0      109     1         <internal>:(.shstrtab)
       0        0     17db     1 .strtab
       0        0     17db     1         <internal>:(.strtab)
