     VMA      LMA     Size Align Out     In      Symbol
       0        0 80200000     1 . = 0x80200000
80200000 80200000     cea8     4 .text
80200000 80200000        e     2         /tmp/boot-f69219.o:(.text.boot)
80200000 80200000        0     1                 .L0 
80200000 80200000        0     1                 .L0 
80200000 80200000        0     1                 $x
80200000 80200000        0     1                 .L0 
80200000 80200000        e     1                 boot
8020000e 8020000e        0     1                 .L0 
8020000e 8020000e        0     1                 .L0 
8020000e 8020000e        0     2         /tmp/boot-f69219.o:(.text)
8020000e 8020000e       46     2         /tmp/context-6e3be4.o:(.text)
8020000e 8020000e        0     1                 .L0 
8020000e 8020000e        0     1                 .L0 
8020000e 8020000e        0     1                 $x
8020000e 8020000e        0     1                 .L0 
8020000e 8020000e       46     1                 switch_context
80200054 80200054       98     4         /tmp/trap_entry-06ff0d.o:(.text)
80200054 80200054        0     1                 .L0 
80200054 80200054        0     1                 .L0 
80200054 80200054        0     1                 $x
80200054 80200054        0     1                 .L0 
80200054 80200054       98     1                 kernel_entry
802000ec 802000ec        0     1                 .L0 
802000ec 802000ec        0     1                 .L0 
802000ec 802000ec      2e8     2         /tmp/virtio_blk-776705.o:(.text)
802000ec 802000ec        0     1                 .L0 
802000ec 802000ec        0     1                 .L0 
802000ec 802000ec        0     1                 $x
802000ec 802000ec        0     1                 .L0 
802000ec 802000ec      206     1                 blk_init
802000f4 802000f4        0     1                 .L0 
802000f8 802000f8        0     1                 .L0 
802000f8 802000f8        0     1                 .L0 
802000fa 802000fa        0     1                 .L0 
802000fc 802000fc        0     1                 .L0 
802000fe 802000fe        0     1                 .L0 
80200106 80200106        0     1                 .L0 
8020010a 8020010a        0     1                 .L0 
8020010c 8020010c        0     1                 .L0 
8020010e 8020010e        0     1                 .L0 
8020010e 8020010e        0     1                 .L0 
80200112 80200112        0     1                 .L0 
80200114 80200114        0     1                 .L0 
80200118 80200118        0     1                 .L0 
80200118 80200118        0     1                 .L0 
8020011e 8020011e        0     1                 .L0 
80200120 80200120        0     1                 .L0 
80200122 80200122        0     1                 .L0 
80200126 80200126        0     1                 .L0 
80200128 80200128        0     1                 .L0 
8020012a 8020012a        0     1                 .L0 
8020012e 8020012e        0     1                 .L0 
80200130 80200130        0     1                 .L0 
80200134 80200134        0     1                 .L0 
80200134 80200134        0     1                 .L0 
8020013c 8020013c        0     1                 .L0 
80200146 80200146        0     1                 .L0 
8020014a 8020014a        0     1                 .L0 
8020014c 8020014c        0     1                 .L0 
8020014e 8020014e        0     1                 .L0 
8020014e 8020014e        0     1                 .L0 
80200152 80200152        0     1                 .L0 
80200154 80200154        0     1                 .L0 
80200158 80200158        0     1                 .L0 
80200158 80200158        0     1                 .L0 
8020015e 8020015e        0     1                 .L0 
80200160 80200160        0     1                 .L0 
80200162 80200162        0     1                 .L0 
80200166 80200166        0     1                 .L0 
80200168 80200168        0     1                 .L0 
8020016a 8020016a        0     1                 .L0 
8020016e 8020016e        0     1                 .L0 
80200170 80200170        0     1                 .L0 
80200174 80200174        0     1                 .L0 
80200174 80200174        0     1                 .L0 
8020017c 8020017c        0     1                 .L0 
80200186 80200186        0     1                 .L0 
8020018a 8020018a        0     1                 .L0 
8020018c 8020018c        0     1                 .L0 
8020018e 8020018e        0     1                 .L0 
8020018e 8020018e        0     1                 .L0 
80200192 80200192        0     1                 .L0 
80200194 80200194        0     1                 .L0 
80200198 80200198        0     1                 .L0 
80200198 80200198        0     1                 .L0 
8020019e 8020019e        0     1                 .L0 
802001a0 802001a0        0     1                 .L0 
802001a2 802001a2        0     1                 .L0 
802001a6 802001a6        0     1                 .L0 
802001a8 802001a8        0     1                 .L0 
802001aa 802001aa        0     1                 .L0 
802001ae 802001ae        0     1                 .L0 
802001b0 802001b0        0     1                 .L0 
802001b4 802001b4        0     1                 .L0 
802001b4 802001b4        0     1                 .L0 
802001bc 802001bc        0     1                 .L0 
802001be 802001be        0     1                 .L0 
802001c6 802001c6        0     1                 .L0 
802001ca 802001ca        0     1                 .L0 
802001cc 802001cc        0     1                 .L0 
802001ce 802001ce        0     1                 .L0 
802001ce 802001ce        0     1                 .L0 
802001d2 802001d2        0     1                 .L0 
802001d4 802001d4        0     1                 .L0 
802001d8 802001d8        0     1                 .L0 
802001d8 802001d8        0     1                 .L0 
802001de 802001de        0     1                 .L0 
802001e0 802001e0        0     1                 .L0 
802001e2 802001e2        0     1                 .L0 
802001e4 802001e4        0     1                 .L0 
802001e8 802001e8        0     1                 .L0 
802001ea 802001ea        0     1                 .L0 
802001ec 802001ec        0     1                 .L0 
802001f0 802001f0        0     1                 .L0 
802001f2 802001f2        0     1                 .L0 
802001f6 802001f6        0     1                 .L0 
802001f6 802001f6        0     1                 .L0 
802001fe 802001fe        0     1                 .L0 
802001fe 802001fe        0     1                 .L0 
80200202 80200202        0     1                 .L0 
80200202 80200202        0     1                 .L0 
80200208 80200208        0     1                 .L0 
8020020a 8020020a        0     1                 .L0 
8020020a 8020020a        0     1                 .L0 
80200210 80200210        0     1                 .L0 
80200212 80200212        0     1                 .L0 
80200212 80200212        0     1                 .L0 
80200216 80200216        0     1                 .L0 
8020021a 8020021a        0     1                 .L0 
8020021a 8020021a        0     1                 .L0 
8020021e 8020021e        0     1                 .L0 
80200222 80200222        0     1                 .L0 
80200222 80200222        0     1                 .L0 
80200226 80200226        0     1                 .L0 
80200228 80200228        0     1                 .L0 
80200228 80200228        0     1                 .L0 
8020022c 8020022c        0     1                 .L0 
80200230 80200230        0     1                 .L0 
80200230 80200230        0     1                 .L0 
80200236 80200236        0     1                 .L0 
80200238 80200238        0     1                 .L0 
80200238 80200238        0     1                 .L0 
8020023c 8020023c        0     1                 .L0 
8020023e 8020023e        0     1                 .L0 
80200244 80200244        0     1                 .L0 
80200246 80200246        0     1                 .L0 
80200246 80200246        0     1                 .L0 
8020024a 8020024a        0     1                 .L0 
8020024a 8020024a        0     1                 .L0 
8020024e 8020024e        0     1                 .L0 
80200252 80200252        0     1                 .L0 
80200252 80200252        0     1                 .L0 
80200258 80200258        0     1                 .L0 
80200262 80200262        0     1                 .L0 
80200262 80200262        0     1                 .L0 
80200262 80200262        0     1                 .L0 
80200264 80200264        0     1                 .L0 
8020027c 8020027c        0     1                 .L0 
8020027c 8020027c        0     1                 .L0 
8020028a 8020028a        0     1                 .L0 
8020028a 8020028a        0     1                 .L0 
8020029a 8020029a        0     1                 .L0 
8020029a 8020029a        0     1                 .L0 
8020029c 8020029c        0     1                 .L0 
8020029c 8020029c        0     1                 .L0 
802002a0 802002a0        0     1                 .L0 
802002a4 802002a4        0     1                 .L0 
802002a4 802002a4        0     1                 .L0 
802002a8 802002a8        0     1                 .L0 
802002ac 802002ac        0     1                 .L0 
802002ac 802002ac        0     1                 .L0 
802002b0 802002b0        0     1                 .L0 
802002b4 802002b4        0     1                 .L0 
802002b4 802002b4        0     1                 .L0 
802002b8 802002b8        0     1                 .L0 
802002bc 802002bc        0     1                 .L0 
802002bc 802002bc        0     1                 .L0 
802002c0 802002c0        0     1                 .L0 
802002c4 802002c4        0     1                 .L0 
802002c4 802002c4        0     1                 .L0 
802002c8 802002c8        0     1                 .L0 
802002cc 802002cc        0     1                 .L0 
802002cc 802002cc        0     1                 .L0 
802002d2 802002d2        0     1                 .L0 
802002d4 802002d4        0     1                 .L0 
802002d4 802002d4        0     1                 .L0 
802002da 802002da        0     1                 .L0 
802002dc 802002dc        0     1                 .L0 
802002dc 802002dc        0     1                 .L0 
802002e0 802002e0        0     1                 .L0 
802002e8 802002e8        0     1                 .L0 
802002ee 802002ee        0     1                 .L0 
802002f0 802002f0        0     1                 .L0 
802002f0 802002f0        0     1                 .L0 
802002f2 802002f2        0     1                 .L0 
802002f2 802002f2        0     1                 .L0 
802002f2 802002f2        0     1                 .L0 
802002f2 802002f2        0     1                 .L0 
802002f2 802002f2        0     1                 .L0 
802002f2 802002f2       e2     1                 blk_read
802002f4 802002f4        0     1                 .L0 
802002f6 802002f6        0     1                 .L0 
80200300 80200300        0     1                 .L0 
80200302 80200302        0     1                 .L0 
80200320 80200320        0     1                 .L0 
80200328 80200328        0     1                 .L0 
8020032e 8020032e        0     1                 .L0 
80200332 80200332        0     1                 .L0 
80200336 80200336        0     1                 .L0 
80200336 80200336        0     1                 .L0 
8020033e 8020033e        0     1                 .L0 
80200342 80200342        0     1                 .L0 
80200346 80200346        0     1                 .L0 
8020034a 8020034a        0     1                 .L0 
8020034a 8020034a        0     1                 .L0 
80200350 80200350        0     1                 .L0 
80200354 80200354        0     1                 .L0 
8020035a 8020035a        0     1                 .L0 
80200362 80200362        0     1                 .L0 
80200366 80200366        0     1                 .L0 
8020036a 8020036a        0     1                 .L0 
8020036c 8020036c        0     1                 .L0 
8020036e 8020036e        0     1                 .L0 
80200370 80200370        0     1                 .L0 
80200374 80200374        0     1                 .L0 
80200378 80200378        0     1                 .L0 
80200382 80200382        0     1                 .L0 
80200386 80200386        0     1                 .L0 
80200386 80200386        0     1                 .L0 
8020038a 8020038a        0     1                 .L0 
8020038e 8020038e        0     1                 .L0 
8020038e 8020038e        0     1                 .L0 
8020039e 8020039e        0     1                 .L0 
8020039e 8020039e        0     1                 .L0 
8020039e 8020039e        0     1                 .L0 
802003a2 802003a2        0     1                 .L0 
802003a6 802003a6        0     1                 .L0 
802003a6 802003a6        0     1                 .L0 
802003a8 802003a8        0     1                 .L0 
802003aa 802003aa        0     1                 .L0 
802003ac 802003ac        0     1                 .L0 
802003ae 802003ae        0     1                 .L0 
802003ae 802003ae        0     1                 .L0 
802003b6 802003b6        0     1                 .L0 
802003ba 802003ba        0     1                 .L0 
802003ba 802003ba        0     1                 .L0 
802003be 802003be        0     1                 .L0 
802003be 802003be        0     1                 .L0 
802003c2 802003c2        0     1                 .L0 
802003c2 802003c2        0     1                 .L0 
802003c4 802003c4        0     1                 .L0 
802003c4 802003c4        0     1                 .L0 
802003c6 802003c6        0     1                 .L0 
802003ca 802003ca        0     1                 .L0 
802003d0 802003d0        0     1                 .L0 
802003d0 802003d0        0     1                 .L0 
802003d4 802003d4        0     1                 .L0 
802003d4 802003d4        0     1                 .L0 
802003d4 802003d4      960     2         /tmp/virtio_gpu-c5d3bd.o:(.text)
802003d4 802003d4        0     1                 .L0 
802003d4 802003d4        0     1                 .L0 
802003d4 802003d4        0     1                 $x
802003d4 802003d4        0     1                 .L0 
802003d4 802003d4      656     1                 virtio_gpu_init
802003de 802003de        0     1                 .L0 
802003e0 802003e0        0     1                 .L0 
802003e6 802003e6        0     1                 .L0 
80200416 80200416        0     1                 .L0 
80200416 80200416        0     1                 .L0 
8020041e 8020041e        0     1                 .L0 
8020041e 8020041e        0     1                 .L0 
80200420 80200420        0     1                 .L0 
80200422 80200422        0     1                 .L0 
80200424 80200424        0     1                 .L0 
8020042c 8020042c        0     1                 .L0 
80200430 80200430        0     1                 .L0 
80200432 80200432        0     1                 .L0 
80200434 80200434        0     1                 .L0 
80200434 80200434        0     1                 .L0 
80200438 80200438        0     1                 .L0 
8020043a 8020043a        0     1                 .L0 
8020043e 8020043e        0     1                 .L0 
8020043e 8020043e        0     1                 .L0 
80200444 80200444        0     1                 .L0 
80200446 80200446        0     1                 .L0 
80200448 80200448        0     1                 .L0 
8020044c 8020044c        0     1                 .L0 
8020044e 8020044e        0     1                 .L0 
80200450 80200450        0     1                 .L0 
80200454 80200454        0     1                 .L0 
80200456 80200456        0     1                 .L0 
8020045a 8020045a        0     1                 .L0 
8020045a 8020045a        0     1                 .L0 
80200462 80200462        0     1                 .L0 
8020046c 8020046c        0     1                 .L0 
80200470 80200470        0     1                 .L0 
80200472 80200472        0     1                 .L0 
80200474 80200474        0     1                 .L0 
80200474 80200474        0     1                 .L0 
80200478 80200478        0     1                 .L0 
8020047a 8020047a        0     1                 .L0 
8020047e 8020047e        0     1                 .L0 
8020047e 8020047e        0     1                 .L0 
80200484 80200484        0     1                 .L0 
80200486 80200486        0     1                 .L0 
80200488 80200488        0     1                 .L0 
8020048c 8020048c        0     1                 .L0 
8020048e 8020048e        0     1                 .L0 
80200490 80200490        0     1                 .L0 
80200494 80200494        0     1                 .L0 
80200496 80200496        0     1                 .L0 
8020049a 8020049a        0     1                 .L0 
8020049a 8020049a        0     1                 .L0 
802004a2 802004a2        0     1                 .L0 
802004ac 802004ac        0     1                 .L0 
802004b0 802004b0        0     1                 .L0 
802004b2 802004b2        0     1                 .L0 
802004b4 802004b4        0     1                 .L0 
802004b4 802004b4        0     1                 .L0 
802004b8 802004b8        0     1                 .L0 
802004ba 802004ba        0     1                 .L0 
802004be 802004be        0     1                 .L0 
802004be 802004be        0     1                 .L0 
802004c4 802004c4        0     1                 .L0 
802004c6 802004c6        0     1                 .L0 
802004c8 802004c8        0     1                 .L0 
802004cc 802004cc        0     1                 .L0 
802004ce 802004ce        0     1                 .L0 
802004d0 802004d0        0     1                 .L0 
802004d4 802004d4        0     1                 .L0 
802004d6 802004d6        0     1                 .L0 
802004da 802004da        0     1                 .L0 
802004da 802004da        0     1                 .L0 
802004e2 802004e2        0     1                 .L0 
802004e4 802004e4        0     1                 .L0 
802004ec 802004ec        0     1                 .L0 
802004f0 802004f0        0     1                 .L0 
802004f2 802004f2        0     1                 .L0 
802004f4 802004f4        0     1                 .L0 
802004f4 802004f4        0     1                 .L0 
802004f8 802004f8        0     1                 .L0 
802004fa 802004fa        0     1                 .L0 
802004fe 802004fe        0     1                 .L0 
802004fe 802004fe        0     1                 .L0 
80200504 80200504        0     1                 .L0 
80200506 80200506        0     1                 .L0 
80200508 80200508        0     1                 .L0 
8020050a 8020050a        0     1                 .L0 
8020050e 8020050e        0     1                 .L0 
80200510 80200510        0     1                 .L0 
80200512 80200512        0     1                 .L0 
80200516 80200516        0     1                 .L0 
80200518 80200518        0     1                 .L0 
8020051c 8020051c        0     1                 .L0 
8020051c 8020051c        0     1                 .L0 
80200524 80200524        0     1                 .L0 
80200524 80200524        0     1                 .L0 
80200528 80200528        0     1                 .L0 
80200528 80200528        0     1                 .L0 
8020052e 8020052e        0     1                 .L0 
80200532 80200532        0     1                 .L0 
80200532 80200532        0     1                 .L0 
80200538 80200538        0     1                 .L0 
8020053a 8020053a        0     1                 .L0 
8020053a 8020053a        0     1                 .L0 
8020053e 8020053e        0     1                 .L0 
80200542 80200542        0     1                 .L0 
80200542 80200542        0     1                 .L0 
80200546 80200546        0     1                 .L0 
8020054a 8020054a        0     1                 .L0 
8020054a 8020054a        0     1                 .L0 
8020054e 8020054e        0     1                 .L0 
80200552 80200552        0     1                 .L0 
80200552 80200552        0     1                 .L0 
80200558 80200558        0     1                 .L0 
8020055a 8020055a        0     1                 .L0 
8020055a 8020055a        0     1                 .L0 
8020055e 8020055e        0     1                 .L0 
80200562 80200562        0     1                 .L0 
80200562 80200562        0     1                 .L0 
80200566 80200566        0     1                 .L0 
8020056a 8020056a        0     1                 .L0 
8020056a 8020056a        0     1                 .L0 
8020056e 8020056e        0     1                 .L0 
8020056e 8020056e        0     1                 .L0 
80200570 80200570        0     1                 .L0 
80200584 80200584        0     1                 .L0 
80200584 80200584        0     1                 .L0 
80200592 80200592        0     1                 .L0 
80200592 80200592        0     1                 .L0 
802005a2 802005a2        0     1                 .L0 
802005a2 802005a2        0     1                 .L0 
802005a6 802005a6        0     1                 .L0 
802005a6 802005a6        0     1                 .L0 
802005aa 802005aa        0     1                 .L0 
802005aa 802005aa        0     1                 .L0 
802005ae 802005ae        0     1                 .L0 
802005ae 802005ae        0     1                 .L0 
802005b2 802005b2        0     1                 .L0 
802005b6 802005b6        0     1                 .L0 
802005b6 802005b6        0     1                 .L0 
802005ba 802005ba        0     1                 .L0 
802005be 802005be        0     1                 .L0 
802005be 802005be        0     1                 .L0 
802005c2 802005c2        0     1                 .L0 
802005c6 802005c6        0     1                 .L0 
802005c6 802005c6        0     1                 .L0 
802005ca 802005ca        0     1                 .L0 
802005ce 802005ce        0     1                 .L0 
802005ce 802005ce        0     1                 .L0 
802005d2 802005d2        0     1                 .L0 
802005d6 802005d6        0     1                 .L0 
802005d6 802005d6        0     1                 .L0 
802005da 802005da        0     1                 .L0 
802005de 802005de        0     1                 .L0 
802005de 802005de        0     1                 .L0 
802005e4 802005e4        0     1                 .L0 
802005e6 802005e6        0     1                 .L0 
802005e6 802005e6        0     1                 .L0 
802005ec 802005ec        0     1                 .L0 
802005fc 802005fc        0     1                 .L0 
802005fc 802005fc        0     1                 .L0 
80200600 80200600        0     1                 .L0 
80200600 80200600        0     1                 .L0 
8020060c 8020060c        0     1                 .L0 
8020060c 8020060c        0     1                 .L0 
80200614 80200614        0     1                 .L0 
80200614 80200614        0     1                 .L0 
80200618 80200618        0     1                 .L0 
80200618 80200618        0     1                 .L0 
8020061c 8020061c        0     1                 .L0 
8020061c 8020061c        0     1                 .L0 
80200632 80200632        0     1                 .L0 
80200634 80200634        0     1                 .L0 
8020063a 8020063a        0     1                 .L0 
80200642 80200642        0     1                 .L0 
80200646 80200646        0     1                 .L0 
8020064a 8020064a        0     1                 .L0 
8020064c 8020064c        0     1                 .L0 
8020064e 8020064e        0     1                 .L0 
8020064e 8020064e        0     1                 .L0 
80200650 80200650        0     1                 .L0 
80200654 80200654        0     1                 .L0 
80200658 80200658        0     1                 .L0 
80200662 80200662        0     1                 .L0 
80200666 80200666        0     1                 .L0 
80200666 80200666        0     1                 .L0 
8020066a 8020066a        0     1                 .L0 
8020066e 8020066e        0     1                 .L0 
8020066e 8020066e        0     1                 .L0 
80200682 80200682        0     1                 .L0 
80200682 80200682        0     1                 .L0 
80200686 80200686        0     1                 .L0 
8020068a 8020068a        0     1                 .L0 
8020068a 8020068a        0     1                 .L0 
8020068c 8020068c        0     1                 .L0 
80200690 80200690        0     1                 .L0 
80200690 80200690        0     1                 .L0 
80200694 80200694        0     1                 .L0 
80200696 80200696        0     1                 .L0 
8020069a 8020069a        0     1                 .L0 
8020069e 8020069e        0     1                 .L0 
802006a0 802006a0        0     1                 .L0 
802006a0 802006a0        0     1                 .L0 
802006a2 802006a2        0     1                 .L0 
802006a2 802006a2        0     1                 .L0 
802006b0 802006b0        0     1                 .L0 
802006b0 802006b0        0     1                 .L0 
802006b4 802006b4        0     1                 .L0 
802006b4 802006b4        0     1                 .L0 
802006b6 802006b6        0     1                 .L0 
802006b6 802006b6        0     1                 .L0 
802006ba 802006ba        0     1                 .L0 
802006ba 802006ba        0     1                 .L0 
802006bc 802006bc        0     1                 .L0 
802006be 802006be        0     1                 .L0 
802006c0 802006c0        0     1                 .L0 
802006c0 802006c0        0     1                 .L0 
802006c2 802006c2        0     1                 .L0 
802006c4 802006c4        0     1                 .L0 
802006c8 802006c8        0     1                 .L0 
802006ca 802006ca        0     1                 .L0 
802006ce 802006ce        0     1                 .L0 
802006d2 802006d2        0     1                 .L0 
802006d2 802006d2        0     1                 .L0 
802006d6 802006d6        0     1                 .L0 
802006e2 802006e2        0     1                 .L0 
802006e4 802006e4        0     1                 .L0 
802006e8 802006e8        0     1                 .L0 
802006ec 802006ec        0     1                 .L0 
802006ee 802006ee        0     1                 .L0 
802006ee 802006ee        0     1                 .L0 
802006f2 802006f2        0     1                 .L0 
802006f6 802006f6        0     1                 .L0 
802006fa 802006fa        0     1                 .L0 
802006fa 802006fa        0     1                 .L0 
802006fc 802006fc        0     1                 .L0 
802006fc 802006fc        0     1                 .L0 
80200700 80200700        0     1                 .L0 
80200700 80200700        0     1                 .L0 
80200700 80200700        0     1                 .L0 
80200704 80200704        0     1                 .L0 
8020070a 8020070a        0     1                 .L0 
80200712 80200712        0     1                 .L0 
80200716 80200716        0     1                 .L0 
8020071a 8020071a        0     1                 .L0 
8020071e 8020071e        0     1                 .L0 
8020071e 8020071e        0     1                 .L0 
80200722 80200722        0     1                 .L0 
80200722 80200722        0     1                 .L0 
80200732 80200732        0     1                 .L0 
80200732 80200732        0     1                 .L0 
80200736 80200736        0     1                 .L0 
80200742 80200742        0     1                 .L0 
80200742 80200742        0     1                 .L0 
80200746 80200746        0     1                 .L0 
80200746 80200746        0     1                 .L0 
8020074a 8020074a        0     1                 .L0 
8020074a 8020074a        0     1                 .L0 
8020075e 8020075e        0     1                 .L0 
8020075e 8020075e        0     1                 .L0 
80200762 80200762        0     1                 .L0 
80200766 80200766        0     1                 .L0 
8020076e 8020076e        0     1                 .L0 
80200772 80200772        0     1                 .L0 
8020077c 8020077c        0     1                 .L0 
80200784 80200784        0     1                 .L0 
80200788 80200788        0     1                 .L0 
8020078c 8020078c        0     1                 .L0 
8020078e 8020078e        0     1                 .L0 
80200790 80200790        0     1                 .L0 
80200790 80200790        0     1                 .L0 
80200792 80200792        0     1                 .L0 
80200796 80200796        0     1                 .L0 
8020079a 8020079a        0     1                 .L0 
802007a4 802007a4        0     1                 .L0 
802007a8 802007a8        0     1                 .L0 
802007a8 802007a8        0     1                 .L0 
802007ac 802007ac        0     1                 .L0 
802007b0 802007b0        0     1                 .L0 
802007b0 802007b0        0     1                 .L0 
802007b8 802007b8        0     1                 .L0 
802007c0 802007c0        0     1                 .L0 
802007c0 802007c0        0     1                 .L0 
802007c4 802007c4        0     1                 .L0 
802007c8 802007c8        0     1                 .L0 
802007c8 802007c8        0     1                 .L0 
802007ca 802007ca        0     1                 .L0 
802007ce 802007ce        0     1                 .L0 
802007ce 802007ce        0     1                 .L0 
802007ce 802007ce        0     1                 .L0 
802007d0 802007d0        0     1                 .L0 
802007d0 802007d0        0     1                 .L0 
802007d0 802007d0        0     1                 .L0 
802007d4 802007d4        0     1                 .L0 
802007d8 802007d8        0     1                 .L0 
802007d8 802007d8        0     1                 .L0 
802007dc 802007dc        0     1                 .L0 
802007e0 802007e0        0     1                 .L0 
802007e0 802007e0        0     1                 .L0 
802007e4 802007e4        0     1                 .L0 
802007e6 802007e6        0     1                 .L0 
802007ea 802007ea        0     1                 .L0 
802007ee 802007ee        0     1                 .L0 
802007f0 802007f0        0     1                 .L0 
802007f0 802007f0        0     1                 .L0 
802007f4 802007f4        0     1                 .L0 
802007f4 802007f4        0     1                 .L0 
802007f8 802007f8        0     1                 .L0 
802007f8 802007f8        0     1                 .L0 
802007fc 802007fc        0     1                 .L0 
80200800 80200800        0     1                 .L0 
80200800 80200800        0     1                 .L0 
80200804 80200804        0     1                 .L0 
80200804 80200804        0     1                 .L0 
80200808 80200808        0     1                 .L0 
80200808 80200808        0     1                 .L0 
80200818 80200818        0     1                 .L0 
80200818 80200818        0     1                 .L0 
8020081c 8020081c        0     1                 .L0 
80200828 80200828        0     1                 .L0 
80200828 80200828        0     1                 .L0 
8020082e 8020082e        0     1                 .L0 
80200836 80200836        0     1                 .L0 
80200836 80200836        0     1                 .L0 
8020083a 8020083a        0     1                 .L0 
8020083a 8020083a        0     1                 .L0 
80200852 80200852        0     1                 .L0 
80200852 80200852        0     1                 .L0 
80200856 80200856        0     1                 .L0 
8020085e 8020085e        0     1                 .L0 
8020086c 8020086c        0     1                 .L0 
80200870 80200870        0     1                 .L0 
80200876 80200876        0     1                 .L0 
8020087e 8020087e        0     1                 .L0 
80200882 80200882        0     1                 .L0 
80200886 80200886        0     1                 .L0 
80200888 80200888        0     1                 .L0 
8020088a 8020088a        0     1                 .L0 
8020088a 8020088a        0     1                 .L0 
8020088c 8020088c        0     1                 .L0 
80200890 80200890        0     1                 .L0 
80200894 80200894        0     1                 .L0 
8020089e 8020089e        0     1                 .L0 
802008a2 802008a2        0     1                 .L0 
802008a2 802008a2        0     1                 .L0 
802008a6 802008a6        0     1                 .L0 
802008aa 802008aa        0     1                 .L0 
802008aa 802008aa        0     1                 .L0 
802008b6 802008b6        0     1                 .L0 
802008b6 802008b6        0     1                 .L0 
802008ba 802008ba        0     1                 .L0 
802008be 802008be        0     1                 .L0 
802008be 802008be        0     1                 .L0 
802008c0 802008c0        0     1                 .L0 
802008c4 802008c4        0     1                 .L0 
802008c4 802008c4        0     1                 .L0 
802008c8 802008c8        0     1                 .L0 
802008ca 802008ca        0     1                 .L0 
802008ce 802008ce        0     1                 .L0 
802008d2 802008d2        0     1                 .L0 
802008d4 802008d4        0     1                 .L0 
802008d4 802008d4        0     1                 .L0 
802008d8 802008d8        0     1                 .L0 
802008d8 802008d8        0     1                 .L0 
802008e4 802008e4        0     1                 .L0 
802008e4 802008e4        0     1                 .L0 
802008e8 802008e8        0     1                 .L0 
802008e8 802008e8        0     1                 .L0 
802008f0 802008f0        0     1                 .L0 
802008f4 802008f4        0     1                 .L0 
802008f8 802008f8        0     1                 .L0 
802008f8 802008f8        0     1                 .L0 
80200908 80200908        0     1                 .L0 
80200908 80200908        0     1                 .L0 
8020090c 8020090c        0     1                 .L0 
80200918 80200918        0     1                 .L0 
80200918 80200918        0     1                 .L0 
8020091c 8020091c        0     1                 .L0 
8020091c 8020091c        0     1                 .L0 
80200920 80200920        0     1                 .L0 
80200920 80200920        0     1                 .L0 
8020093e 8020093e        0     1                 .L0 
8020093e 8020093e        0     1                 .L0 
80200940 80200940        0     1                 .L0 
80200956 80200956        0     1                 .L0 
8020095a 8020095a        0     1                 .L0 
80200960 80200960        0     1                 .L0 
80200968 80200968        0     1                 .L0 
8020096c 8020096c        0     1                 .L0 
80200970 80200970        0     1                 .L0 
80200972 80200972        0     1                 .L0 
80200974 80200974        0     1                 .L0 
80200974 80200974        0     1                 .L0 
80200976 80200976        0     1                 .L0 
8020097a 8020097a        0     1                 .L0 
8020097e 8020097e        0     1                 .L0 
80200988 80200988        0     1                 .L0 
8020098c 8020098c        0     1                 .L0 
8020098c 8020098c        0     1                 .L0 
80200990 80200990        0     1                 .L0 
80200994 80200994        0     1                 .L0 
80200994 80200994        0     1                 .L0 
802009a0 802009a0        0     1                 .L0 
802009a0 802009a0        0     1                 .L0 
802009a4 802009a4        0     1                 .L0 
802009a8 802009a8        0     1                 .L0 
802009a8 802009a8        0     1                 .L0 
802009aa 802009aa        0     1                 .L0 
802009ae 802009ae        0     1                 .L0 
802009ae 802009ae        0     1                 .L0 
802009b2 802009b2        0     1                 .L0 
802009b4 802009b4        0     1                 .L0 
802009b8 802009b8        0     1                 .L0 
802009ba 802009ba        0     1                 .L0 
802009bc 802009bc        0     1                 .L0 
802009bc 802009bc        0     1                 .L0 
802009c0 802009c0        0     1                 .L0 
802009c0 802009c0        0     1                 .L0 
802009cc 802009cc        0     1                 .L0 
802009cc 802009cc        0     1                 .L0 
802009d0 802009d0        0     1                 .L0 
802009d0 802009d0        0     1                 .L0 
802009e0 802009e0        0     1                 .L0 
802009e0 802009e0        0     1                 .L0 
802009e2 802009e2        0     1                 .L0 
802009e2 802009e2        0     1                 .L0 
802009e6 802009e6        0     1                 .L0 
802009ea 802009ea        0     1                 .L0 
802009ea 802009ea        0     1                 .L0 
802009f2 802009f2        0     1                 .L0 
802009f4 802009f4        0     1                 .L0 
80200a24 80200a24        0     1                 .L0 
80200a28 80200a28        0     1                 .L0 
80200a2a 80200a2a       dc     1                 vg_cmd_resource_unref
80200a2a 80200a2a        0     1                 .L0 
80200a2a 80200a2a        0     1                 .L0 
80200a2a 80200a2a        0     1                 .L0 
80200a2a 80200a2a        0     1                 .L0 
80200a2a 80200a2a        0     1                 .L0 
80200a38 80200a38        0     1                 .L0 
80200a3a 80200a3a        0     1                 .L0 
80200a3e 80200a3e        0     1                 .L0 
80200a4e 80200a4e        0     1                 .L0 
80200a4e 80200a4e        0     1                 .L0 
80200a50 80200a50        0     1                 .L0 
80200a5c 80200a5c        0     1                 .L0 
80200a5c 80200a5c        0     1                 .L0 
80200a68 80200a68        0     1                 .L0 
80200a68 80200a68        0     1                 .L0 
80200a6c 80200a6c        0     1                 .L0 
80200a6c 80200a6c        0     1                 .L0 
80200a6e 80200a6e        0     1                 .L0 
80200a78 80200a78        0     1                 .L0 
80200a80 80200a80        0     1                 .L0 
80200a84 80200a84        0     1                 .L0 
80200a8c 80200a8c        0     1                 .L0 
80200a94 80200a94        0     1                 .L0 
80200a98 80200a98        0     1                 .L0 
80200a9a 80200a9a        0     1                 .L0 
80200a9c 80200a9c        0     1                 .L0 
80200a9e 80200a9e        0     1                 .L0 
80200a9e 80200a9e        0     1                 .L0 
80200aa0 80200aa0        0     1                 .L0 
80200aa4 80200aa4        0     1                 .L0 
80200aa8 80200aa8        0     1                 .L0 
80200ab2 80200ab2        0     1                 .L0 
80200ab6 80200ab6        0     1                 .L0 
80200ab6 80200ab6        0     1                 .L0 
80200aba 80200aba        0     1                 .L0 
80200abe 80200abe        0     1                 .L0 
80200abe 80200abe        0     1                 .L0 
80200ad2 80200ad2        0     1                 .L0 
80200ad2 80200ad2        0     1                 .L0 
80200ad6 80200ad6        0     1                 .L0 
80200ada 80200ada        0     1                 .L0 
80200ada 80200ada        0     1                 .L0 
80200adc 80200adc        0     1                 .L0 
80200ae0 80200ae0        0     1                 .L0 
80200ae0 80200ae0        0     1                 .L0 
80200ae4 80200ae4        0     1                 .L0 
80200ae6 80200ae6        0     1                 .L0 
80200aea 80200aea        0     1                 .L0 
80200aec 80200aec        0     1                 .L0 
80200af6 80200af6        0     1                 .L0 
80200af6 80200af6        0     1                 .L0 
80200af6 80200af6        0     1                 .L0 
80200afa 80200afa        0     1                 .L0 
80200b02 80200b02        0     1                 .L0 
80200b06 80200b06        0     1                 .L0 
80200b06 80200b06        0     1                 .L0 
80200b06 80200b06        0     1                 .L0 
80200b06 80200b06        0     1                 .L0 
80200b06 80200b06        0     1                 .L0 
80200b06 80200b06      1ee     1                 virtio_gpu_present
80200b1c 80200b1c        0     1                 .L0 
80200b1c 80200b1c        0     1                 .L0 
80200b24 80200b24        0     1                 .L0 
80200b28 80200b28        0     1                 .L0 
80200b30 80200b30        0     1                 .L0 
80200b34 80200b34        0     1                 .L0 
80200b38 80200b38        0     1                 .L0 
80200b38 80200b38        0     1                 .L0 
80200b3c 80200b3c        0     1                 .L0 
80200b3c 80200b3c        0     1                 .L0 
80200b4c 80200b4c        0     1                 .L0 
80200b4c 80200b4c        0     1                 .L0 
80200b50 80200b50        0     1                 .L0 
80200b5c 80200b5c        0     1                 .L0 
80200b5c 80200b5c        0     1                 .L0 
80200b60 80200b60        0     1                 .L0 
80200b60 80200b60        0     1                 .L0 
80200b64 80200b64        0     1                 .L0 
80200b64 80200b64        0     1                 .L0 
80200b74 80200b74        0     1                 .L0 
80200b74 80200b74        0     1                 .L0 
80200b78 80200b78        0     1                 .L0 
80200b8e 80200b8e        0     1                 .L0 
80200b92 80200b92        0     1                 .L0 
80200b98 80200b98        0     1                 .L0 
80200ba0 80200ba0        0     1                 .L0 
80200ba4 80200ba4        0     1                 .L0 
80200ba8 80200ba8        0     1                 .L0 
80200baa 80200baa        0     1                 .L0 
80200bac 80200bac        0     1                 .L0 
80200bac 80200bac        0     1                 .L0 
80200bae 80200bae        0     1                 .L0 
80200bb2 80200bb2        0     1                 .L0 
80200bb6 80200bb6        0     1                 .L0 
80200bc0 80200bc0        0     1                 .L0 
80200bc4 80200bc4        0     1                 .L0 
80200bc4 80200bc4        0     1                 .L0 
80200bc8 80200bc8        0     1                 .L0 
80200bcc 80200bcc        0     1                 .L0 
80200bcc 80200bcc        0     1                 .L0 
80200be0 80200be0        0     1                 .L0 
80200be0 80200be0        0     1                 .L0 
80200be4 80200be4        0     1                 .L0 
80200be8 80200be8        0     1                 .L0 
80200be8 80200be8        0     1                 .L0 
80200bea 80200bea        0     1                 .L0 
80200bee 80200bee        0     1                 .L0 
80200bee 80200bee        0     1                 .L0 
80200bf2 80200bf2        0     1                 .L0 
80200bf4 80200bf4        0     1                 .L0 
80200bf8 80200bf8        0     1                 .L0 
80200bfa 80200bfa        0     1                 .L0 
80200bfc 80200bfc        0     1                 .L0 
80200bfc 80200bfc        0     1                 .L0 
80200bfe 80200bfe        0     1                 .L0 
80200bfe 80200bfe        0     1                 .L0 
80200c02 80200c02        0     1                 .L0 
80200c02 80200c02        0     1                 .L0 
80200c06 80200c06        0     1                 .L0 
80200c0a 80200c0a        0     1                 .L0 
80200c0a 80200c0a        0     1                 .L0 
80200c0e 80200c0e        0     1                 .L0 
80200c0e 80200c0e        0     1                 .L0 
80200c16 80200c16        0     1                 .L0 
80200c1a 80200c1a        0     1                 .L0 
80200c1e 80200c1e        0     1                 .L0 
80200c22 80200c22        0     1                 .L0 
80200c22 80200c22        0     1                 .L0 
80200c32 80200c32        0     1                 .L0 
80200c32 80200c32        0     1                 .L0 
80200c36 80200c36        0     1                 .L0 
80200c42 80200c42        0     1                 .L0 
80200c42 80200c42        0     1                 .L0 
80200c46 80200c46        0     1                 .L0 
80200c46 80200c46        0     1                 .L0 
80200c4a 80200c4a        0     1                 .L0 
80200c4a 80200c4a        0     1                 .L0 
80200c56 80200c56        0     1                 .L0 
80200c56 80200c56        0     1                 .L0 
80200c58 80200c58        0     1                 .L0 
80200c6e 80200c6e        0     1                 .L0 
80200c72 80200c72        0     1                 .L0 
80200c78 80200c78        0     1                 .L0 
80200c80 80200c80        0     1                 .L0 
80200c84 80200c84        0     1                 .L0 
80200c88 80200c88        0     1                 .L0 
80200c8a 80200c8a        0     1                 .L0 
80200c8c 80200c8c        0     1                 .L0 
80200c8c 80200c8c        0     1                 .L0 
80200c8e 80200c8e        0     1                 .L0 
80200c92 80200c92        0     1                 .L0 
80200c96 80200c96        0     1                 .L0 
80200ca0 80200ca0        0     1                 .L0 
80200ca4 80200ca4        0     1                 .L0 
80200ca4 80200ca4        0     1                 .L0 
80200ca8 80200ca8        0     1                 .L0 
80200cac 80200cac        0     1                 .L0 
80200cac 80200cac        0     1                 .L0 
80200cb8 80200cb8        0     1                 .L0 
80200cb8 80200cb8        0     1                 .L0 
80200cbc 80200cbc        0     1                 .L0 
80200cc0 80200cc0        0     1                 .L0 
80200cc0 80200cc0        0     1                 .L0 
80200cc2 80200cc2        0     1                 .L0 
80200cc6 80200cc6        0     1                 .L0 
80200cc6 80200cc6        0     1                 .L0 
80200cca 80200cca        0     1                 .L0 
80200ccc 80200ccc        0     1                 .L0 
80200cd0 80200cd0        0     1                 .L0 
80200cd2 80200cd2        0     1                 .L0 
80200cdc 80200cdc        0     1                 .L0 
80200cdc 80200cdc        0     1                 .L0 
80200cdc 80200cdc        0     1                 .L0 
80200cf0 80200cf0        0     1                 .L0 
80200cf4 80200cf4        0     1                 .L0 
80200cf4 80200cf4        0     1                 .L0 
80200cf4 80200cf4        0     1                 .L0 
80200cf4 80200cf4        0     1                 .L0 
80200cf4 80200cf4        0     1                 .L0 
80200cf4 80200cf4        a     1                 virtio_gpu_is_ready
80200cfc 80200cfc        0     1                 .L0 
80200cfe 80200cfe        0     1                 .L0 
80200cfe 80200cfe        0     1                 .L0 
80200cfe 80200cfe        0     1                 .L0 
80200cfe 80200cfe        0     1                 .L0 
80200cfe 80200cfe        0     1                 .L0 
80200cfe 80200cfe        a     1                 virtio_gpu_width
80200d06 80200d06        0     1                 .L0 
80200d08 80200d08        0     1                 .L0 
80200d08 80200d08        0     1                 .L0 
80200d08 80200d08        0     1                 .L0 
80200d08 80200d08        0     1                 .L0 
80200d08 80200d08        0     1                 .L0 
80200d08 80200d08        a     1                 virtio_gpu_height
80200d10 80200d10        0     1                 .L0 
80200d12 80200d12        0     1                 .L0 
80200d12 80200d12        0     1                 .L0 
80200d12 80200d12        0     1                 .L0 
80200d12 80200d12        0     1                 .L0 
80200d12 80200d12        0     1                 .L0 
80200d12 80200d12        a     1                 virtio_gpu_pitch
80200d1a 80200d1a        0     1                 .L0 
80200d1c 80200d1c        0     1                 .L0 
80200d1c 80200d1c        0     1                 .L0 
80200d1c 80200d1c        0     1                 .L0 
80200d1c 80200d1c        0     1                 .L0 
80200d1c 80200d1c        0     1                 .L0 
80200d1c 80200d1c       18     1                 virtio_gpu_backbuffer
80200d24 80200d24        0     1                 .L0 
80200d32 80200d32        0     1                 .L0 
80200d34 80200d34        0     1                 .L0 
80200d34 80200d34        0     1                 .L0 
80200d34 80200d34      450     2         /tmp/virtio_input-5f988e.o:(.text)
80200d34 80200d34        0     1                 .L0 
80200d34 80200d34        0     1                 .L0 
80200d34 80200d34        0     1                 $x
80200d34 80200d34        0     1                 .L0 
80200d34 80200d34      3cc     1                 virtio_input_init
80200d50 80200d50        0     1                 .L0 
80200d58 80200d58        0     1                 .L0 
80200d60 80200d60        0     1                 .L0 
80200d60 80200d60        0     1                 .L0 
80200d94 80200d94        0     1                 .L0 
80200d94 80200d94        0     1                 .L0 
80200d98 80200d98        0     1                 .L0 
80200d98 80200d98        0     1                 .L0 
80200da0 80200da0        0     1                 .L0 
80200da2 80200da2        0     1                 .L0 
80200da2 80200da2        0     1                 .L0 
80200da4 80200da4        0     1                 .L0 
80200da8 80200da8        0     1                 .L0 
80200da8 80200da8        0     1                 .L0 
80200db0 80200db0        0     1                 .L0 
80200db6 80200db6        0     1                 .L0 
80200db8 80200db8        0     1                 .L0 
80200dba 80200dba        0     1                 .L0 
80200dba 80200dba        0     1                 .L0 
80200dbe 80200dbe        0     1                 .L0 
80200dc0 80200dc0        0     1                 .L0 
80200dc8 80200dc8        0     1                 .L0 
80200dca 80200dca        0     1                 .L0 
80200dd0 80200dd0        0     1                 .L0 
80200dd4 80200dd4        0     1                 .L0 
80200dd4 80200dd4        0     1                 .L0 
80200dd6 80200dd6        0     1                 .L0 
80200dd8 80200dd8        0     1                 .L0 
80200dda 80200dda        0     1                 .L0 
80200de6 80200de6        0     1                 .L0 
80200de6 80200de6        0     1                 .L0 
80200de8 80200de8        0     1                 .L0 
80200de8 80200de8        0     1                 .L0 
80200dee 80200dee        0     1                 .L0 
80200df2 80200df2        0     1                 .L0 
80200df6 80200df6        0     1                 .L0 
80200df6 80200df6        0     1                 .L0 
80200dfa 80200dfa        0     1                 .L0 
80200dfa 80200dfa        0     1                 .L0 
80200dfe 80200dfe        0     1                 .L0 
80200e00 80200e00        0     1                 .L0 
80200e04 80200e04        0     1                 .L0 
80200e06 80200e06        0     1                 .L0 
80200e14 80200e14        0     1                 .L0 
80200e16 80200e16        0     1                 .L0 
80200e16 80200e16        0     1                 .L0 
80200e1a 80200e1a        0     1                 .L0 
80200e1a 80200e1a        0     1                 .L0 
80200e1c 80200e1c        0     1                 .L0 
80200e24 80200e24        0     1                 .L0 
80200e30 80200e30        0     1                 .L0 
80200e32 80200e32        0     1                 .L0 
80200e32 80200e32        0     1                 .L0 
80200e36 80200e36        0     1                 .L0 
80200e36 80200e36        0     1                 .L0 
80200e3a 80200e3a        0     1                 .L0 
80200e3c 80200e3c        0     1                 .L0 
80200e3c 80200e3c        0     1                 .L0 
80200e48 80200e48        0     1                 .L0 
80200e48 80200e48        0     1                 .L0 
80200e4c 80200e4c        0     1                 .L0 
80200e4c 80200e4c        0     1                 .L0 
80200e50 80200e50        0     1                 .L0 
80200e52 80200e52        0     1                 .L0 
80200e52 80200e52        0     1                 .L0 
80200e5e 80200e5e        0     1                 .L0 
80200e5e 80200e5e        0     1                 .L0 
80200e62 80200e62        0     1                 .L0 
80200e62 80200e62        0     1                 .L0 
80200e66 80200e66        0     1                 .L0 
80200e68 80200e68        0     1                 .L0 
80200e68 80200e68        0     1                 .L0 
80200e74 80200e74        0     1                 .L0 
80200e74 80200e74        0     1                 .L0 
80200e78 80200e78        0     1                 .L0 
80200e78 80200e78        0     1                 .L0 
80200e7c 80200e7c        0     1                 .L0 
80200e7e 80200e7e        0     1                 .L0 
80200e7e 80200e7e        0     1                 .L0 
80200e8a 80200e8a        0     1                 .L0 
80200e8a 80200e8a        0     1                 .L0 
80200e92 80200e92        0     1                 .L0 
80200e92 80200e92        0     1                 .L0 
80200e94 80200e94        0     1                 .L0 
80200e98 80200e98        0     1                 .L0 
80200ea4 80200ea4        0     1                 .L0 
80200ea4 80200ea4        0     1                 .L0 
80200ea8 80200ea8        0     1                 .L0 
80200ea8 80200ea8        0     1                 .L0 
80200eac 80200eac        0     1                 .L0 
80200eac 80200eac        0     1                 .L0 
80200eb4 80200eb4        0     1                 .L0 
80200eb4 80200eb4        0     1                 .L0 
80200ece 80200ece        0     1                 .L0 
80200ece 80200ece        0     1                 .L0 
80200edc 80200edc        0     1                 .L0 
80200edc 80200edc        0     1                 .L0 
80200ee0 80200ee0        0     1                 .L0 
80200ee0 80200ee0        0     1                 .L0 
80200ee6 80200ee6        0     1                 .L0 
80200ee6 80200ee6        0     1                 .L0 
80200ef2 80200ef2        0     1                 .L0 
80200ef6 80200ef6        0     1                 .L0 
80200ef6 80200ef6        0     1                 .L0 
80200efc 80200efc        0     1                 .L0 
80200efc 80200efc        0     1                 .L0 
80200f08 80200f08        0     1                 .L0 
80200f0c 80200f0c        0     1                 .L0 
80200f0c 80200f0c        0     1                 .L0 
80200f12 80200f12        0     1                 .L0 
80200f12 80200f12        0     1                 .L0 
80200f1e 80200f1e        0     1                 .L0 
80200f22 80200f22        0     1                 .L0 
80200f22 80200f22        0     1                 .L0 
80200f28 80200f28        0     1                 .L0 
80200f28 80200f28        0     1                 .L0 
80200f34 80200f34        0     1                 .L0 
80200f34 80200f34        0     1                 .L0 
80200f3c 80200f3c        0     1                 .L0 
80200f3c 80200f3c        0     1                 .L0 
80200f42 80200f42        0     1                 .L0 
80200f42 80200f42        0     1                 .L0 
80200f4e 80200f4e        0     1                 .L0 
80200f52 80200f52        0     1                 .L0 
80200f54 80200f54        0     1                 .L0 
80200f54 80200f54        0     1                 .L0 
80200f58 80200f58        0     1                 .L0 
80200f64 80200f64        0     1                 .L0 
80200f64 80200f64        0     1                 .L0 
80200f68 80200f68        0     1                 .L0 
80200f68 80200f68        0     1                 .L0 
80200f6c 80200f6c        0     1                 .L0 
80200f6c 80200f6c        0     1                 .L0 
80200f74 80200f74        0     1                 .L0 
80200f74 80200f74        0     1                 .L0 
80200f86 80200f86        0     1                 .L0 
80200f8a 80200f8a        0     1                 .L0 
80200f8e 80200f8e        0     1                 .L0 
80200f8e 80200f8e        0     1                 .L0 
80200f90 80200f90        0     1                 .L0 
80200f90 80200f90        0     1                 .L0 
80200f90 80200f90        0     1                 .L0 
80200f98 80200f98        0     1                 .L0 
80200f9c 80200f9c        0     1                 .L0 
80200fa2 80200fa2        0     1                 .L0 
80200fa4 80200fa4        0     1                 .L0 
80200fa4 80200fa4        0     1                 .L0 
80200fa4 80200fa4        0     1                 .L0 
80200fa8 80200fa8        0     1                 .L0 
80200fa8 80200fa8        0     1                 .L0 
80200fb2 80200fb2        0     1                 .L0 
80200fb4 80200fb4        0     1                 .L0 
80200fb4 80200fb4        0     1                 .L0 
80200fba 80200fba        0     1                 .L0 
80200fbc 80200fbc        0     1                 .L0 
80200fbc 80200fbc        0     1                 .L0 
80200fc0 80200fc0        0     1                 .L0 
80200fc4 80200fc4        0     1                 .L0 
80200fc4 80200fc4        0     1                 .L0 
80200fc8 80200fc8        0     1                 .L0 
80200fcc 80200fcc        0     1                 .L0 
80200fcc 80200fcc        0     1                 .L0 
80200fd0 80200fd0        0     1                 .L0 
80200fd4 80200fd4        0     1                 .L0 
80200fd4 80200fd4        0     1                 .L0 
80200fda 80200fda        0     1                 .L0 
80200fdc 80200fdc        0     1                 .L0 
80200fdc 80200fdc        0     1                 .L0 
80200fe0 80200fe0        0     1                 .L0 
80200fe4 80200fe4        0     1                 .L0 
80200fe4 80200fe4        0     1                 .L0 
80200fe8 80200fe8        0     1                 .L0 
80200ff2 80200ff2        0     1                 .L0 
80200ff2 80200ff2        0     1                 .L0 
80200ff2 80200ff2        0     1                 .L0 
80200ff6 80200ff6        0     1                 .L0 
80200ff6 80200ff6        0     1                 .L0 
80200ffa 80200ffa        0     1                 .L0 
8020100c 8020100c        0     1                 .L0 
8020100c 8020100c        0     1                 .L0 
8020101a 8020101a        0     1                 .L0 
8020101a 8020101a        0     1                 .L0 
80201028 80201028        0     1                 .L0 
80201028 80201028        0     1                 .L0 
80201038 80201038        0     1                 .L0 
80201038 80201038        0     1                 .L0 
8020103a 8020103a        0     1                 .L0 
8020103a 8020103a        0     1                 .L0 
80201046 80201046        0     1                 .L0 
80201046 80201046        0     1                 .L0 
80201046 80201046        0     1                 .L0 
8020104e 8020104e        0     1                 .L0 
80201052 80201052        0     1                 .L0 
80201056 80201056        0     1                 .L0 
80201056 80201056        0     1                 .L0 
80201058 80201058        0     1                 .L0 
8020105c 8020105c        0     1                 .L0 
80201060 80201060        0     1                 .L0 
80201064 80201064        0     1                 .L0 
80201068 80201068        0     1                 .L0 
80201068 80201068        0     1                 .L0 
8020106a 8020106a        0     1                 .L0 
8020106c 8020106c        0     1                 .L0 
8020106c 8020106c        0     1                 .L0 
80201072 80201072        0     1                 .L0 
80201072 80201072        0     1                 .L0 
80201074 80201074        0     1                 .L0 
80201078 80201078        0     1                 .L0 
80201078 80201078        0     1                 .L0 
8020107a 8020107a        0     1                 .L0 
8020107e 8020107e        0     1                 .L0 
8020107e 8020107e        0     1                 .L0 
8020108a 8020108a        0     1                 .L0 
8020108e 8020108e        0     1                 .L0 
80201092 80201092        0     1                 .L0 
80201092 80201092        0     1                 .L0 
80201096 80201096        0     1                 .L0 
8020109a 8020109a        0     1                 .L0 
8020109a 8020109a        0     1                 .L0 
8020109e 8020109e        0     1                 .L0 
802010a2 802010a2        0     1                 .L0 
802010a6 802010a6        0     1                 .L0 
802010a6 802010a6        0     1                 .L0 
802010aa 802010aa        0     1                 .L0 
802010ae 802010ae        0     1                 .L0 
802010ae 802010ae        0     1                 .L0 
802010b2 802010b2        0     1                 .L0 
802010b6 802010b6        0     1                 .L0 
802010ba 802010ba        0     1                 .L0 
802010ba 802010ba        0     1                 .L0 
802010be 802010be        0     1                 .L0 
802010c2 802010c2        0     1                 .L0 
802010c2 802010c2        0     1                 .L0 
802010c8 802010c8        0     1                 .L0 
802010c8 802010c8        0     1                 .L0 
802010ca 802010ca        0     1                 .L0 
802010ca 802010ca        0     1                 .L0 
802010ce 802010ce        0     1                 .L0 
802010d2 802010d2        0     1                 .L0 
802010d2 802010d2        0     1                 .L0 
802010d8 802010d8        0     1                 .L0 
802010d8 802010d8        0     1                 .L0 
802010da 802010da        0     1                 .L0 
802010da 802010da        0     1                 .L0 
802010de 802010de        0     1                 .L0 
802010e2 802010e2        0     1                 .L0 
802010e2 802010e2        0     1                 .L0 
802010fc 802010fc        0     1                 .L0 
80201100 80201100        0     1                 .L0 
80201100 80201100        0     1                 .L0 
80201100 80201100        0     1                 .L0 
80201100 80201100        0     1                 .L0 
80201100 80201100        0     1                 .L0 
80201100 80201100       84     1                 virtio_input_next_event
80201102 80201102        0     1                 .L0 
80201104 80201104        0     1                 .L0 
8020110e 8020110e        0     1                 .L0 
80201110 80201110        0     1                 .L0 
8020111c 8020111c        0     1                 .L0 
80201120 80201120        0     1                 .L0 
80201124 80201124        0     1                 .L0 
80201128 80201128        0     1                 .L0 
80201128 80201128        0     1                 .L0 
8020112a 8020112a        0     1                 .L0 
8020112c 8020112c        0     1                 .L0 
80201130 80201130        0     1                 .L0 
80201130 80201130        0     1                 .L0 
80201138 80201138        0     1                 .L0 
8020113c 8020113c        0     1                 .L0 
8020113c 8020113c        0     1                 .L0 
8020113c 8020113c        0     1                 .L0 
8020113e 8020113e        0     1                 .L0 
8020113e 8020113e        0     1                 .L0 
80201140 80201140        0     1                 .L0 
80201142 80201142        0     1                 .L0 
80201142 80201142        0     1                 .L0 
8020115c 8020115c        0     1                 .L0 
8020115c 8020115c        0     1                 .L0 
8020115e 8020115e        0     1                 .L0 
80201160 80201160        0     1                 .L0 
80201162 80201162        0     1                 .L0 
80201166 80201166        0     1                 .L0 
8020116a 8020116a        0     1                 .L0 
80201174 80201174        0     1                 .L0 
80201174 80201174        0     1                 .L0 
80201178 80201178        0     1                 .L0 
80201178 80201178        0     1                 .L0 
8020117c 8020117c        0     1                 .L0 
80201182 80201182        0     1                 .L0 
80201184 80201184        0     1                 .L0 
80201184 80201184        0     1                 .L0 
80201184 80201184      944     2         /tmp/ext4-de0937.o:(.text)
80201184 80201184        0     1                 .L0 
80201184 80201184        0     1                 .L0 
80201184 80201184        0     1                 $x
80201184 80201184        0     1                 .L0 
80201184 80201184       d0     1                 ext4_mount
8020118e 8020118e        0     1                 .L0 
80201190 80201190        0     1                 .L0 
80201196 80201196        0     1                 .L0 
8020119e 8020119e        0     1                 .L0 
8020119e 8020119e        0     1                 .L0 
802011a2 802011a2        0     1                 .L0 
802011a2 802011a2        0     1                 .L0 
802011a6 802011a6        0     1                 .L0 
802011ae 802011ae        0     1                 .L0 
802011ae 802011ae        0     1                 .L0 
802011b2 802011b2        0     1                 .L0 
802011b4 802011b4        0     1                 .L0 
802011ba 802011ba        0     1                 .L0 
802011ba 802011ba        0     1                 .L0 
802011be 802011be        0     1                 .L0 
802011d4 802011d4        0     1                 .L0 
802011d4 802011d4        0     1                 .L0 
802011de 802011de        0     1                 .L0 
802011e2 802011e2        0     1                 .L0 
802011f0 802011f0        0     1                 .L0 
802011f4 802011f4        0     1                 .L0 
802011f6 802011f6        0     1                 .L0 
802011f8 802011f8        0     1                 .L0 
802011f8 802011f8        0     1                 .L0 
802011fa 802011fa        0     1                 .L0 
802011fc 802011fc        0     1                 .L0 
802011fc 802011fc        0     1                 .L0 
802011fe 802011fe        0     1                 .L0 
80201200 80201200        0     1                 .L0 
80201200 80201200        0     1                 .L0 
80201202 80201202        0     1                 .L0 
80201204 80201204        0     1                 .L0 
80201206 80201206        0     1                 .L0 
8020120e 8020120e        0     1                 .L0 
80201218 80201218        0     1                 .L0 
8020121a 8020121a        0     1                 .L0 
80201224 80201224        0     1                 .L0 
80201226 80201226        0     1                 .L0 
8020122c 8020122c        0     1                 .L0 
80201232 80201232        0     1                 .L0 
80201234 80201234        0     1                 .L0 
80201238 80201238        0     1                 .L0 
8020123a 8020123a        0     1                 .L0 
8020123c 8020123c        0     1                 .L0 
8020123e 8020123e        0     1                 .L0 
8020123e 8020123e        0     1                 .L0 
80201242 80201242        0     1                 .L0 
80201244 80201244        0     1                 .L0 
80201250 80201250        0     1                 .L0 
80201250 80201250        0     1                 .L0 
80201252 80201252        0     1                 .L0 
80201254 80201254      1be     1                 scan_root_dir
80201254 80201254        0     1                 .L0 
80201254 80201254        0     1                 .L0 
80201254 80201254        0     1                 .L0 
80201254 80201254        0     1                 .L0 
80201254 80201254        0     1                 .L0 
80201270 80201270        0     1                 .L0 
80201270 80201270        0     1                 .L0 
80201276 80201276        0     1                 .L0 
8020127a 8020127a        0     1                 .L0 
8020127e 8020127e        0     1                 .L0 
8020129a 8020129a        0     1                 .L0 
8020129e 8020129e        0     1                 .L0 
802012bc 802012bc        0     1                 .L0 
802012bc 802012bc        0     1                 .L0 
802012c8 802012c8        0     1                 .L0 
802012cc 802012cc        0     1                 .L0 
802012ce 802012ce        0     1                 .L0 
802012ce 802012ce        0     1                 .L0 
802012f0 802012f0        0     1                 .L0 
802012f0 802012f0        0     1                 .L0 
802012f0 802012f0        0     1                 .L0 
802012f8 802012f8        0     1                 .L0 
802012f8 802012f8        0     1                 .L0 
802012fc 802012fc        0     1                 .L0 
802012fe 802012fe        0     1                 .L0 
802012fe 802012fe        0     1                 .L0 
80201302 80201302        0     1                 .L0 
80201302 80201302        0     1                 .L0 
80201302 80201302        0     1                 .L0 
8020130a 8020130a        0     1                 .L0 
8020130a 8020130a        0     1                 .L0 
8020130e 8020130e        0     1                 .L0 
8020130e 8020130e        0     1                 .L0 
80201312 80201312        0     1                 .L0 
8020131c 8020131c        0     1                 .L0 
80201320 80201320        0     1                 .L0 
80201320 80201320        0     1                 .L0 
80201320 80201320        0     1                 .L0 
80201324 80201324        0     1                 .L0 
8020132e 8020132e        0     1                 .L0 
80201330 80201330        0     1                 .L0 
80201336 80201336        0     1                 .L0 
80201336 80201336        0     1                 .L0 
8020136c 8020136c        0     1                 .L0 
80201370 80201370        0     1                 .L0 
80201370 80201370        0     1                 .L0 
80201370 80201370        0     1                 .L0 
8020137e 8020137e        0     1                 .L0 
80201382 80201382        0     1                 .L0 
80201386 80201386        0     1                 .L0 
80201386 80201386        0     1                 .L0 
80201386 80201386        0     1                 .L0 
8020138a 8020138a        0     1                 .L0 
80201396 80201396        0     1                 .L0 
80201398 80201398        0     1                 .L0 
802013b4 802013b4        0     1                 .L0 
802013b6 802013b6        0     1                 .L0 
802013ba 802013ba        0     1                 .L0 
802013c2 802013c2        0     1                 .L0 
802013c2 802013c2        0     1                 .L0 
802013c6 802013c6        0     1                 .L0 
802013cc 802013cc        0     1                 .L0 
802013cc 802013cc        0     1                 .L0 
802013dc 802013dc        0     1                 .L0 
802013e0 802013e0        0     1                 .L0 
802013e4 802013e4        0     1                 .L0 
802013e6 802013e6        0     1                 .L0 
802013ea 802013ea        0     1                 .L0 
802013ee 802013ee        0     1                 .L0 
802013f2 802013f2        0     1                 .L0 
802013f2 802013f2        0     1                 .L0 
802013f2 802013f2        0     1                 .L0 
802013f4 802013f4        0     1                 .L0 
802013f4 802013f4        0     1                 .L0 
802013f4 802013f4        0     1                 .L0 
8020140e 8020140e        0     1                 .L0 
80201412 80201412        0     1                 .L0 
80201412 80201412        0     1                 .L0 
80201412 80201412        0     1                 .L0 
80201412 80201412        0     1                 .L0 
80201412 80201412        0     1                 .L0 
80201412 80201412       6c     1                 ext4_lookup
80201414 80201414        0     1                 .L0 
80201414 80201414        0     1                 .L0 
8020141e 8020141e        0     1                 .L0 
80201420 80201420        0     1                 .L0 
80201428 80201428        0     1                 .L0 
80201428 80201428        0     1                 .L0 
8020142c 8020142c        0     1                 .L0 
8020143c 8020143c        0     1                 .L0 
8020143c 8020143c        0     1                 .L0 
80201440 80201440        0     1                 .L0 
80201440 80201440        0     1                 .L0 
80201442 80201442        0     1                 .L0 
80201444 80201444        0     1                 .L0 
8020144c 8020144c        0     1                 .L0 
80201458 80201458        0     1                 .L0 
8020145e 8020145e        0     1                 .L0 
8020145e 8020145e        0     1                 .L0 
80201460 80201460        0     1                 .L0 
80201464 80201464        0     1                 .L0 
80201468 80201468        0     1                 .L0 
8020146c 8020146c        0     1                 .L0 
80201472 80201472        0     1                 .L0 
80201478 80201478        0     1                 .L0 
80201478 80201478        0     1                 .L0 
80201478 80201478        0     1                 .L0 
8020147c 8020147c        0     1                 .L0 
8020147e 8020147e        0     1                 .L0 
8020147e 8020147e        0     1                 .L0 
8020147e 8020147e        0     1                 .L0 
8020147e 8020147e        0     1                 .L0 
8020147e 8020147e        0     1                 .L0 
8020147e 8020147e       64     1                 ext4_read_file
80201488 80201488        0     1                 .L0 
8020148a 8020148a        0     1                 .L0 
8020148c 8020148c        0     1                 .L0 
8020148e 8020148e        0     1                 .L0 
80201492 80201492        0     1                 .L0 
8020149c 8020149c        0     1                 .L0 
8020149e 8020149e        0     1                 .L0 
802014a4 802014a4        0     1                 .L0 
802014a8 802014a8        0     1                 .L0 
802014aa 802014aa        0     1                 .L0 
802014ac 802014ac        0     1                 .L0 
802014ac 802014ac        0     1                 .L0 
802014b2 802014b2        0     1                 .L0 
802014c0 802014c0        0     1                 .L0 
802014c4 802014c4        0     1                 .L0 
802014c4 802014c4        0     1                 .L0 
802014c8 802014c8        0     1                 .L0 
802014d2 802014d2        0     1                 .L0 
802014d2 802014d2        0     1                 .L0 
802014d4 802014d4        0     1                 .L0 
802014d6 802014d6        0     1                 .L0 
802014d6 802014d6        0     1                 .L0 
802014d6 802014d6        0     1                 .L0 
802014da 802014da        0     1                 .L0 
802014de 802014de        0     1                 .L0 
802014e2 802014e2      1e2     1                 read_inode
802014e2 802014e2        0     1                 .L0 
802014e2 802014e2        0     1                 .L0 
802014e2 802014e2        0     1                 .L0 
802014e2 802014e2        0     1                 .L0 
802014e2 802014e2        0     1                 .L0 
802014e8 802014e8        0     1                 .L0 
80201500 80201500        0     1                 .L0 
80201502 80201502        0     1                 .L0 
80201502 80201502        0     1                 .L0 
8020150e 8020150e        0     1                 .L0 
8020150e 8020150e        0     1                 .L0 
80201516 80201516        0     1                 .L0 
8020151a 8020151a        0     1                 .L0 
8020151e 8020151e        0     1                 .L0 
80201522 80201522        0     1                 .L0 
8020152a 8020152a        0     1                 .L0 
8020152a 8020152a        0     1                 .L0 
8020152e 8020152e        0     1                 .L0 
80201536 80201536        0     1                 .L0 
8020153e 8020153e        0     1                 .L0 
80201542 80201542        0     1                 .L0 
8020154a 8020154a        0     1                 .L0 
8020154a 8020154a        0     1                 .L0 
8020154a 8020154a        0     1                 .L0 
8020154e 8020154e        0     1                 .L0 
80201554 80201554        0     1                 .L0 
80201554 80201554        0     1                 .L0 
80201558 80201558        0     1                 .L0 
8020155a 8020155a        0     1                 .L0 
80201560 80201560        0     1                 .L0 
80201562 80201562        0     1                 .L0 
80201562 80201562        0     1                 .L0 
80201566 80201566        0     1                 .L0 
80201566 80201566        0     1                 .L0 
8020156e 8020156e        0     1                 .L0 
80201576 80201576        0     1                 .L0 
80201576 80201576        0     1                 .L0 
8020157a 8020157a        0     1                 .L0 
8020157c 8020157c        0     1                 .L0 
8020157e 8020157e        0     1                 .L0 
80201586 80201586        0     1                 .L0 
80201586 80201586        0     1                 .L0 
802015a4 802015a4        0     1                 .L0 
802015a4 802015a4        0     1                 .L0 
802015a8 802015a8        0     1                 .L0 
802015a8 802015a8        0     1                 .L0 
802015b8 802015b8        0     1                 .L0 
802015bc 802015bc        0     1                 .L0 
802015c0 802015c0        0     1                 .L0 
802015c4 802015c4        0     1                 .L0 
802015dc 802015dc        0     1                 .L0 
802015e4 802015e4        0     1                 .L0 
802015e6 802015e6        0     1                 .L0 
802015e6 802015e6        0     1                 .L0 
802015ea 802015ea        0     1                 .L0 
802015f0 802015f0        0     1                 .L0 
802015f4 802015f4        0     1                 .L0 
802015f6 802015f6        0     1                 .L0 
802015f6 802015f6        0     1                 .L0 
802015f6 802015f6        0     1                 .L0 
802015fa 802015fa        0     1                 .L0 
80201600 80201600        0     1                 .L0 
80201600 80201600        0     1                 .L0 
80201604 80201604        0     1                 .L0 
80201606 80201606        0     1                 .L0 
8020160c 8020160c        0     1                 .L0 
8020160e 8020160e        0     1                 .L0 
8020160e 8020160e        0     1                 .L0 
80201616 80201616        0     1                 .L0 
8020161e 8020161e        0     1                 .L0 
80201622 80201622        0     1                 .L0 
[...]
     9c8      9c8      308     1         /tmp/wm-b56bff.o:(.debug_str_offsets)
     9c8      9c8        0     1                 $d
     9d0      9d0        0     1                 .L0 
     cd0      cd0       44     1         /tmp/wm_apps-367ff5.o:(.debug_str_offsets)
     cd0      cd0        0     1                 $d
     cd8      cd8        0     1                 .L0 
     d14      d14      418     1         /tmp/main-35ed24.o:(.debug_str_offsets)
     d14      d14        0     1                 $d
     d1c      d1c        0     1                 .L0 
    112c     112c       a0     1         /tmp/page_alloc-98d86c.o:(.debug_str_offsets)
    112c     112c        0     1                 $d
    1134     1134        0     1                 .L0 
    11cc     11cc      1b8     1         /tmp/process-8fb6a0.o:(.debug_str_offsets)
    11cc     11cc        0     1                 $d
    11d4     11d4        0     1                 .L0 
    1384     1384      114     1         /tmp/sched-45c9d2.o:(.debug_str_offsets)
    1384     1384        0     1                 $d
    138c     138c        0     1                 .L0 
    1498     1498       80     1         /tmp/sbi-94b68a.o:(.debug_str_offsets)
    1498     1498        0     1                 $d
    14a0     14a0        0     1                 .L0 
    1518     1518      104     1         /tmp/syscall-b63936.o:(.debug_str_offsets)
    1518     1518        0     1                 $d
    1520     1520        0     1                 .L0 
    161c     161c       c8     1         /tmp/trap-0ea9c3.o:(.debug_str_offsets)
    161c     161c        0     1                 $d
    1624     1624        0     1                 .L0 
    16e4     16e4       54     1         /tmp/printf-747191.o:(.debug_str_offsets)
    16e4     16e4        0     1                 $d
    16ec     16ec        0     1                 .L0 
    1738     1738       64     1         /tmp/string-cdd4e4.o:(.debug_str_offsets)
    1738     1738        0     1                 $d
    1740     1740        0     1                 .L0 
       0        0     1ff9     1 .debug_str
       0        0     1ff9     1         <internal>:(.debug_str)
       0        0     18ac     1 .debug_addr
       0        0        c     1         /tmp/boot-f69219.o:(.debug_addr)
       0        0        0     1                 $d
       8        8        0     1                 .L0 
       c        c        c     1         /tmp/context-6e3be4.o:(.debug_addr)
       c        c        0     1                 $d
      14       14        0     1                 .L0 
      18       18        c     1         /tmp/trap_entry-06ff0d.o:(.debug_addr)
      18       18        0     1                 $d
      20       20        0     1                 .L0 
      24       24       7c     1         /tmp/virtio_blk-776705.o:(.debug_addr)
      24       24        0     1                 $d
      2c       2c        0     1                 .L0 
      a0       a0       fc     1         /tmp/virtio_gpu-c5d3bd.o:(.debug_addr)
      a0       a0        0     1                 $d
      a8       a8        0     1                 .L0 
     19c      19c       a0     1         /tmp/virtio_input-5f988e.o:(.debug_addr)
     19c      19c        0     1                 $d
     1a4      1a4        0     1                 .L0 
     23c      23c       bc     1         /tmp/ext4-de0937.o:(.debug_addr)
     23c      23c        0     1                 $d
     244      244        0     1                 .L0 
     2f8      2f8       a8     1         /tmp/fs-4c9ac2.o:(.debug_addr)
     2f8      2f8        0     1                 $d
     300      300        0     1                 .L0 
     3a0      3a0       70     1         /tmp/image_decode-54b573.o:(.debug_addr)
     3a0      3a0        0     1                 $d
     3a8      3a8        0     1                 .L0 
     410      410      2f4     1         /tmp/wm-b56bff.o:(.debug_addr)
     410      410        0     1                 $d
     418      418        0     1                 .L0 
     704      704       44     1         /tmp/wm_apps-367ff5.o:(.debug_addr)
     704      704        0     1                 $d
     70c      70c        0     1                 .L0 
     748      748      f18     1         /tmp/main-35ed24.o:(.debug_addr)
     748      748        0     1                 $d
     750      750        0     1                 .L0 
    1660     1660       88     1         /tmp/page_alloc-98d86c.o:(.debug_addr)
    1660     1660        0     1                 $d
    1668     1668        0     1                 .L0 
    16e8     16e8       b8     1         /tmp/process-8fb6a0.o:(.debug_addr)
    16e8     16e8        0     1                 $d
    16f0     16f0        0     1                 .L0 
    17a0     17a0       10     1         /tmp/sched-45c9d2.o:(.debug_addr)
    17a0     17a0        0     1                 $d
    17a8     17a8        0     1                 .L0 
    17b0     17b0       14     1         /tmp/sbi-94b68a.o:(.debug_addr)
    17b0     17b0        0     1                 $d
    17b8     17b8        0     1                 .L0 
    17c4     17c4       60     1         /tmp/syscall-b63936.o:(.debug_addr)
    17c4     17c4        0     1                 $d
    17cc     17cc        0     1                 .L0 
    1824     1824       24     1         /tmp/trap-0ea9c3.o:(.debug_addr)
    1824     1824        0     1                 $d
    182c     182c        0     1                 .L0 
    1848     1848       50     1         /tmp/printf-747191.o:(.debug_addr)
    1848     1848        0     1                 $d
    1850     1850        0     1                 .L0 
    1898     1898       14     1         /tmp/string-cdd4e4.o:(.debug_addr)
    1898     1898        0     1                 $d
    18a0     18a0        0     1                 .L0 
       0        0       29     1 .comment
       0        0       29     1         <internal>:(.comment)
       0        0       4e     1 .riscv.attributes
       0        0       4e     1         <internal>:(.riscv.attributes)
       0        0      f38     4 .debug_frame
       0        0       24     4         /tmp/boot-f69219.o:(.debug_frame)
       0        0        0     1                 .L0 
       0        0        0     1                 $d
      24       24       24     4         /tmp/context-6e3be4.o:(.debug_frame)
      24       24        0     1                 .L0 
      24       24        0     1                 $d
      48       48       24     4         /tmp/trap_entry-06ff0d.o:(.debug_frame)
      48       48        0     1                 .L0 
      48       48        0     1                 $d
      6c       6c       50     4         /tmp/virtio_blk-776705.o:(.debug_frame)
      6c       6c        0     1                 .L0 
      6c       6c        0     1                 $d
      bc       bc      10c     4         /tmp/virtio_gpu-c5d3bd.o:(.debug_frame)
      bc       bc        0     1                 .L0 
      bc       bc        0     1                 $d
     1c8      1c8       68     4         /tmp/virtio_input-5f988e.o:(.debug_frame)
     1c8      1c8        0     1                 .L0 
     1c8      1c8        0     1                 $d
     230      230      17c     4         /tmp/ext4-de0937.o:(.debug_frame)
     230      230        0     1                 .L0 
     230      230        0     1                 $d
     3ac      3ac      12c     4         /tmp/fs-4c9ac2.o:(.debug_frame)
     3ac      3ac        0     1                 .L0 
     3ac      3ac        0     1                 $d
     4d8      4d8      128     4         /tmp/image_decode-54b573.o:(.debug_frame)
     4d8      4d8        0     1                 .L0 
     4d8      4d8        0     1                 $d
     600      600      2ec     4         /tmp/wm-b56bff.o:(.debug_frame)
     600      600        0     1                 .L0 
     600      600        0     1                 $d
     8ec      8ec       34     4         /tmp/wm_apps-367ff5.o:(.debug_frame)
     8ec      8ec        0     1                 .L0 
     8ec      8ec        0     1                 $d
     920      920      2e8     4         /tmp/main-35ed24.o:(.debug_frame)
     920      920        0     1                 .L0 
     920      920        0     1                 $d
     c08      c08       68     4         /tmp/page_alloc-98d86c.o:(.debug_frame)
     c08      c08        0     1                 .L0 
     c08      c08        0     1                 $d
     c70      c70      158     4         /tmp/process-8fb6a0.o:(.debug_frame)
     c70      c70        0     1                 .L0 
     c70      c70        0     1                 $d
     dc8      dc8       24     4         /tmp/sched-45c9d2.o:(.debug_frame)
     dc8      dc8        0     1                 .L0 
     dc8      dc8        0     1                 $d
     dec      dec       44     4         /tmp/sbi-94b68a.o:(.debug_frame)
     dec      dec        0     1                 .L0 
     dec      dec        0     1                 $d
     e30      e30       3c     4         /tmp/syscall-b63936.o:(.debug_frame)
     e30      e30        0     1                 .L0 
     e30      e30        0     1                 $d
     e6c      e6c       30     4         /tmp/trap-0ea9c3.o:(.debug_frame)
     e6c      e6c        0     1                 .L0 
     e6c      e6c        0     1                 $d
     e9c      e9c       58     4         /tmp/printf-747191.o:(.debug_frame)
     e9c      e9c        0     1                 .L0 
     e9c      e9c        0     1                 $d
     ef4      ef4       44     4         /tmp/string-cdd4e4.o:(.debug_frame)
     ef4      ef4        0     1                 .L0 
     ef4      ef4        0     1                 $d
       0        0     de48     1 .debug_line
       0        0       56     1         /tmp/boot-f69219.o:(.debug_line)
       0        0        0     1                 .Lline_table_start0
       0        0        0     1                 $d
      56       56       55     1         /tmp/context-6e3be4.o:(.debug_line)
      56       56        0     1                 .Lline_table_start0
      56       56        0     1                 $d
      ab       ab       56     1         /tmp/trap_entry-06ff0d.o:(.debug_line)
      ab       ab        0     1                 .Lline_table_start0
      ab       ab        0     1                 $d
     101      101      50c     1         /tmp/virtio_blk-776705.o:(.debug_line)
     101      101        0     1                 .Lline_table_start0
     101      101        0     1                 $d
     60d      60d      d0c     1         /tmp/virtio_gpu-c5d3bd.o:(.debug_line)
     60d      60d        0     1                 .Lline_table_start0
     60d      60d        0     1                 $d
    1319     1319      5bc     1         /tmp/virtio_input-5f988e.o:(.debug_line)
    1319     1319        0     1                 .Lline_table_start0
    1319     1319        0     1                 $d
    18d5     18d5      98e     1         /tmp/ext4-de0937.o:(.debug_line)
    18d5     18d5        0     1                 .Lline_table_start0
    18d5     18d5        0     1                 $d
    2263     2263      afe     1         /tmp/fs-4c9ac2.o:(.debug_line)
    2263     2263        0     1                 .Lline_table_start0
    2263     2263        0     1                 $d
    2d61     2d61      e83     1         /tmp/image_decode-54b573.o:(.debug_line)
    2d61     2d61        0     1                 .Lline_table_start0
    2d61     2d61        0     1                 $d
    3be4     3be4     31e1     1         /tmp/wm-b56bff.o:(.debug_line)
    3be4     3be4        0     1                 .Lline_table_start0
    3be4     3be4        0     1                 $d
    6dc5     6dc5      1dd     1         /tmp/wm_apps-367ff5.o:(.debug_line)
    6dc5     6dc5        0     1                 .Lline_table_start0
    6dc5     6dc5        0     1                 $d
    6fa2     6fa2     565f     1         /tmp/main-35ed24.o:(.debug_line)
    6fa2     6fa2        0     1                 .Lline_table_start0
    6fa2     6fa2        0     1                 $d
    c601     c601      369     1         /tmp/page_alloc-98d86c.o:(.debug_line)
    c601     c601        0     1                 .Lline_table_start0
    c601     c601        0     1                 $d
    c96a     c96a      af9     1         /tmp/process-8fb6a0.o:(.debug_line)
    c96a     c96a        0     1                 .Lline_table_start0
    c96a     c96a        0     1                 $d
    d463     d463      23f     1         /tmp/sched-45c9d2.o:(.debug_line)
    d463     d463        0     1                 .Lline_table_start0
    d463     d463        0     1                 $d
    d6a2     d6a2       8f     1         /tmp/sbi-94b68a.o:(.debug_line)
    d6a2     d6a2        0     1                 .Lline_table_start0
    d6a2     d6a2        0     1                 $d
    d731     d731      341     1         /tmp/syscall-b63936.o:(.debug_line)
    d731     d731        0     1                 .Lline_table_start0
    d731     d731        0     1                 $d
    da72     da72       c7     1         /tmp/trap-0ea9c3.o:(.debug_line)
    da72     da72        0     1                 .Lline_table_start0
    da72     da72        0     1                 $d
    db39     db39      227     1         /tmp/printf-747191.o:(.debug_line)
    db39     db39        0     1                 .Lline_table_start0
    db39     db39        0     1                 $d
    dd60     dd60       e8     1         /tmp/string-cdd4e4.o:(.debug_line)
    dd60     dd60        0     1                 .Lline_table_start0
    dd60     dd60        0     1                 $d
       0        0      25e     1 .debug_line_str
       0        0      25e     1         <internal>:(.debug_line_str)
       0        0     9bae     1 .debug_loclists
       0        0      195     1         /tmp/virtio_blk-776705.o:(.debug_loclists)
       0        0        0     1                 $d
       c        c        0     1                 .L0 
     195      195      69f     1         /tmp/virtio_gpu-c5d3bd.o:(.debug_loclists)
     195      195        0     1                 $d
     1a1      1a1        0     1                 .L0 
     834      834      2b7     1         /tmp/virtio_input-5f988e.o:(.debug_loclists)
     834      834        0     1                 $d
     840      840        0     1                 .L0 
     aeb      aeb      5dc     1         /tmp/ext4-de0937.o:(.debug_loclists)
     aeb      aeb        0     1                 $d
     af7      af7        0     1                 .L0 
    10c7     10c7      6ff     1         /tmp/fs-4c9ac2.o:(.debug_loclists)
    10c7     10c7        0     1                 $d
    10d3     10d3        0     1                 .L0 
    17c6     17c6      a99     1         /tmp/image_decode-54b573.o:(.debug_loclists)
    17c6     17c6        0     1                 $d
    17d2     17d2        0     1                 .L0 
    225f     225f     231f     1         /tmp/wm-b56bff.o:(.debug_loclists)
    225f     225f        0     1                 $d
    226b     226b        0     1                 .L0 
    457e     457e       e7     1         /tmp/wm_apps-367ff5.o:(.debug_loclists)
    457e     457e        0     1                 $d
    458a     458a        0     1                 .L0 
    4665     4665     4922     1         /tmp/main-35ed24.o:(.debug_loclists)
    4665     4665        0     1                 $d
    4671     4671        0     1                 .L0 
    8f87     8f87      13e     1         /tmp/page_alloc-98d86c.o:(.debug_loclists)
    8f87     8f87        0     1                 $d
    8f93     8f93        0     1                 .L0 
    90c5     90c5      727     1         /tmp/process-8fb6a0.o:(.debug_loclists)
    90c5     90c5        0     1                 $d
    90d1     90d1        0     1                 .L0 
    97ec     97ec       c0     1         /tmp/sched-45c9d2.o:(.debug_loclists)
    97ec     97ec        0     1                 $d
    97f8     97f8        0     1                 .L0 
    98ac     98ac       5f     1         /tmp/sbi-94b68a.o:(.debug_loclists)
    98ac     98ac        0     1                 $d
    98b8     98b8        0     1                 .L0 
    990b     990b       c1     1         /tmp/syscall-b63936.o:(.debug_loclists)
    990b     990b        0     1                 $d
    9917     9917        0     1                 .L0 
    99cc     99cc       3e     1         /tmp/trap-0ea9c3.o:(.debug_loclists)
    99cc     99cc        0     1                 $d
    99d8     99d8        0     1                 .L0 
    9a0a     9a0a      12e     1         /tmp/printf-747191.o:(.debug_loclists)
    9a0a     9a0a        0     1                 $d
    9a16     9a16        0     1                 .L0 
    9b38     9b38       76     1         /tmp/string-cdd4e4.o:(.debug_loclists)
    9b38     9b38        0     1                 $d
    9b44     9b44        0     1                 .L0 
       0        0      dd3     1 .debug_rnglists
       0        0       1b     1         /tmp/virtio_blk-776705.o:(.debug_rnglists)
       0        0        0     1                 $d
       c        c        0     1                 .L0 
      1b       1b       b1     1         /tmp/virtio_gpu-c5d3bd.o:(.debug_rnglists)
      1b       1b        0     1                 $d
      27       27        0     1                 .L0 
      cc       cc       8b     1         /tmp/virtio_input-5f988e.o:(.debug_rnglists)
      cc       cc        0     1                 $d
      d8       d8        0     1                 .L0 
     157      157       cf     1         /tmp/ext4-de0937.o:(.debug_rnglists)
     157      157        0     1                 $d
     163      163        0     1                 .L0 
     226      226      133     1         /tmp/fs-4c9ac2.o:(.debug_rnglists)
     226      226        0     1                 $d
     232      232        0     1                 .L0 
     359      359       e3     1         /tmp/image_decode-54b573.o:(.debug_rnglists)
     359      359        0     1                 $d
     365      365        0     1                 .L0 
     43c      43c      183     1         /tmp/wm-b56bff.o:(.debug_rnglists)
     43c      43c        0     1                 $d
     448      448        0     1                 .L0 
     5bf      5bf       33     1         /tmp/wm_apps-367ff5.o:(.debug_rnglists)
     5bf      5bf        0     1                 $d
     5cb      5cb        0     1                 .L0 
     5f2      5f2      70f     1         /tmp/main-35ed24.o:(.debug_rnglists)
     5f2      5f2        0     1                 $d
     5fe      5fe        0     1                 .L0 
     d01      d01       39     1         /tmp/page_alloc-98d86c.o:(.debug_rnglists)
     d01      d01        0     1                 $d
     d0d      d0d        0     1                 .L0 
     d3a      d3a       66     1         /tmp/process-8fb6a0.o:(.debug_rnglists)
     d3a      d3a        0     1                 $d
     d46      d46        0     1                 .L0 
     da0      da0       18     1         /tmp/sched-45c9d2.o:(.debug_rnglists)
     da0      da0        0     1                 $d
     dac      dac        0     1                 .L0 
     db8      db8       1b     1         /tmp/printf-747191.o:(.debug_rnglists)
     db8      db8        0     1                 $d
     dc4      dc4        0     1                 .L0 
       0        0     1db0     4 .symtab
       0        0     1db0     4         <internal>:(.symtab)
       0        0       dc     1 .shstrtab
       0        0       dc     1         <internal>:(.shstrtab)
       0        0      ce2     1 .strtab
       0        0      ce2     1         <internal>:(.strtab)
