     VMA      LMA     Size Align Out     In      Symbol
       0        0 80200000     1 . = 0x80200000
80200000 80200000     a208     4 .text
80200000 80200000        0     1         __text_start = .
80200000 80200000        e     2         /tmp/boot-9b7554.o:(.text.boot)
80200000 80200000        0     1                 
80200000 80200000        0     1                 
80200000 80200000        0     1                 $x.0
80200000 80200000        0     1                 
80200000 80200000        e     1                 boot
8020000e 8020000e        0     1                 
8020000e 8020000e        0     1                 
8020000e 8020000e      254     2         /tmp/main-130aec.o:(.text)
8020000e 8020000e        0     1                 
8020000e 8020000e        0     1                 
8020000e 8020000e        0     1                 $x.0
8020000e 8020000e        0     1                 
8020000e 8020000e      246     1                 kernel_main
8020002a 8020002a        0     1                 
80200044 80200044        0     1                 
80200044 80200044        0     1                 
80200050 80200050        0     1                 
80200050 80200050        0     1                 
80200058 80200058        0     1                 
8020005c 8020005c        0     1                 
8020005c 8020005c        0     1                 
80200060 80200060        0     1                 
80200060 80200060        0     1                 
80200064 80200064        0     1                 
80200064 80200064        0     1                 
80200068 80200068        0     1                 
80200068 80200068        0     1                 
8020006a 8020006a        0     1                 
8020006e 8020006e        0     1                 
80200072 80200072        0     1                 
8020007a 8020007a        0     1                 
8020007a 8020007a        0     1                 
8020007e 8020007e        0     1                 
8020007e 8020007e        0     1                 
8020008a 8020008a        0     1                 
8020008a 8020008a        0     1                 
8020008e 8020008e        0     1                 
8020008e 8020008e        0     1                 
8020009a 8020009a        0     1                 
8020009a 8020009a        0     1                 
8020009e 8020009e        0     1                 
8020009e 8020009e        0     1                 
802000a2 802000a2        0     1                 
802000ae 802000ae        0     1                 
802000ae 802000ae        0     1                 
802000ba 802000ba        0     1                 
802000ba 802000ba        0     1                 
802000c2 802000c2        0     1                 
802000c6 802000c6        0     1                 
802000ce 802000ce        0     1                 
802000da 802000da        0     1                 
802000da 802000da        0     1                 
802000de 802000de        0     1                 
802000de 802000de        0     1                 
802000e2 802000e2        0     1                 
802000e2 802000e2        0     1                 
802000e6 802000e6        0     1                 
802000ea 802000ea        0     1                 
802000ee 802000ee        0     1                 
802000f2 802000f2        0     1                 
802000fa 802000fa        0     1                 
802000fa 802000fa        0     1                 
802000fe 802000fe        0     1                 
802000fe 802000fe        0     1                 
8020010a 8020010a        0     1                 
8020010a 8020010a        0     1                 
80200118 80200118        0     1                 
80200118 80200118        0     1                 
8020011a 8020011a        0     1                 
80200126 80200126        0     1                 .LBB0_4
80200126 80200126        0     1                 
80200126 80200126        0     1                 
80200132 80200132        0     1                 
80200132 80200132        0     1                 
8020016a 8020016a        0     1                 .LBB0_5
8020016a 8020016a        0     1                 
80200172 80200172        0     1                 
8020017a 8020017a        0     1                 
80200182 80200182        0     1                 
80200188 80200188        0     1                 
80200188 80200188        0     1                 
8020018e 8020018e        0     1                 
8020018e 8020018e        0     1                 .LBB0_6
8020018e 8020018e        0     1                 
80200192 80200192        0     1                 .LBB0_7
80200192 80200192        0     1                 
80200192 80200192        0     1                 
80200196 80200196        0     1                 
80200196 80200196        0     1                 
8020019a 8020019a        0     1                 
8020019c 8020019c        0     1                 
802001a0 802001a0        0     1                 
802001a6 802001a6        0     1                 .LBB0_9
802001a6 802001a6        0     1                 
802001a6 802001a6        0     1                 
802001aa 802001aa        0     1                 
802001ac 802001ac        0     1                 
802001b0 802001b0        0     1                 
802001b6 802001b6        0     1                 .LBB0_11
802001b6 802001b6        0     1                 
802001b6 802001b6        0     1                 
802001ba 802001ba        0     1                 
802001bc 802001bc        0     1                 
802001c0 802001c0        0     1                 
802001c6 802001c6        0     1                 .LBB0_13
802001c6 802001c6        0     1                 
802001c6 802001c6        0     1                 
802001ca 802001ca        0     1                 
802001cc 802001cc        0     1                 
802001d0 802001d0        0     1                 
802001d6 802001d6        0     1                 .LBB0_15
802001d6 802001d6        0     1                 
802001d6 802001d6        0     1                 
802001da 802001da        0     1                 
802001dc 802001dc        0     1                 
802001e0 802001e0        0     1                 
802001e6 802001e6        0     1                 .LBB0_17
802001e6 802001e6        0     1                 
802001e6 802001e6        0     1                 
802001ea 802001ea        0     1                 
802001ec 802001ec        0     1                 
802001f0 802001f0        0     1                 
802001f6 802001f6        0     1                 .LBB0_19
802001f6 802001f6        0     1                 
802001f6 802001f6        0     1                 
802001fa 802001fa        0     1                 
802001fc 802001fc        0     1                 
80200200 80200200        0     1                 
80200206 80200206        0     1                 .LBB0_21
80200206 80200206        0     1                 
80200206 80200206        0     1                 
8020020a 8020020a        0     1                 
8020020c 8020020c        0     1                 
80200210 80200210        0     1                 
80200218 80200218        0     1                 .LBB0_23
80200218 80200218        0     1                 
80200218 80200218        0     1                 
80200228 80200228        0     1                 
8020022c 8020022c        0     1                 
8020022c 8020022c        0     1                 
80200230 80200230        0     1                 
80200230 80200230        0     1                 .LBB0_24
80200230 80200230        0     1                 
80200234 80200234        0     1                 
80200236 80200236        0     1                 .LBB0_25
80200236 80200236        0     1                 
80200236 80200236        0     1                 
80200246 80200246        0     1                 
8020024a 8020024a        0     1                 
8020024a 8020024a        0     1                 
8020024e 8020024e        0     1                 
8020024e 8020024e        0     1                 .LBB0_26
8020024e 8020024e        0     1                 
80200252 80200252        0     1                 
80200254 80200254        e     1                 idle_entry
80200254 80200254        0     1                 
80200254 80200254        0     1                 
80200254 80200254        0     1                 
80200254 80200254        0     1                 
80200254 80200254        0     1                 
80200254 80200254        0     1                 
80200258 80200258        0     1                 .LBB1_1
80200258 80200258        0     1                 
8020025c 8020025c        0     1                 
80200260 80200260        0     1                 
80200260 80200260        0     1                 
80200262 80200262        0     1                 
80200262 80200262        0     1                 
80200262 80200262      872     2         /tmp/syscall-3c28f5.o:(.text)
80200262 80200262        0     1                 
80200262 80200262        0     1                 
80200262 80200262        0     1                 $x.0
80200262 80200262        0     1                 
80200262 80200262      872     1                 handle_syscall
8020027e 8020027e        0     1                 
8020027e 8020027e        0     1                 
80200282 80200282        0     1                 
8020028c 8020028c        0     1                 
8020028c 8020028c        0     1                 
8020028e 8020028e        0     1                 
80200290 80200290        0     1                 
80200292 80200292        0     1                 
80200296 80200296        0     1                 
80200296 80200296        0     1                 
8020029a 8020029a        0     1                 
8020029e 8020029e        0     1                 .LBB0_3
8020029e 8020029e        0     1                 
8020029e 8020029e        0     1                 
802002ba 802002ba        0     1                 
802002be 802002be        0     1                 
802002c2 802002c2        0     1                 
802002c2 802002c2        0     1                 
802002d6 802002d6        0     1                 .LBB0_5
802002d6 802002d6        0     1                 
802002da 802002da        0     1                 
802002de 802002de        0     1                 
802002de 802002de        0     1                 
802002e0 802002e0        0     1                 
802002e0 802002e0        0     1                 .LBB0_6
802002e0 802002e0        0     1                 
802002e8 802002e8        0     1                 
802002fc 802002fc        0     1                 
80200304 80200304        0     1                 
80200304 80200304        0     1                 
80200308 80200308        0     1                 
80200324 80200324        0     1                 
8020032c 8020032c        0     1                 
8020032c 8020032c        0     1                 
80200330 80200330        0     1                 
8020034c 8020034c        0     1                 
80200368 80200368        0     1                 
8020036c 8020036c        0     1                 
8020036c 8020036c        0     1                 
8020036e 8020036e        0     1                 
8020036e 8020036e        0     1                 .LBB0_9
8020036e 8020036e        0     1                 
80200376 80200376        0     1                 
8020038c 8020038c        0     1                 
8020038e 8020038e        0     1                 
802003aa 802003aa        0     1                 
802003ae 802003ae        0     1                 
802003ae 802003ae        0     1                 
802003b2 802003b2        0     1                 
802003d0 802003d0        0     1                 .LBB0_12
802003d0 802003d0        0     1                 
802003ec 802003ec        0     1                 
802003f0 802003f0        0     1                 
802003f0 802003f0        0     1                 
802003f2 802003f2        0     1                 
802003f2 802003f2        0     1                 .LBB0_13
802003f2 802003f2        0     1                 
802003fa 802003fa        0     1                 
80200410 80200410        0     1                 
80200414 80200414        0     1                 
80200430 80200430        0     1                 
80200434 80200434        0     1                 
80200434 80200434        0     1                 
80200438 80200438        0     1                 
80200456 80200456        0     1                 
80200456 80200456        0     1                 .LBB0_16
80200456 80200456        0     1                 
8020045e 8020045e        0     1                 
80200472 80200472        0     1                 
80200476 80200476        0     1                 
80200476 80200476        0     1                 
80200478 80200478        0     1                 
80200478 80200478        0     1                 .LBB0_17
80200478 80200478        0     1                 
80200480 80200480        0     1                 
80200494 80200494        0     1                 
802004b0 802004b0        0     1                 
802004cc 802004cc        0     1                 
802004d0 802004d0        0     1                 
802004d0 802004d0        0     1                 
802004d2 802004d2        0     1                 
802004d2 802004d2        0     1                 .LBB0_18
802004d2 802004d2        0     1                 
802004da 802004da        0     1                 
802004ee 802004ee        0     1                 
802004f6 802004f6        0     1                 
802004f6 802004f6        0     1                 
802004fa 802004fa        0     1                 
80200516 80200516        0     1                 
80200532 80200532        0     1                 
80200536 80200536        0     1                 
80200536 80200536        0     1                 
80200538 80200538        0     1                 
80200538 80200538        0     1                 .LBB0_20
80200538 80200538        0     1                 
80200540 80200540        0     1                 
80200556 80200556        0     1                 
8020055a 8020055a        0     1                 
80200562 80200562        0     1                 
80200562 80200562        0     1                 
80200566 80200566        0     1                 
8020056c 8020056c        0     1                 
8020056c 8020056c        0     1                 
80200570 80200570        0     1                 
80200574 80200574        0     1                 
8020058c 8020058c        0     1                 
8020058e 8020058e        0     1                 
80200590 80200590        0     1                 
80200592 80200592        0     1                 
80200594 80200594        0     1                 
80200596 80200596        0     1                 
8020059a 8020059a        0     1                 
802005ae 802005ae        0     1                 
802005ae 802005ae        0     1                 .LBB0_24
802005ae 802005ae        0     1                 
802005b2 802005b2        0     1                 .LBB0_25
802005b2 802005b2        0     1                 
802005b2 802005b2        0     1                 
802005c4 802005c4        0     1                 
802005c4 802005c4        0     1                 .LBB0_26
802005c4 802005c4        0     1                 
802005c8 802005c8        0     1                 
802005c8 802005c8        0     1                 .LBB0_27
802005c8 802005c8        0     1                 
802005cc 802005cc        0     1                 
802005ce 802005ce        0     1                 
802005ce 802005ce        0     1                 .LBB0_28
802005ce 802005ce        0     1                 
802005d4 802005d4        0     1                 
802005d4 802005d4        0     1                 
802005d6 802005d6        0     1                 
802005d6 802005d6        0     1                 .LBB0_29
802005d6 802005d6        0     1                 
802005de 802005de        0     1                 
802005f2 802005f2        0     1                 
802005f2 802005f2        0     1                 
802005f6 802005f6        0     1                 
802005fc 802005fc        0     1                 
802005fc 802005fc        0     1                 
80200600 80200600        0     1                 
80200620 80200620        0     1                 
80200620 80200620        0     1                 .LBB0_32
80200620 80200620        0     1                 
80200628 80200628        0     1                 
8020063c 8020063c        0     1                 
80200658 80200658        0     1                 
80200674 80200674        0     1                 
80200690 80200690        0     1                 
80200694 80200694        0     1                 
80200694 80200694        0     1                 
80200696 80200696        0     1                 
80200696 80200696        0     1                 .LBB0_33
80200696 80200696        0     1                 
8020069e 8020069e        0     1                 
802006b4 802006b4        0     1                 
802006b8 802006b8        0     1                 
802006be 802006be        0     1                 
802006be 802006be        0     1                 
802006c2 802006c2        0     1                 
802006e0 802006e0        0     1                 
802006e4 802006e4        0     1                 
802006e6 802006e6        0     1                 
802006ea 802006ea        0     1                 
802006ec 802006ec        0     1                 
802006f0 802006f0        0     1                 
802006f2 802006f2        0     1                 
802006f6 802006f6        0     1                 
802006f8 802006f8        0     1                 
802006fc 802006fc        0     1                 
802006fc 802006fc        0     1                 
802006fe 802006fe        0     1                 
80200714 80200714        0     1                 
80200714 80200714        0     1                 .LBB0_36
80200714 80200714        0     1                 
8020071c 8020071c        0     1                 
80200730 80200730        0     1                 
80200730 80200730        0     1                 
80200732 80200732        0     1                 
80200738 80200738        0     1                 
80200738 80200738        0     1                 
8020073c 8020073c        0     1                 
80200758 80200758        0     1                 .LBB0_39
80200758 80200758        0     1                 
8020075c 8020075c        0     1                 
8020075c 8020075c        0     1                 
8020075e 8020075e        0     1                 
8020075e 8020075e        0     1                 .LBB0_40
8020075e 8020075e        0     1                 
80200766 80200766        0     1                 
80200768 80200768        0     1                 
8020076c 8020076c        0     1                 
8020076c 8020076c        0     1                 
80200770 80200770        0     1                 
80200776 80200776        0     1                 
8020077a 8020077a        0     1                 .LBB0_42
8020077a 8020077a        0     1                 
8020077a 8020077a        0     1                 
8020077c 8020077c        0     1                 
80200780 80200780        0     1                 
80200790 80200790        0     1                 
802007a0 802007a0        0     1                 
802007a4 802007a4        0     1                 
802007a4 802007a4        0     1                 
802007a8 802007a8        0     1                 
802007ba 802007ba        0     1                 
802007ba 802007ba        0     1                 
802007be 802007be        0     1                 
802007d0 802007d0        0     1                 
802007d0 802007d0        0     1                 
802007d4 802007d4        0     1                 
802007d6 802007d6        0     1                 
802007d6 802007d6        0     1                 
802007da 802007da        0     1                 
802007dc 802007dc        0     1                 
802007e0 802007e0        0     1                 
802007e0 802007e0        0     1                 
802007f0 802007f0        0     1                 
802007f2 802007f2        0     1                 
802007f2 802007f2        0     1                 
802007f6 802007f6        0     1                 
802007fa 802007fa        0     1                 
802007fa 802007fa        0     1                 
802007fe 802007fe        0     1                 
80200800 80200800        0     1                 .LBB0_48
80200800 80200800        0     1                 
80200800 80200800        0     1                 
80200804 80200804        0     1                 
80200808 80200808        0     1                 
80200808 80200808        0     1                 
8020080c 8020080c        0     1                 
80200816 80200816        0     1                 
80200816 80200816        0     1                 
8020081a 8020081a        0     1                 
8020081a 8020081a        0     1                 
8020081e 8020081e        0     1                 
8020081e 8020081e        0     1                 .LBB0_50
8020081e 8020081e        0     1                 
80200826 80200826        0     1                 
8020083a 8020083a        0     1                 
80200842 80200842        0     1                 
80200842 80200842        0     1                 
80200844 80200844        0     1                 
80200860 80200860        0     1                 
80200864 80200864        0     1                 
80200864 80200864        0     1                 
80200866 80200866        0     1                 .LBB0_52
8020086a 8020086a        0     1                 
8020086a 8020086a        0     1                 
8020087c 8020087c        0     1                 
8020087c 8020087c        0     1                 .LBB0_53
8020087c 8020087c        0     1                 
8020088c 8020088c        0     1                 
80200894 80200894        0     1                 
802008aa 802008aa        0     1                 
802008aa 802008aa        0     1                 
802008ac 802008ac        0     1                 
802008b4 802008b4        0     1                 
802008b4 802008b4        0     1                 
802008b8 802008b8        0     1                 .LBB0_55
802008b8 802008b8        0     1                 
802008c8 802008c8        0     1                 
802008c8 802008c8        0     1                 
802008d0 802008d0        0     1                 
802008d0 802008d0        0     1                 
802008d4 802008d4        0     1                 
802008d4 802008d4        0     1                 
802008d8 802008d8        0     1                 
802008dc 802008dc        0     1                 
802008e4 802008e4        0     1                 
802008e6 802008e6        0     1                 
802008e6 802008e6        0     1                 .LBB0_57
802008e6 802008e6        0     1                 
802008ee 802008ee        0     1                 
80200902 80200902        0     1                 
8020091e 8020091e        0     1                 
80200922 80200922        0     1                 
80200922 80200922        0     1                 
80200924 80200924        0     1                 
80200924 80200924        0     1                 .LBB0_58
80200924 80200924        0     1                 
8020092c 8020092c        0     1                 
80200940 80200940        0     1                 
80200944 80200944        0     1                 
80200944 80200944        0     1                 
80200946 80200946        0     1                 
80200946 80200946        0     1                 .LBB0_59
80200946 80200946        0     1                 
80200948 80200948        0     1                 
80200948 80200948        0     1                 
8020094a 8020094a        0     1                 
8020094a 8020094a        0     1                 .LBB0_60
8020094a 8020094a        0     1                 
80200952 80200952        0     1                 
80200954 80200954        0     1                 
80200958 80200958        0     1                 
80200958 80200958        0     1                 
8020095c 8020095c        0     1                 
80200962 80200962        0     1                 
80200968 80200968        0     1                 
80200968 80200968        0     1                 .LBB0_62
80200968 80200968        0     1                 
80200970 80200970        0     1                 
80200972 80200972        0     1                 
80200976 80200976        0     1                 
80200976 80200976        0     1                 
8020097a 8020097a        0     1                 
80200980 80200980        0     1                 
80200984 80200984        0     1                 .LBB0_64
80200984 80200984        0     1                 
80200984 80200984        0     1                 
8020098e 8020098e        0     1                 
8020098e 8020098e        0     1                 .LBB0_65
8020098e 8020098e        0     1                 
80200996 80200996        0     1                 
802009ac 802009ac        0     1                 
802009ae 802009ae        0     1                 
802009b2 802009b2        0     1                 
802009b2 802009b2        0     1                 
802009b4 802009b4        0     1                 
802009b4 802009b4        0     1                 
802009bc 802009bc        0     1                 
802009be 802009be        0     1                 
802009c2 802009c2        0     1                 
802009c2 802009c2        0     1                 
802009c6 802009c6        0     1                 
802009cc 802009cc        0     1                 
802009d0 802009d0        0     1                 .LBB0_69
802009d0 802009d0        0     1                 
802009d0 802009d0        0     1                 
802009d4 802009d4        0     1                 
802009f0 802009f0        0     1                 
802009f4 802009f4        0     1                 .LBB0_71
802009f4 802009f4        0     1                 
802009f4 802009f4        0     1                 
802009f6 802009f6        0     1                 .LBB0_72
80200a12 80200a12        0     1                 .LBB0_73
80200a14 80200a14        0     1                 .LBB0_74
80200a14 80200a14        0     1                 
80200a30 80200a30        0     1                 
80200a4c 80200a4c        0     1                 
80200a50 80200a50        0     1                 
80200a50 80200a50        0     1                 
80200a52 80200a52        0     1                 .LBB0_75
80200a54 80200a54        0     1                 .LBB0_76
80200a54 80200a54        0     1                 
80200a70 80200a70        0     1                 
80200a8c 80200a8c        0     1                 
80200a90 80200a90        0     1                 
80200a90 80200a90        0     1                 
80200a92 80200a92        0     1                 .LBB0_77
80200a94 80200a94        0     1                 .LBB0_78
80200aae 80200aae        0     1                 .LBB0_79
80200aae 80200aae        0     1                 
80200aae 80200aae        0     1                 
80200ab2 80200ab2        0     1                 
80200ab2 80200ab2        0     1                 
80200aba 80200aba        0     1                 
80200aba 80200aba        0     1                 
80200ac4 80200ac4        0     1                 
80200ac6 80200ac6        0     1                 
80200ad0 80200ad0        0     1                 
80200ad4 80200ad4        0     1                 
80200ad4 80200ad4        0     1                 
80200ad4 80200ad4      5d0     2         /tmp/trap-4b285f.o:(.text)
80200ad4 80200ad4        0     1                 
80200ad4 80200ad4        0     1                 
80200ad4 80200ad4        0     1                 $x.0
80200ad4 80200ad4        0     1                 
80200ad4 80200ad4      10a     1                 handle_trap
80200ae0 80200ae0        0     1                 
80200ae0 80200ae0        0     1                 
80200ae4 80200ae4        0     1                 
80200ae4 80200ae4        0     1                 
80200ae8 80200ae8        0     1                 
80200aee 80200aee        0     1                 
80200aee 80200aee        0     1                 
80200af2 80200af2        0     1                 
80200af6 80200af6        0     1                 
80200af6 80200af6        0     1                 
80200afa 80200afa        0     1                 
80200afa 80200afa        0     1                 
80200afc 80200afc        0     1                 
80200b00 80200b00        0     1                 
80200b02 80200b02        0     1                 
80200b02 80200b02        0     1                 .LBB0_3
80200b02 80200b02        0     1                 
80200b06 80200b06        0     1                 
80200b06 80200b06        0     1                 
80200b0a 80200b0a        0     1                 
80200b0a 80200b0a        0     1                 
80200b0c 80200b0c        0     1                 .LBB0_4
80200b0c 80200b0c        0     1                 
80200b10 80200b10        0     1                 
80200b12 80200b12        0     1                 
80200b12 80200b12        0     1                 
80200b16 80200b16        0     1                 
80200b16 80200b16        0     1                 
80200b1a 80200b1a        0     1                 
80200b1a 80200b1a        0     1                 
80200b1e 80200b1e        0     1                 
80200b1e 80200b1e        0     1                 
80200b22 80200b22        0     1                 .LBB0_6
80200b22 80200b22        0     1                 
80200b22 80200b22        0     1                 
80200b28 80200b28        0     1                 
80200b2c 80200b2c        0     1                 
80200b32 80200b32        0     1                 
80200b32 80200b32        0     1                 
80200b34 80200b34        0     1                 
80200b36 80200b36        0     1                 
80200b38 80200b38        0     1                 
80200b3e 80200b3e        0     1                 .LBB0_8
80200b3e 80200b3e        0     1                 
80200b3e 80200b3e        0     1                 
80200b46 80200b46        0     1                 
80200b48 80200b48        0     1                 
80200b4a 80200b4a        0     1                 
80200b4c 80200b4c        0     1                 
80200b4e 80200b4e        0     1                 
80200b52 80200b52        0     1                 
80200b5e 80200b5e        0     1                 
80200b5e 80200b5e        0     1                 
80200b66 80200b66        0     1                 
80200b66 80200b66        0     1                 
80200b68 80200b68        0     1                 
80200b72 80200b72        0     1                 
80200b74 80200b74        0     1                 .LBB0_14
80200b74 80200b74        0     1                 
80200b74 80200b74        0     1                 
80200b76 80200b76        0     1                 
80200b78 80200b78        0     1                 
80200b80 80200b80        0     1                 
80200b88 80200b88        0     1                 
80200b92 80200b92        0     1                 
80200b9a 80200b9a        0     1                 
80200b9a 80200b9a        0     1                 
80200ba2 80200ba2        0     1                 
80200ba2 80200ba2        0     1                 
80200ba4 80200ba4        0     1                 
80200ba6 80200ba6        0     1                 
80200ba8 80200ba8        0     1                 
80200bae 80200bae        0     1                 .LBB0_16
80200bae 80200bae        0     1                 
80200bae 80200bae        0     1                 
80200bb6 80200bb6        0     1                 
80200bb8 80200bb8        0     1                 
80200bbc 80200bbc        0     1                 .LBB0_17
80200bbc 80200bbc        0     1                 
80200bbc 80200bbc        0     1                 
80200bcc 80200bcc        0     1                 
80200bcc 80200bcc        0     1                 
80200bd6 80200bd6        0     1                 
80200bd6 80200bd6        0     1                 
80200bd8 80200bd8        0     1                 
80200bd8 80200bd8        0     1                 .LBB0_18
80200bd8 80200bd8        0     1                 
80200bdc 80200bdc        0     1                 
80200bde 80200bde      4c6     1                 dump_trap_context
80200bde 80200bde        0     1                 
80200bde 80200bde        0     1                 
80200bde 80200bde        0     1                 
80200bde 80200bde        0     1                 
80200bde 80200bde        0     1                 
80200bde 80200bde        0     1                 
80200be6 80200be6        0     1                 
80200be6 80200be6        0     1                 
80200bec 80200bec        0     1                 
80200bec 80200bec        0     1                 
80200bee 80200bee        0     1                 
80200bf0 80200bf0        0     1                 
80200bf0 80200bf0        0     1                 
80200c04 80200c04        0     1                 .LBB1_2
80200c04 80200c04        0     1                 
80200c04 80200c04        0     1                 
80200c0c 80200c0c        0     1                 .LBB1_3
80200c0c 80200c0c        0     1                 
80200c0c 80200c0c        0     1                 
80200c10 80200c10        0     1                 
80200c10 80200c10        0     1                 
80200c14 80200c14        0     1                 
80200c14 80200c14        0     1                 
80200c18 80200c18        0     1                 
80200c18 80200c18        0     1                 
80200c1c 80200c1c        0     1                 
80200c2a 80200c2a        0     1                 
80200c2e 80200c2e        0     1                 
80200c2e 80200c2e        0     1                 
80200c36 80200c36        0     1                 
80200c3a 80200c3a        0     1                 
80200c44 80200c44        0     1                 
80200c46 80200c46        0     1                 
80200c48 80200c48        0     1                 
80200c4c 80200c4c        0     1                 
80200c4e 80200c4e        0     1                 
80200c50 80200c50        0     1                 
80200c54 80200c54        0     1                 
80200c58 80200c58        0     1                 
80200c64 80200c64        0     1                 
80200c64 80200c64        0     1                 
80200c68 80200c68        0     1                 .LBB1_5
80200c68 80200c68        0     1                 
80200c86 80200c86        0     1                 
80200ca4 80200ca4        0     1                 
80200cc2 80200cc2        0     1                 
80200ce0 80200ce0        0     1                 
80200cec 80200cec        0     1                 
80200cec 80200cec        0     1                 
80200d0a 80200d0a        0     1                 
80200d28 80200d28        0     1                 
80200d46 80200d46        0     1                 
80200d64 80200d64        0     1                 
80200d84 80200d84        0     1                 
80200da6 80200da6        0     1                 
80200dc8 80200dc8        0     1                 
80200dea 80200dea        0     1                 
80200df8 80200df8        0     1                 
80200df8 80200df8        0     1                 
80200e16 80200e16        0     1                 
80200e34 80200e34        0     1                 
80200e52 80200e52        0     1                 
80200e70 80200e70        0     1                 
80200e90 80200e90        0     1                 
80200eb2 80200eb2        0     1                 
80200ed4 80200ed4        0     1                 
80200ee0 80200ee0        0     1                 
80200ee0 80200ee0        0     1                 
80200efe 80200efe        0     1                 
80200f1c 80200f1c        0     1                 
80200f3a 80200f3a        0     1                 
80200f58 80200f58        0     1                 
80200f78 80200f78        0     1                 
80200f9a 80200f9a        0     1                 
80200fbc 80200fbc        0     1                 
80200fde 80200fde        0     1                 
80201000 80201000        0     1                 
80201022 80201022        0     1                 
80201044 80201044        0     1                 
80201054 80201054        0     1                 
80201064 80201064        0     1                 
8020107a 8020107a        0     1                 
8020107a 8020107a        0     1                 
8020107e 8020107e        0     1                 
8020107e 8020107e        0     1                 
80201082 80201082        0     1                 .LBB1_6
80201082 80201082        0     1                 
80201082 80201082        0     1                 
8020108e 8020108e        0     1                 
8020108e 8020108e        0     1                 
80201092 80201092        0     1                 .LBB1_7
80201092 80201092        0     1                 
8020109e 8020109e        0     1                 
8020109e 8020109e        0     1                 
802010a4 802010a4        0     1                 
802010a4 802010a4        0     1                 
802010a4 802010a4        0     1                 
802010a4 802010a4       e6     2         /tmp/sbi-56c410.o:(.text)
802010a4 802010a4        0     1                 
802010a4 802010a4        0     1                 
802010a4 802010a4        0     1                 $x.0
802010a4 802010a4        0     1                 
802010a4 802010a4        6     1                 sbi_call
802010a8 802010a8        0     1                 
802010aa 802010aa        0     1                 
802010aa 802010aa        0     1                 
802010aa 802010aa        0     1                 
802010aa 802010aa       14     1                 putchar
802010bc 802010bc        0     1                 
802010be 802010be        0     1                 
802010be 802010be        0     1                 
802010be 802010be        0     1                 
802010be 802010be       42     1                 kbd_enqueue_char
802010c6 802010c6        0     1                 
802010ca 802010ca        0     1                 
802010d0 802010d0        0     1                 
802010d8 802010d8        0     1                 
802010e2 802010e2        0     1                 
802010e2 802010e2        0     1                 
802010e4 802010e4        0     1                 
802010e8 802010e8        0     1                 
802010ea 802010ea        0     1                 
802010f4 802010f4        0     1                 
802010f8 802010f8        0     1                 
802010fc 802010fc        0     1                 .LBB2_2
802010fc 802010fc        0     1                 
802010fe 802010fe        0     1                 
80201100 80201100        0     1                 
80201100 80201100        0     1                 
80201100 80201100        0     1                 
80201100 80201100        0     1                 
80201100 80201100        0     1                 
80201100 80201100       6a     1                 getchar
80201108 80201108        0     1                 
80201110 80201110        0     1                 
80201114 80201114        0     1                 
80201114 80201114        0     1                 
80201128 80201128        0     1                 
80201128 80201128        0     1                 
8020112a 8020112a        0     1                 .LBB3_2
8020112a 8020112a        0     1                 
8020112c 8020112c        0     1                 
80201130 80201130        0     1                 
80201130 80201130        0     1                 
8020113e 8020113e        0     1                 
8020113e 8020113e        0     1                 
80201140 80201140        0     1                 
8020114e 8020114e        0     1                 
80201152 80201152        0     1                 
80201160 80201160        0     1                 
80201160 80201160        0     1                 
80201162 80201162        0     1                 
80201168 80201168        0     1                 
80201168 80201168        0     1                 
8020116a 8020116a        0     1                 
8020116a 8020116a        0     1                 
8020116a 8020116a        0     1                 
8020116a 8020116a        0     1                 
8020116a 8020116a        0     1                 
8020116a 8020116a       20     1                 sbi_shutdown
80201172 80201172        0     1                 
80201172 80201172        0     1                 
80201184 80201184        0     1                 
80201184 80201184        0     1                 .LBB4_1
80201184 80201184        0     1                 
80201188 80201188        0     1                 
8020118a 8020118a        0     1                 
8020118a 8020118a        0     1                 
8020118a 8020118a     1876     2         /tmp/process-e71dfa.o:(.text)
8020118a 8020118a        0     1                 
8020118a 8020118a        0     1                 
8020118a 8020118a        0     1                 $x.0
8020118a 8020118a        0     1                 
8020118a 8020118a       5e     1                 proc_user_writable_ok
80201194 80201194        0     1                 
80201194 80201194        0     1                 
80201196 80201196        0     1                 
80201198 80201198        0     1                 
8020119a 8020119a        0     1                 
8020119c 8020119c        0     1                 
8020119c 8020119c        0     1                 
8020119e 8020119e        0     1                 
802011a2 802011a2        0     1                 
802011a2 802011a2        0     1                 
802011a6 802011a6        0     1                 .LBB0_4
802011a6 802011a6        0     1                 
802011a6 802011a6        0     1                 
802011a8 802011a8        0     1                 
802011aa 802011aa        0     1                 .LBB0_5
802011aa 802011aa        0     1                 
802011aa 802011aa        0     1                 
802011ac 802011ac        0     1                 
802011b0 802011b0        0     1                 
802011b0 802011b0        0     1                 
802011b2 802011b2        0     1                 
802011b2 802011b2        0     1                 .LBB0_6
802011b6 802011b6        0     1                 
802011bc 802011bc        0     1                 
802011bc 802011bc        0     1                 .LBB0_8
802011bc 802011bc        0     1                 
802011c0 802011c0        0     1                 
802011c2 802011c2        0     1                 .LBB0_9
802011c2 802011c2        0     1                 
802011c6 802011c6        0     1                 
802011c8 802011c8        0     1                 
802011cc 802011cc        0     1                 
802011d0 802011d0        0     1                 
802011d4 802011d4        0     1                 
802011d8 802011d8        0     1                 
802011d8 802011d8        0     1                 
802011dc 802011dc        0     1                 
802011de 802011de        0     1                 
802011e0 802011e0        0     1                 
802011e6 802011e6        0     1                 .LBB0_14
802011e6 802011e6        0     1                 
802011e6 802011e6        0     1                 
802011e8 802011e8        0     1                 
802011e8 802011e8        0     1                 
802011e8 802011e8        0     1                 
802011e8 802011e8        0     1                 
802011e8 802011e8        0     1                 
802011e8 802011e8       5e     1                 proc_user_readable_ok
802011f2 802011f2        0     1                 
802011f2 802011f2        0     1                 
802011f4 802011f4        0     1                 
802011f6 802011f6        0     1                 
802011f8 802011f8        0     1                 
802011fa 802011fa        0     1                 
802011fa 802011fa        0     1                 
802011fc 802011fc        0     1                 
80201200 80201200        0     1                 
80201200 80201200        0     1                 
80201204 80201204        0     1                 .LBB1_4
80201204 80201204        0     1                 
80201204 80201204        0     1                 
80201206 80201206        0     1                 
80201208 80201208        0     1                 .LBB1_5
80201208 80201208        0     1                 
80201208 80201208        0     1                 
8020120a 8020120a        0     1                 
8020120e 8020120e        0     1                 
8020120e 8020120e        0     1                 
80201210 80201210        0     1                 
80201210 80201210        0     1                 .LBB1_6
80201214 80201214        0     1                 
8020121a 8020121a        0     1                 
8020121a 8020121a        0     1                 .LBB1_8
8020121a 8020121a        0     1                 
8020121e 8020121e        0     1                 
80201220 80201220        0     1                 .LBB1_9
80201220 80201220        0     1                 
80201224 80201224        0     1                 
80201226 80201226        0     1                 
8020122a 8020122a        0     1                 
8020122e 8020122e        0     1                 
80201232 80201232        0     1                 
80201236 80201236        0     1                 
80201236 80201236        0     1                 
8020123a 8020123a        0     1                 
8020123c 8020123c        0     1                 
8020123e 8020123e        0     1                 
80201244 80201244        0     1                 .LBB1_14
80201244 80201244        0     1                 
80201244 80201244        0     1                 
80201246 80201246        0     1                 
80201246 80201246        0     1                 
80201246 80201246        0     1                 
80201246 80201246        0     1                 
80201246 80201246        0     1                 
80201246 80201246       c6     1                 proc_user_cstr_ok
8020124e 8020124e        0     1                 
80201252 80201252        0     1                 
80201256 80201256        0     1                 
80201258 80201258        0     1                 
8020125a 8020125a        0     1                 
8020125a 8020125a        0     1                 
8020125e 8020125e        0     1                 
8020125e 8020125e        0     1                 
80201262 80201262        0     1                 
80201262 80201262        0     1                 .LBB2_4
80201262 80201262        0     1                 
80201264 80201264        0     1                 
80201266 80201266        0     1                 .LBB2_5
80201266 80201266        0     1                 
80201266 80201266        0     1                 
8020126c 8020126c        0     1                 
8020126c 8020126c        0     1                 
80201270 80201270        0     1                 
80201270 80201270        0     1                 .LBB2_6
80201274 80201274        0     1                 
8020127a 8020127a        0     1                 
8020127a 8020127a        0     1                 .LBB2_8
8020127a 8020127a        0     1                 
8020127e 8020127e        0     1                 
8020127e 8020127e        0     1                 
80201280 80201280        0     1                 .LBB2_9
80201280 80201280        0     1                 
80201280 80201280        0     1                 
80201284 80201284        0     1                 
80201286 80201286        0     1                 
8020128a 8020128a        0     1                 
8020128e 8020128e        0     1                 
80201292 80201292        0     1                 
80201296 80201296        0     1                 
80201296 80201296        0     1                 
8020129a 8020129a        0     1                 
8020129c 8020129c        0     1                 
8020129e 8020129e        0     1                 
802012a4 802012a4        0     1                 .LBB2_14
802012a4 802012a4        0     1                 
802012a6 802012a6        0     1                 
802012a6 802012a6        0     1                 
802012ae 802012ae        0     1                 
802012ae 802012ae        0     1                 
802012b2 802012b2        0     1                 
802012b4 802012b4        0     1                 
802012b4 802012b4        0     1                 .LBB2_15
802012b4 802012b4        0     1                 
802012b8 802012b8        0     1                 
802012b8 802012b8        0     1                 
802012bc 802012bc        0     1                 
802012bc 802012bc        0     1                 
802012be 802012be        0     1                 
802012c0 802012c0        0     1                 
802012c0 802012c0        0     1                 .LBB2_17
802012c0 802012c0        0     1                 
802012c4 802012c4        0     1                 
802012ca 802012ca        0     1                 .LBB2_19
802012cc 802012cc        0     1                 
802012cc 802012cc        0     1                 
802012d0 802012d0        0     1                 
802012d2 802012d2        0     1                 .LBB2_20
802012d2 802012d2        0     1                 
802012d6 802012d6        0     1                 
802012d8 802012d8        0     1                 
802012dc 802012dc        0     1                 
802012e0 802012e0        0     1                 
802012e4 802012e4        0     1                 
802012e8 802012e8        0     1                 
802012e8 802012e8        0     1                 
802012ee 802012ee        0     1                 
802012f0 802012f0        0     1                 
802012f2 802012f2        0     1                 
802012f6 802012f6        0     1                 .LBB2_25
802012f6 802012f6        0     1                 
802012f6 802012f6        0     1                 
802012fa 802012fa        0     1                 
802012fa 802012fa        0     1                 
802012fc 802012fc        0     1                 
802012fe 802012fe        0     1                 
802012fe 802012fe        0     1                 
80201306 80201306        0     1                 .LBB2_27
80201306 80201306        0     1                 
80201308 80201308        0     1                 .LBB2_28
80201308 80201308        0     1                 
8020130a 8020130a        0     1                 
8020130c 8020130c        0     1                 
8020130c 8020130c        0     1                 
8020130c 8020130c        0     1                 
8020130c 8020130c        0     1                 
8020130c 8020130c        0     1                 
8020130c 8020130c       ca     1                 proc_user_exec_argv_ok
80201320 80201320        0     1                 
80201320 80201320        0     1                 
80201322 80201322        0     1                 
80201326 80201326        0     1                 .LBB3_2
80201326 80201326        0     1                 
80201330 80201330        0     1                 
80201334 80201334        0     1                 
80201338 80201338        0     1                 
8020133a 8020133a        0     1                 
8020133c 8020133c        0     1                 
80201344 80201344        0     1                 
80201344 80201344        0     1                 
8020134a 8020134a        0     1                 
8020134a 8020134a        0     1                 .LBB3_6
8020134a 8020134a        0     1                 
8020134e 8020134e        0     1                 
80201350 80201350        0     1                 
80201350 80201350        0     1                 
80201354 80201354        0     1                 
80201356 80201356        0     1                 
8020135a 8020135a        0     1                 
8020135c 8020135c        0     1                 
8020135c 8020135c        0     1                 .LBB3_8
8020135c 8020135c        0     1                 
80201360 80201360        0     1                 
80201366 80201366        0     1                 
80201366 80201366        0     1                 .LBB3_10
80201366 80201366        0     1                 
8020136a 8020136a        0     1                 
8020136c 8020136c        0     1                 .LBB3_11
8020136c 8020136c        0     1                 
80201370 80201370        0     1                 
80201372 80201372        0     1                 
80201376 80201376        0     1                 
8020137a 8020137a        0     1                 
8020137e 8020137e        0     1                 
80201382 80201382        0     1                 
80201382 80201382        0     1                 
80201386 80201386        0     1                 
80201388 80201388        0     1                 
8020138a 8020138a        0     1                 
80201390 80201390        0     1                 .LBB3_16
80201390 80201390        0     1                 
80201390 80201390        0     1                 
80201392 80201392        0     1                 
80201392 80201392        0     1                 
80201394 80201394        0     1                 
80201396 80201396        0     1                 
80201396 80201396        0     1                 
8020139c 8020139c        0     1                 
8020139c 8020139c        0     1                 
8020139e 8020139e        0     1                 
802013a2 802013a2        0     1                 
802013ac 802013ac        0     1                 .LBB3_19
802013ac 802013ac        0     1                 
802013b0 802013b0        0     1                 
802013b2 802013b2        0     1                 
802013b2 802013b2        0     1                 .LBB3_20
802013b2 802013b2        0     1                 
802013b8 802013b8        0     1                 .LBB3_21
802013be 802013be        0     1                 
802013c8 802013c8        0     1                 
802013cc 802013cc        0     1                 .LBB3_22
802013cc 802013cc        0     1                 
802013cc 802013cc        0     1                 
802013ce 802013ce        0     1                 
802013ce 802013ce        0     1                 
802013d2 802013d2        0     1                 .LBB3_24
802013d6 802013d6        0     1                 
802013d6 802013d6        0     1                 
802013d6 802013d6        0     1                 
802013d6 802013d6        0     1                 
802013d6 802013d6        0     1                 
802013d6 802013d6      120     1                 create_process
802013e2 802013e2        0     1                 
802013e2 802013e2        0     1                 
802013ee 802013ee        0     1                 
802013ee 802013ee        0     1                 
802013f0 802013f0        0     1                 
802013f0 802013f0        0     1                 
802013f8 802013f8        0     1                 
802013fa 802013fa        0     1                 
802013fa 802013fa        0     1                 
8020140a 8020140a        0     1                 
8020140c 8020140c        0     1                 
8020140c 8020140c        0     1                 
80201414 80201414        0     1                 
80201416 80201416        0     1                 
80201416 80201416        0     1                 
80201428 80201428        0     1                 
8020142a 8020142a        0     1                 
8020142a 8020142a        0     1                 
80201434 80201434        0     1                 
80201436 80201436        0     1                 
80201436 80201436        0     1                 
80201446 80201446        0     1                 
80201448 80201448        0     1                 
80201448 80201448        0     1                 
80201452 80201452        0     1                 
80201454 80201454        0     1                 
80201454 80201454        0     1                 
80201458 80201458        0     1                 .LBB4_9
8020145c 8020145c        0     1                 .LBB4_10
80201460 80201460        0     1                 .LBB4_11
80201464 80201464        0     1                 .LBB4_12
80201468 80201468        0     1                 .LBB4_13
8020146c 8020146c        0     1                 .LBB4_14
80201470 80201470        0     1                 .LBB4_15
80201474 80201474        0     1                 .LBB4_16
80201476 80201476        0     1                 .LBB4_17
80201476 80201476        0     1                 
8020147c 8020147c        0     1                 
8020147c 8020147c        0     1                 
80201482 80201482        0     1                 
80201482 80201482        0     1                 
80201486 80201486        0     1                 
80201486 80201486        0     1                 
80201488 80201488        0     1                 
8020148e 8020148e        0     1                 
8020148e 8020148e        0     1                 
80201492 80201492        0     1                 
80201494 80201494        0     1                 
80201496 80201496        0     1                 
80201498 80201498        0     1                 
8020149c 8020149c        0     1                 
802014a0 802014a0        0     1                 
802014a0 802014a0        0     1                 
802014a4 802014a4        0     1                 
802014a4 802014a4        0     1                 
802014a8 802014a8        0     1                 
802014aa 802014aa        0     1                 
802014aa 802014aa        0     1                 
802014dc 802014dc        0     1                 
802014dc 802014dc        0     1                 
802014de 802014de        0     1                 
802014de 802014de        0     1                 
802014e2 802014e2        0     1                 
802014e6 802014e6        0     1                 .LBB4_18
802014e6 802014e6        0     1                 
802014e6 802014e6        0     1                 
802014f0 802014f0        0     1                 
802014f0 802014f0        0     1                 
802014f2 802014f2        0     1                 
802014f6 802014f6        0     1                 
802014f6 802014f6        0     1                 
802014f6 802014f6        0     1                 
802014f6 802014f6        0     1                 
802014f6 802014f6        0     1                 
802014f6 802014f6      1d0     1                 create_user_process
8020150c 8020150c        0     1                 
8020150c 8020150c        0     1                 
80201518 80201518        0     1                 
80201518 80201518        0     1                 
8020151a 8020151a        0     1                 
8020151a 8020151a        0     1                 
80201522 80201522        0     1                 
80201524 80201524        0     1                 
80201524 80201524        0     1                 
80201534 80201534        0     1                 
80201536 80201536        0     1                 
80201536 80201536        0     1                 
8020153e 8020153e        0     1                 
80201540 80201540        0     1                 
80201540 80201540        0     1                 
80201552 80201552        0     1                 
80201554 80201554        0     1                 
80201554 80201554        0     1                 
8020155e 8020155e        0     1                 
80201560 80201560        0     1                 
80201560 80201560        0     1                 
80201570 80201570        0     1                 
80201572 80201572        0     1                 
80201572 80201572        0     1                 
8020157c 8020157c        0     1                 
8020157e 8020157e        0     1                 
80201582 80201582        0     1                 .LBB5_9
80201582 80201582        0     1                 
80201586 80201586        0     1                 .LBB5_10
80201586 80201586        0     1                 
8020158a 8020158a        0     1                 .LBB5_11
8020158a 8020158a        0     1                 
8020158e 8020158e        0     1                 .LBB5_12
8020158e 8020158e        0     1                 
80201592 80201592        0     1                 .LBB5_13
80201592 80201592        0     1                 
80201596 80201596        0     1                 .LBB5_14
80201596 80201596        0     1                 
8020159a 8020159a        0     1                 .LBB5_15
8020159a 8020159a        0     1                 
8020159e 8020159e        0     1                 .LBB5_16
8020159e 8020159e        0     1                 
802015a0 802015a0        0     1                 .LBB5_17
802015a0 802015a0        0     1                 
802015a6 802015a6        0     1                 
802015ac 802015ac        0     1                 
802015ac 802015ac        0     1                 
802015b0 802015b0        0     1                 
802015b0 802015b0        0     1                 
802015ba 802015ba        0     1                 
802015ba 802015ba        0     1                 
802015bc 802015bc        0     1                 
802015c2 802015c2        0     1                 
802015c8 802015c8        0     1                 
802015ca 802015ca        0     1                 
802015cc 802015cc        0     1                 
802015d0 802015d0        0     1                 
802015d6 802015d6        0     1                 
802015d6 802015d6        0     1                 
802015d8 802015d8        0     1                 
802015de 802015de        0     1                 
802015de 802015de        0     1                 
802015e0 802015e0        0     1                 
802015e2 802015e2        0     1                 
802015e8 802015e8        0     1                 
802015ea 802015ea        0     1                 
802015f2 802015f2        0     1                 
802015f6 802015f6        0     1                 
80201600 80201600        0     1                 
80201604 80201604        0     1                 
80201606 80201606        0     1                 
8020160a 8020160a        0     1                 
8020160e 8020160e        0     1                 
80201612 80201612        0     1                 
80201612 80201612        0     1                 
80201616 80201616        0     1                 
80201618 80201618        0     1                 
8020161c 8020161c        0     1                 
8020161c 8020161c        0     1                 
80201620 80201620        0     1                 
80201624 80201624        0     1                 
80201624 80201624        0     1                 
80201626 80201626        0     1                 
80201628 80201628        0     1                 
8020162a 8020162a        0     1                 
8020162c 8020162c        0     1                 
80201644 80201644        0     1                 
80201648 80201648        0     1                 
80201648 80201648        0     1                 
8020167a 8020167a        0     1                 
8020167a 8020167a        0     1                 
8020167c 8020167c        0     1                 
8020167c 8020167c        0     1                 
80201684 80201684        0     1                 
80201686 80201686        0     1                 
8020168a 8020168a        0     1                 .LBB5_21
8020168a 8020168a        0     1                 
8020168a 8020168a        0     1                 
80201690 80201690        0     1                 
80201690 80201690        0     1                 
80201696 80201696        0     1                 
80201696 80201696        0     1                 
8020169c 8020169c        0     1                 .LBB5_22
8020169c 8020169c        0     1                 
8020169c 8020169c        0     1                 
802016a2 802016a2        0     1                 .LBB5_23
802016a2 802016a2        0     1                 
802016a6 802016a6        0     1                 
802016a8 802016a8        0     1                 
802016ac 802016ac        0     1                 .LBB5_24
802016ac 802016ac        0     1                 
802016ac 802016ac        0     1                 
802016b6 802016b6        0     1                 
802016b6 802016b6        0     1                 
802016c2 802016c2        0     1                 
802016c6 802016c6      112     1                 proc_init_user_vmas
802016c6 802016c6        0     1                 
802016c6 802016c6        0     1                 
802016c6 802016c6        0     1                 
802016c6 802016c6        0     1                 
802016c6 802016c6        0     1                 
802016da 802016da        0     1                 
802016da 802016da        0     1                 
802016e2 802016e2        0     1                 
802016e2 802016e2        0     1                 
802016e4 802016e4        0     1                 
802016e8 802016e8        0     1                 
802016e8 802016e8        0     1                 
802016ec 802016ec        0     1                 
802016f0 802016f0        0     1                 
802016f0 802016f0        0     1                 
802016f4 802016f4        0     1                 
802016f6 802016f6        0     1                 
802016fa 802016fa        0     1                 
802016fa 802016fa        0     1                 
802016fe 802016fe        0     1                 
802016fe 802016fe        0     1                 
80201702 80201702        0     1                 
80201708 80201708        0     1                 
8020170a 8020170a        0     1                 
80201714 80201714        0     1                 
80201714 80201714        0     1                 
80201718 80201718        0     1                 
80201724 80201724        0     1                 
80201724 80201724        0     1                 
80201728 80201728        0     1                 .LBB6_2
80201728 80201728        0     1                 
80201734 80201734        0     1                 
80201742 80201742        0     1                 
80201742 80201742        0     1                 
80201746 80201746        0     1                 
8020174e 8020174e        0     1                 
8020174e 8020174e        0     1                 
80201752 80201752        0     1                 .LBB6_4
80201752 80201752        0     1                 
8020175e 8020175e        0     1                 
8020176c 8020176c        0     1                 
8020176c 8020176c        0     1                 
80201770 80201770        0     1                 
80201778 80201778        0     1                 
80201778 80201778        0     1                 
8020177c 8020177c        0     1                 .LBB6_6
8020177c 8020177c        0     1                 
80201788 80201788        0     1                 
80201796 80201796        0     1                 
80201796 80201796        0     1                 
8020179a 8020179a        0     1                 
802017a2 802017a2        0     1                 
802017a2 802017a2        0     1                 
802017a6 802017a6        0     1                 .LBB6_8
802017a6 802017a6        0     1                 
802017ac 802017ac        0     1                 
802017ac 802017ac        0     1                 
802017b0 802017b0        0     1                 
802017ba 802017ba        0     1                 
802017ba 802017ba        0     1                 
802017be 802017be        0     1                 .LBB6_10
802017be 802017be        0     1                 
802017c2 802017c2        0     1                 .LBB6_11
802017c4 802017c4        0     1                 .LBB6_12
802017c8 802017c8        0     1                 
802017ca 802017ca        0     1                 
802017cc 802017cc        0     1                 
802017ce 802017ce        0     1                 
802017d4 802017d4        0     1                 
802017d8 802017d8       d6     1                 resume_from_trap
802017d8 802017d8        0     1                 
802017d8 802017d8        0     1                 
802017d8 802017d8        0     1                 
802017d8 802017d8        0     1                 
802017d8 802017d8        0     1                 .Lpcrel_hi0
802017d8 802017d8        0     1                 
8020181a 8020181a        0     1                 .Ltmp0
80201822 80201822        0     1                 .Ltmp1
802018ae 802018ae        0     1                 
802018ae 802018ae        0     1                 
802018ae 802018ae        0     1                 
802018ae 802018ae        0     1                 
802018ae 802018ae        0     1                 
802018ae 802018ae      3aa     1                 proc_fork
802018ca 802018ca        0     1                 
802018d2 802018d2        0     1                 
802018d2 802018d2        0     1                 
802018d8 802018d8        0     1                 
802018dc 802018dc        0     1                 
802018de 802018de        0     1                 
802018de 802018de        0     1                 
802018ea 802018ea        0     1                 
802018ec 802018ec        0     1                 
802018ec 802018ec        0     1                 
802018f4 802018f4        0     1                 
802018f6 802018f6        0     1                 
802018f6 802018f6        0     1                 
80201906 80201906        0     1                 
80201908 80201908        0     1                 
80201908 80201908        0     1                 
80201910 80201910        0     1                 
80201912 80201912        0     1                 
80201912 80201912        0     1                 
80201924 80201924        0     1                 
80201926 80201926        0     1                 
80201926 80201926        0     1                 
80201930 80201930        0     1                 
80201932 80201932        0     1                 
80201932 80201932        0     1                 
80201934 80201934        0     1                 
80201934 80201934        0     1                 
80201944 80201944        0     1                 
80201946 80201946        0     1                 
80201946 80201946        0     1                 
80201950 80201950        0     1                 
80201954 80201954        0     1                 
80201954 80201954        0     1                 
80201958 80201958        0     1                 .LBB8_10
80201958 80201958        0     1                 
8020195a 8020195a        0     1                 
8020195e 8020195e        0     1                 .LBB8_11
8020195e 8020195e        0     1                 
80201960 80201960        0     1                 
80201964 80201964        0     1                 .LBB8_12
80201964 80201964        0     1                 
80201966 80201966        0     1                 
8020196a 8020196a        0     1                 .LBB8_13
8020196a 8020196a        0     1                 
8020196c 8020196c        0     1                 
80201970 80201970        0     1                 .LBB8_14
80201970 80201970        0     1                 
80201972 80201972        0     1                 
80201976 80201976        0     1                 .LBB8_15
80201976 80201976        0     1                 
80201978 80201978        0     1                 
8020197c 8020197c        0     1                 .LBB8_16
8020197e 8020197e        0     1                 .LBB8_17
80201984 80201984        0     1                 
80201988 80201988        0     1                 
8020198c 8020198c        0     1                 
8020198c 8020198c        0     1                 
80201992 80201992        0     1                 
80201992 80201992        0     1                 
80201996 80201996        0     1                 
80201996 80201996        0     1                 
802019a0 802019a0        0     1                 
802019a0 802019a0        0     1                 
802019a4 802019a4        0     1                 
802019aa 802019aa        0     1                 
802019ae 802019ae        0     1                 
802019b2 802019b2        0     1                 
802019b2 802019b2        0     1                 
802019b6 802019b6        0     1                 
802019b6 802019b6        0     1                 
802019ba 802019ba        0     1                 
802019be 802019be        0     1                 
802019c2 802019c2        0     1                 
802019c2 802019c2        0     1                 
802019c6 802019c6        0     1                 
802019ca 802019ca        0     1                 
802019ca 802019ca        0     1                 
802019ce 802019ce        0     1                 
802019d2 802019d2        0     1                 
802019da 802019da        0     1                 
802019de 802019de        0     1                 
802019ea 802019ea        0     1                 
802019ec 802019ec        0     1                 
802019ee 802019ee        0     1                 
802019f2 802019f2        0     1                 
802019f6 802019f6        0     1                 
802019fa 802019fa        0     1                 
802019fa 802019fa        0     1                 
802019fe 802019fe        0     1                 
80201a00 80201a00        0     1                 
80201a04 80201a04        0     1                 
80201a08 80201a08        0     1                 
80201a0e 80201a0e        0     1                 
80201a1c 80201a1c        0     1                 
80201a1e 80201a1e        0     1                 
80201a26 80201a26        0     1                 
80201a26 80201a26        0     1                 
80201a2a 80201a2a        0     1                 
80201a2e 80201a2e        0     1                 
80201a30 80201a30        0     1                 
80201a38 80201a38        0     1                 
80201a38 80201a38        0     1                 
80201a3c 80201a3c        0     1                 
80201a3e 80201a3e        0     1                 
80201a4a 80201a4a        0     1                 
80201a60 80201a60        0     1                 
80201a60 80201a60        0     1                 
80201a64 80201a64        0     1                 
80201a6a 80201a6a        0     1                 
80201a6a 80201a6a        0     1                 
80201a6e 80201a6e        0     1                 
80201a72 80201a72        0     1                 
80201a7a 80201a7a        0     1                 
80201a7e 80201a7e        0     1                 
80201a82 80201a82        0     1                 
80201a8c 80201a8c        0     1                 
80201a8e 80201a8e        0     1                 
80201a8e 80201a8e        0     1                 
80201a90 80201a90        0     1                 
80201a90 80201a90        0     1                 
80201aa6 80201aa6        0     1                 
80201aaa 80201aaa        0     1                 
80201aac 80201aac        0     1                 
80201aac 80201aac        0     1                 
80201ac0 80201ac0        0     1                 
80201ac0 80201ac0        0     1                 
80201ac2 80201ac2        0     1                 
80201ac2 80201ac2        0     1                 .LBB8_22
80201ac2 80201ac2        0     1                 
80201ac6 80201ac6        0     1                 
80201ac6 80201ac6        0     1                 
80201acc 80201acc        0     1                 
80201ace 80201ace        0     1                 
80201ad2 80201ad2        0     1                 .LBB8_23
80201ad2 80201ad2        0     1                 
80201ad2 80201ad2        0     1                 
80201adc 80201adc        0     1                 
80201ae0 80201ae0        0     1                 
80201ae2 80201ae2        0     1                 
80201ae6 80201ae6        0     1                 
80201aea 80201aea        0     1                 
80201aec 80201aec        0     1                 
80201aee 80201aee        0     1                 
80201aee 80201aee        0     1                 
80201af2 80201af2        0     1                 
80201af2 80201af2        0     1                 
80201af4 80201af4        0     1                 
80201af8 80201af8        0     1                 
80201afc 80201afc        0     1                 
80201b02 80201b02        0     1                 .LBB8_27
80201b02 80201b02        0     1                 
80201b06 80201b06        0     1                 
80201b08 80201b08        0     1                 
80201b0c 80201b0c        0     1                 .LBB8_28
80201b0c 80201b0c        0     1                 
80201b0c 80201b0c        0     1                 
80201b10 80201b10        0     1                 
80201b12 80201b12        0     1                 
80201b12 80201b12        0     1                 
80201b1c 80201b1c        0     1                 
80201b1c 80201b1c        0     1                 
80201b20 80201b20        0     1                 
80201b24 80201b24        0     1                 
80201b26 80201b26        0     1                 
80201b26 80201b26        0     1                 
80201b30 80201b30        0     1                 
80201b30 80201b30        0     1                 
80201b34 80201b34        0     1                 
80201b36 80201b36        0     1                 
80201b38 80201b38        0     1                 
80201b42 80201b42        0     1                 
80201b42 80201b42        0     1                 
80201b46 80201b46        0     1                 
80201b48 80201b48        0     1                 
80201b4c 80201b4c        0     1                 
80201b4c 80201b4c        0     1                 
80201b50 80201b50        0     1                 
80201b52 80201b52        0     1                 
80201b5a 80201b5a        0     1                 
80201b5a 80201b5a        0     1                 
80201b5e 80201b5e        0     1                 
80201b62 80201b62        0     1                 
80201b64 80201b64        0     1                 
80201b66 80201b66        0     1                 
80201b6a 80201b6a        0     1                 
80201b70 80201b70        0     1                 
80201b70 80201b70        0     1                 
80201b72 80201b72        0     1                 .LBB8_34
80201b72 80201b72        0     1                 
80201b72 80201b72        0     1                 
80201b7c 80201b7c        0     1                 
80201b7c 80201b7c        0     1                 
80201b84 80201b84        0     1                 .LBB8_35
80201b84 80201b84        0     1                 
80201b84 80201b84        0     1                 
80201b88 80201b88        0     1                 
80201b88 80201b88        0     1                 
80201b8e 80201b8e        0     1                 
80201b8e 80201b8e        0     1                 
80201b94 80201b94        0     1                 .LBB8_36
80201b94 80201b94        0     1                 
80201b94 80201b94        0     1                 
80201b98 80201b98        0     1                 
80201b98 80201b98        0     1                 
80201b9e 80201b9e        0     1                 .LBB8_37
80201b9e 80201b9e        0     1                 
80201b9e 80201b9e        0     1                 
80201ba2 80201ba2        0     1                 
80201ba2 80201ba2        0     1                 
80201ba4 80201ba4        0     1                 
80201bac 80201bac        0     1                 .LBB8_38
80201bac 80201bac        0     1                 
80201bac 80201bac        0     1                 
80201bae 80201bae        0     1                 
80201bb2 80201bb2        0     1                 .LBB8_39
80201bb2 80201bb2        0     1                 
80201bb2 80201bb2        0     1                 
80201bba 80201bba        0     1                 
[...]
    b4e8     b4e8      3ad     1         /tmp/event-776cb1.o:(.debug_info)
    b4e8     b4e8        0     1                 $d.5
    b895     b895      f7f     1         /tmp/virtio_input-0820a2.o:(.debug_info)
    b895     b895        0     1                 $d.7
    c814     c814      e69     1         /tmp/virtio_blk-8e2eec.o:(.debug_info)
    c814     c814        0     1                 $d.6
    d67d     d67d     1554     1         /tmp/virtio_gpu-c4b107.o:(.debug_info)
    d67d     d67d        0     1                 $d.6
    ebd1     ebd1      1c4     1         /tmp/printf-113f61.o:(.debug_info)
    ebd1     ebd1        0     1                 $d.4
    ed95     ed95      1fc     1         /tmp/string-7d1960.o:(.debug_info)
    ed95     ed95        0     1                 $d.3
       0        0     28da     1 .debug_str
       0        0     28da     1         <internal>:(.debug_str)
       0        0       42     1 .comment
       0        0       42     1         <internal>:(.comment)
       0        0       2b     1 .riscv.attributes
       0        0       2b     1         <internal>:(.riscv.attributes)
       0        0     10c4     4 .debug_frame
       0        0       5c     4         /tmp/main-130aec.o:(.debug_frame)
       0        0        0     1                 
       0        0        0     1                 $d.8
      5c       5c       44     4         /tmp/syscall-3c28f5.o:(.debug_frame)
      5c       5c        0     1                 
      5c       5c        0     1                 $d.9
      a0       a0       4c     4         /tmp/trap-4b285f.o:(.debug_frame)
      a0       a0        0     1                 
      a0       a0        0     1                 $d.11
      ec       ec       6c     4         /tmp/sbi-56c410.o:(.debug_frame)
      ec       ec        0     1                 
      ec       ec        0     1                 $d.10
     158      158      27c     4         /tmp/process-e71dfa.o:(.debug_frame)
     158      158        0     1                 
     158      158        0     1                 $d.10
     3d4      3d4       50     4         /tmp/waitq-158489.o:(.debug_frame)
     3d4      3d4        0     1                 
     3d4      3d4        0     1                 $d.7
     424      424       30     4         /tmp/sched-8e2cb6.o:(.debug_frame)
     424      424        0     1                 
     424      424        0     1                 $d.8
     454      454      1b4     4         /tmp/wm-d17590.o:(.debug_frame)
     454      454        0     1                 
     454      454        0     1                 $d.12
     608      608       f4     4         /tmp/fs-50c8a7.o:(.debug_frame)
     608      608        0     1                 
     608      608        0     1                 $d.11
     6fc      6fc      120     4         /tmp/ext4-283ae4.o:(.debug_frame)
     6fc      6fc        0     1                 
     6fc      6fc        0     1                 $d.10
     81c      81c       d4     4         /tmp/vm-6fb5c4.o:(.debug_frame)
     81c      81c        0     1                 
     81c      81c        0     1                 $d.9
     8f0      8f0       c0     4         /tmp/page_alloc-ac38dd.o:(.debug_frame)
     8f0      8f0        0     1                 
     8f0      8f0        0     1                 $d.11
     9b0      9b0      100     4         /tmp/user_init-91a75f.o:(.debug_frame)
     9b0      9b0        0     1                 
     9b0      9b0        0     1                 $d.12
     ab0      ab0       30     4         /tmp/user_img-2bcb01.o:(.debug_frame)
     ab0      ab0        0     1                 
     ab0      ab0        0     1                 $d.8
     ae0      ae0       7c     4         /tmp/user_fm-ab24e4.o:(.debug_frame)
     ae0      ae0        0     1                 
     ae0      ae0        0     1                 $d.9
     b5c      b5c      144     4         /tmp/user_util-1ebc1c.o:(.debug_frame)
     b5c      b5c        0     1                 
     b5c      b5c        0     1                 $d.9
     ca0      ca0       24     4         /tmp/trap_entry-8c9b10.o:(.debug_frame)
     ca0      ca0        0     1                 
     ca0      ca0        0     1                 $d.6
     cc4      cc4       24     4         /tmp/boot-9b7554.o:(.debug_frame)
     cc4      cc4        0     1                 
     cc4      cc4        0     1                 $d.6
     ce8      ce8       24     4         /tmp/context-08b577.o:(.debug_frame)
     ce8      ce8        0     1                 
     ce8      ce8        0     1                 $d.6
     d0c      d0c       44     4         /tmp/plic-2f729b.o:(.debug_frame)
     d0c      d0c        0     1                 
     d0c      d0c        0     1                 $d.7
     d50      d50       4c     4         /tmp/event-776cb1.o:(.debug_frame)
     d50      d50        0     1                 
     d50      d50        0     1                 $d.9
     d9c      d9c       90     4         /tmp/virtio_input-0820a2.o:(.debug_frame)
     d9c      d9c        0     1                 
     d9c      d9c        0     1                 $d.12
     e2c      e2c       74     4         /tmp/virtio_blk-8e2eec.o:(.debug_frame)
     e2c      e2c        0     1                 
     e2c      e2c        0     1                 $d.11
     ea0      ea0      17c     4         /tmp/virtio_gpu-c4b107.o:(.debug_frame)
     ea0      ea0        0     1                 
     ea0      ea0        0     1                 $d.11
    101c     101c       44     4         /tmp/printf-113f61.o:(.debug_frame)
    101c     101c        0     1                 
    101c     101c        0     1                 $d.9
    1060     1060       64     4         /tmp/string-7d1960.o:(.debug_frame)
    1060     1060        0     1                 
    1060     1060        0     1                 $d.7
       0        0     d691     1 .debug_line
       0        0      330     1         /tmp/main-130aec.o:(.debug_line)
       0        0        0     1                 .Lline_table_start0
       0        0        0     1                 $d.9
     330      330      742     1         /tmp/syscall-3c28f5.o:(.debug_line)
     330      330        0     1                 .Lline_table_start0
     330      330        0     1                 $d.10
     a72      a72      3f5     1         /tmp/trap-4b285f.o:(.debug_line)
     a72      a72        0     1                 .Lline_table_start0
     a72      a72        0     1                 $d.12
     e67      e67      178     1         /tmp/sbi-56c410.o:(.debug_line)
     e67      e67        0     1                 .Lline_table_start0
     e67      e67        0     1                 $d.11
     fdf      fdf     2243     1         /tmp/process-e71dfa.o:(.debug_line)
     fdf      fdf        0     1                 .Lline_table_start0
     fdf      fdf        0     1                 $d.11
    3222     3222      444     1         /tmp/waitq-158489.o:(.debug_line)
    3222     3222        0     1                 .Lline_table_start0
    3222     3222        0     1                 $d.8
    3666     3666      462     1         /tmp/sched-8e2cb6.o:(.debug_line)
    3666     3666        0     1                 .Lline_table_start0
    3666     3666        0     1                 $d.9
    3ac8     3ac8     237e     1         /tmp/wm-d17590.o:(.debug_line)
    3ac8     3ac8        0     1                 .Lline_table_start0
    3ac8     3ac8        0     1                 $d.13
    5e46     5e46      d0d     1         /tmp/fs-50c8a7.o:(.debug_line)
    5e46     5e46        0     1                 .Lline_table_start0
    5e46     5e46        0     1                 $d.12
    6b53     6b53      bd7     1         /tmp/ext4-283ae4.o:(.debug_line)
    6b53     6b53        0     1                 .Lline_table_start0
    6b53     6b53        0     1                 $d.11
    772a     772a      5f2     1         /tmp/vm-6fb5c4.o:(.debug_line)
    772a     772a        0     1                 .Lline_table_start0
    772a     772a        0     1                 $d.10
    7d1c     7d1c     11ea     1         /tmp/page_alloc-ac38dd.o:(.debug_line)
    7d1c     7d1c        0     1                 .Lline_table_start0
    7d1c     7d1c        0     1                 $d.12
    8f06     8f06      ea4     1         /tmp/user_init-91a75f.o:(.debug_line)
    8f06     8f06        0     1                 .Lline_table_start0
    8f06     8f06        0     1                 $d.13
    9daa     9daa       95     1         /tmp/user_img-2bcb01.o:(.debug_line)
    9daa     9daa        0     1                 .Lline_table_start0
    9daa     9daa        0     1                 $d.9
    9e3f     9e3f      24a     1         /tmp/user_fm-ab24e4.o:(.debug_line)
    9e3f     9e3f        0     1                 .Lline_table_start0
    9e3f     9e3f        0     1                 $d.10
    a089     a089      baa     1         /tmp/user_util-1ebc1c.o:(.debug_line)
    a089     a089        0     1                 .Lline_table_start0
    a089     a089        0     1                 $d.10
    ac33     ac33       53     1         /tmp/trap_entry-8c9b10.o:(.debug_line)
    ac33     ac33        0     1                 .Lline_table_start0
    ac33     ac33        0     1                 $d.7
    ac86     ac86       4d     1         /tmp/boot-9b7554.o:(.debug_line)
    ac86     ac86        0     1                 .Lline_table_start0
    ac86     ac86        0     1                 $d.7
    acd3     acd3       50     1         /tmp/context-08b577.o:(.debug_line)
    acd3     acd3        0     1                 .Lline_table_start0
    acd3     acd3        0     1                 $d.7
    ad23     ad23       d3     1         /tmp/plic-2f729b.o:(.debug_line)
    ad23     ad23        0     1                 .Lline_table_start0
    ad23     ad23        0     1                 $d.8
    adf6     adf6      305     1         /tmp/event-776cb1.o:(.debug_line)
    adf6     adf6        0     1                 .Lline_table_start0
    adf6     adf6        0     1                 $d.10
    b0fb     b0fb      9af     1         /tmp/virtio_input-0820a2.o:(.debug_line)
    b0fb     b0fb        0     1                 .Lline_table_start0
    b0fb     b0fb        0     1                 $d.13
    baaa     baaa      b4e     1         /tmp/virtio_blk-8e2eec.o:(.debug_line)
    baaa     baaa        0     1                 .Lline_table_start0
    baaa     baaa        0     1                 $d.12
    c5f8     c5f8      c50     1         /tmp/virtio_gpu-c4b107.o:(.debug_line)
    c5f8     c5f8        0     1                 .Lline_table_start0
    c5f8     c5f8        0     1                 $d.12
    d248     d248      269     1         /tmp/printf-113f61.o:(.debug_line)
    d248     d248        0     1                 .Lline_table_start0
    d248     d248        0     1                 $d.10
    d4b1     d4b1      1e0     1         /tmp/string-7d1960.o:(.debug_line)
    d4b1     d4b1        0     1                 .Lline_table_start0
    d4b1     d4b1        0     1                 $d.8
       0        0      d70     1 .debug_ranges
       0        0       18     1         /tmp/trap-4b285f.o:(.debug_ranges)
       0        0        0     1                 
       0        0        0     1                 $d.7
      18       18      2b8     1         /tmp/process-e71dfa.o:(.debug_ranges)
      18       18        0     1                 
      18       18        0     1                 $d.6
      30       30        0     1                 
      48       48        0     1                 
      60       60        0     1                 
      78       78        0     1                 
      90       90        0     1                 
      a8       a8        0     1                 
      c0       c0        0     1                 
      d8       d8        0     1                 
      f0       f0        0     1                 
     108      108        0     1                 
     120      120        0     1                 
     138      138        0     1                 
     150      150        0     1                 
     168      168        0     1                 
     180      180        0     1                 
     198      198        0     1                 
     1b0      1b0        0     1                 
     1c8      1c8        0     1                 
     1e0      1e0        0     1                 
     1f8      1f8        0     1                 
     210      210        0     1                 
     228      228        0     1                 
     240      240        0     1                 
     260      260        0     1                 
     280      280        0     1                 
     298      298        0     1                 
     2b0      2b0        0     1                 
     2d0      2d0       48     1         /tmp/sched-8e2cb6.o:(.debug_ranges)
     2d0      2d0        0     1                 
     2d0      2d0        0     1                 $d.4
     318      318      198     1         /tmp/wm-d17590.o:(.debug_ranges)
     318      318        0     1                 
     318      318        0     1                 $d.8
     330      330        0     1                 
     348      348        0     1                 
     368      368        0     1                 
     388      388        0     1                 
     3a0      3a0        0     1                 
     3b8      3b8        0     1                 
     3d8      3d8        0     1                 
     3f8      3f8        0     1                 
     410      410        0     1                 
     430      430        0     1                 
     450      450        0     1                 
     468      468        0     1                 
     480      480        0     1                 
     498      498        0     1                 
     4b0      4b0       f0     1         /tmp/fs-50c8a7.o:(.debug_ranges)
     4b0      4b0        0     1                 
     4b0      4b0        0     1                 $d.7
     4c8      4c8        0     1                 
     4e0      4e0        0     1                 
     4f8      4f8        0     1                 
     510      510        0     1                 
     528      528        0     1                 
     540      540        0     1                 
     558      558        0     1                 
     570      570        0     1                 
     588      588        0     1                 
     5a0      5a0      138     1         /tmp/ext4-283ae4.o:(.debug_ranges)
     5a0      5a0        0     1                 
     5a0      5a0        0     1                 $d.6
     5b8      5b8        0     1                 
     5d0      5d0        0     1                 
     5e8      5e8        0     1                 
     600      600        0     1                 
     618      618        0     1                 
     630      630        0     1                 
     648      648        0     1                 
     660      660        0     1                 
     678      678        0     1                 
     690      690        0     1                 
     6a8      6a8        0     1                 
     6c0      6c0        0     1                 
     6d8      6d8       90     1         /tmp/vm-6fb5c4.o:(.debug_ranges)
     6d8      6d8        0     1                 
     6d8      6d8        0     1                 $d.5
     708      708        0     1                 
     738      738        0     1                 
     768      768      1d8     1         /tmp/page_alloc-ac38dd.o:(.debug_ranges)
     768      768        0     1                 
     768      768        0     1                 $d.7
     780      780        0     1                 
     798      798        0     1                 
     7b0      7b0        0     1                 
     7c8      7c8        0     1                 
     7e0      7e0        0     1                 
     7f8      7f8        0     1                 
     810      810        0     1                 
     828      828        0     1                 
     840      840        0     1                 
     858      858        0     1                 
     880      880        0     1                 
     898      898        0     1                 
     8b0      8b0        0     1                 
     8c8      8c8        0     1                 
     8e0      8e0        0     1                 
     8f8      8f8        0     1                 
     910      910        0     1                 
     928      928        0     1                 
     940      940      120     1         /tmp/user_init-91a75f.o:(.debug_ranges)
     940      940        0     1                 
     940      940        0     1                 $d.8
     958      958        0     1                 
     970      970        0     1                 
     988      988        0     1                 
     9a0      9a0        0     1                 
     9b8      9b8        0     1                 
     9d0      9d0        0     1                 
     9e8      9e8        0     1                 
     a00      a00        0     1                 
     a18      a18        0     1                 
     a30      a30        0     1                 
     a48      a48        0     1                 
     a60      a60       18     1         /tmp/user_fm-ab24e4.o:(.debug_ranges)
     a60      a60        0     1                 
     a60      a60        0     1                 $d.5
     a78      a78       68     1         /tmp/user_util-1ebc1c.o:(.debug_ranges)
     a78      a78        0     1                 
     a78      a78        0     1                 $d.5
     a90      a90        0     1                 
     aa8      aa8        0     1                 
     ac8      ac8        0     1                 
     ae0      ae0      170     1         /tmp/virtio_input-0820a2.o:(.debug_ranges)
     ae0      ae0        0     1                 
     ae0      ae0        0     1                 $d.8
     af8      af8        0     1                 
     b28      b28        0     1                 
     b40      b40        0     1                 
     b58      b58        0     1                 
     b90      b90        0     1                 
     ba8      ba8        0     1                 
     bc0      bc0        0     1                 
     c08      c08        0     1                 
     c20      c20        0     1                 
     c38      c38        0     1                 
     c50      c50       c0     1         /tmp/virtio_blk-8e2eec.o:(.debug_ranges)
     c50      c50        0     1                 
     c50      c50        0     1                 $d.7
     c68      c68        0     1                 
     c80      c80        0     1                 
     c98      c98        0     1                 
     cb0      cb0        0     1                 
     cc8      cc8        0     1                 
     ce0      ce0        0     1                 
     cf8      cf8        0     1                 
     d10      d10       48     1         /tmp/virtio_gpu-c4b107.o:(.debug_ranges)
     d10      d10        0     1                 
     d10      d10        0     1                 $d.7
     d28      d28        0     1                 
     d40      d40        0     1                 
     d58      d58       18     1         /tmp/printf-113f61.o:(.debug_ranges)
     d58      d58        0     1                 
     d58      d58        0     1                 $d.5
       0        0    357a0     4 .symtab
       0        0    357a0     4         <internal>:(.symtab)
       0        0       ad     1 .shstrtab
       0        0       ad     1         <internal>:(.shstrtab)
       0        0     1424     1 .strtab
       0        0     1424     1         <internal>:(.strtab)
